D/StatusBarManagerService(  915): manageDisableList userId=0 what=0x0 pkg=WindowManager.LayoutParams
D/ConnectivityService(  915): returning getNetworkInfo(networkType - 1) :[type: WIFI[] - WIFI, state: CONNECTED/CONNECTED, reason: (unspecified), extra: "CU_d24p", roaming: false, failover: false, isAvailable: true, isConnectedToProvisioningNetwork: false]
D/ResourcesManager(13314): creating new AssetManager and set to /data/app/com.example.listviewtest-1/base.apk
I/InputDispatcher(  915): Dropping event because there is no touchable window at (346, 1593).
W/InputManager(  915): Input event injection from pid 13300 failed.
W/InputManager(  915): Input event injection from pid 13300 failed.
D/ResourcesManager(13314): creating new AssetManager and set to /data/app/com.example.listviewtest-1/base.apk
D/InputDispatcher(  915): Waiting for application to become ready for input: xxxx Reason: Waiting because no window has focus but there is a focused application that may eventually add a window when it finishes starting up.
W/art     (13314): Before Android 4.1, method android.graphics.PorterDuffColorFilter androidx.vectordrawable.graphics.drawable.VectorDrawableCompat.updateTintFilter(android.graphics.PorterDuffColorFilter, android.content.res.ColorStateList, android.graphics.PorterDuff$Mode) would have incorrectly overridden the package-private method in android.graphics.drawable.Drawable
I/art     (13314): Rejecting re-init on previously-failed class java.lang.Class<androidx.core.view.ViewCompat$2>
I/art     (13314): Rejecting re-init on previously-failed class java.lang.Class<androidx.core.view.ViewCompat$2>
D/AbsListView(13314): Get MotionRecognitionManager
D/MotionRecognitionService(  915):  ssp status : true
D/Activity(13314): performCreate Call secproduct feature valuefalse
D/Activity(13314): performCreate Call debug elastic valuetrue
I/SurfaceFlinger(  257): id=443 Removed NainActivit (4/8)
I/SurfaceFlinger(  257): id=443 Removed NainActivit (-2/8)
D/OpenGLRenderer(13314): Render dirty regions requested: true
D/Atlas   (13314): Validating map...
D/ActivityManager(  915): post active user change for 0
D/KnoxTimeoutHandler(  915): postActiveUserChange for user 0
D/KnoxTimeoutHandler(  915): handleActiveUserChange for user 0
I/SurfaceFlinger(  257): id=445 createSurf (1x1),1 flag=404, NainActivit
D/PointerIcon(  915): setMouseIconStyle1 pointerType: 1001iconType:101 flag:0
D/PointerIcon(  915): setMouseCustomIcon IconType is same.101
D/PointerIcon(  915): setHoveringSpenIconStyle1 pointerType: 10001iconType:1 flag:0
D/PointerIcon(  915): setHoveringSpenCustomIcon IconType is same.1
I/InputDispatcher(  915): Delivering touch to (1183): action: 0x4, toolType: 0
I/InputDispatcher(  915): Delivering touch to (13314): action: 0x0, toolType: 0
I/InputDispatcher(  915): Delivering touch to (13314): action: 0x1, toolType: 0
I/Adreno-EGL(13314): <qeglDrvAPI_eglInitialize:410>: EGL 1.4 QUALCOMM build: AU_LINUX_ANDROID_LA.BF.1.1_RB1.05.00.00.002.025_msm8974_LA.BF.1.1_RB1__release_AU ()
I/Adreno-EGL(13314): OpenGL ES Shader Compiler Version: E031.25.01.03
I/Adreno-EGL(13314): Build Date: 11/19/14 Wed
I/Adreno-EGL(13314): Local Branch: mybranch5813579
I/Adreno-EGL(13314): Remote Branch: quic/LA.BF.1.1_rb1.11
I/Adreno-EGL(13314): Local Patches: NONE
I/Adreno-EGL(13314): Reconstruct Branch: AU_LINUX_ANDROID_LA.BF.1.1_RB1.05.00.00.002.025 + 30e7589 +  NOTHING
I/OpenGLRenderer(13314): Initialized EGL, version 1.4
I/OpenGLRenderer(13314): HWUI protection enabled for context ,  &this =0xafc22088 ,&mEglDisplay = 1 , &mEglConfig = 8 
D/OpenGLRenderer(13314): Enabling debug mode 0
V/BitmapFactory(13314): DecodeImagePath(decodeResourceStream3) : res/drawable/adv01.jpg
V/BitmapFactory(13314): DecodeImagePath(decodeResourceStream3) : res/drawable/adv02.jpg
D/ViewRootImpl(13314): ViewPostImeInputStage ACTION_DOWN
W/ViewRootImpl(13314): Dropping event due to no window focus
I/InputDispatcher(  915): Delivering touch to (1183): action: 0x4, toolType: 0
I/InputDispatcher(  915): Delivering touch to (13314): action: 0x0, toolType: 0
I/InputDispatcher(  915): Delivering touch to (13314): action: 0x1, toolType: 0
D/ViewRootImpl(13314): ViewPostImeInputStage ACTION_DOWN
D/InputMethodManagerService(  915): windowGainedFocus mCurrentFocusedUserId - 0 and mSecureKeypadEnabled-false
W/ContextImpl(  915): Calling a method in the system process without a qualified user: android.app.ContextImpl.sendBroadcast:1699 com.android.server.InputMethodManagerService$6.run:2733 java.lang.Thread.run:818 <bottom of call stack> <bottom of call stack> 
I/ActivityManager(  915): Displayed com.example.listviewtest/.MainActivity: +1s204ms
I/Timeline(  915): Timeline: Activity_windows_visible id: ActivityRecord{1f77d0e u0 com.example.listviewtest/.MainActivity t1508} time:2166425
W/ActivityManager(  915): mDVFSHelper.release()
W/ActivityManager(  915): getRunningAppProcesses: caller 10217 does not hold REAL_GET_TASKS; limiting output
I/InputDispatcher(  915): Delivering touch to (1183): action: 0x4, toolType: 0
I/InputDispatcher(  915): Delivering touch to (13314): action: 0x0, toolType: 0
I/InputDispatcher(  915): Delivering touch to (13314): action: 0x1, toolType: 0
I/art     (  915): Explicit concurrent mark sweep GC freed 144846(7MB) AllocSpace objects, 100(6MB) LOS objects, 28% free, 40MB/56MB, paused 1.965ms total 191.366ms
D/SamsungIME( 1752): onFinishInput begin
D/SamsungIME( 1752): onFinishInput end
D/SamsungIME( 1752): onStartInput  ccontentType: 0 Restarting:false
D/ViewRootImpl(13314): ViewPostImeInputStage ACTION_DOWN
E/SimeSkbManager( 1752): config keyboard type error...
I/Timeline(13314): Timeline: Activity_idle id: android.os.BinderProxy@21414 time:2166619
I/SurfaceFlinger(  257): id=444 Removed mistviewtes (6/8)
I/SurfaceFlinger(  257): id=444 Removed mistviewtes (-2/8)
V/ActivityThread(11137): updateVisibility : ActivityRecord{3cff0a03 token=android.os.BinderProxy@280fb977 {com.example.helloworld/com.example.helloworld.MainActivity}} show : false
I/InputDispatcher(  915): Delivering touch to (1183): action: 0x4, toolType: 0
I/InputDispatcher(  915): Delivering touch to (13314): action: 0x0, toolType: 0
D/ViewRootImpl(13314): ViewPostImeInputStage ACTION_DOWN
I/InputDispatcher(  915): Delivering touch to (13314): action: 0x1, toolType: 0
I/SurfaceFlinger(  257): id=446 createSurf (1x1),1 flag=4, Uoast
D/PowerManagerService(  915): [api] acquire WakeLock flags=0x2000000a tag=WindowManager uid=1000 pid=915
V/RenderScript(13314): Application requested CPU execution
V/RenderScript(13314): 0xaf951c00 Launching thread(s), CPUs 4
I/InputDispatcher(  915): Delivering touch to (13314): action: 0x4, toolType: 0
I/InputDispatcher(  915): Delivering touch to (1183): action: 0x4, toolType: 0
I/InputDispatcher(  915): Delivering touch to (13314): action: 0x0, toolType: 0
I/InputDispatcher(  915): Delivering touch to (13314): action: 0x1, toolType: 0
D/ViewRootImpl(13314): ViewPostImeInputStage ACTION_DOWN
I/NotificationService(  915): cancelToast pkg=com.example.listviewtest callback=android.app.ITransientNotification$Stub$Proxy@244da53b
D/PowerManagerService(  915): [api] [s] userActivity : event: 0 flags: 0 (uid: 1000 pid: 915) eventTime = 2166832
D/PowerManagerService(  915): [api] release WakeLock flags=0x2000000a tag=WindowManager uid=1000 pid=915 (0x0)
D/PowerManagerService(  915): [api] applyWakeLockFlagsOnReleaseLocked : userActivityNoUpdateLocked is called : SCREEN_BRIGHT_WAKE_LOCK        'WindowManager' ON_AFTER_RELEASE (uid=1000, pid=915, ws=WorkSource{10205}) (elapsedTime=80)
I/SurfaceFlinger(  257): id=447 createSurf (1x1),1 flag=4, Uoast
D/PowerManagerService(  915): [api] acquire WakeLock flags=0x2000000a tag=WindowManager uid=1000 pid=915
I/InputDispatcher(  915): Delivering touch to (13314): action: 0x4, toolType: 0
I/InputDispatcher(  915): Delivering touch to (1183): action: 0x4, toolType: 0
I/InputDispatcher(  915): Delivering touch to (13314): action: 0x0, toolType: 0
I/InputDispatcher(  915): Delivering touch to (13314): action: 0x1, toolType: 0
D/ViewRootImpl(13314): ViewPostImeInputStage ACTION_DOWN
I/NotificationService(  915): cancelToast pkg=com.example.listviewtest callback=android.app.ITransientNotification$Stub$Proxy@1dbe8e04
D/PowerManagerService(  915): [api] [s] userActivity : event: 0 flags: 0 (uid: 1000 pid: 915) eventTime = 2167000
D/PowerManagerService(  915): [api] release WakeLock flags=0x2000000a tag=WindowManager uid=1000 pid=915 (0x0)
D/PowerManagerService(  915): [api] applyWakeLockFlagsOnReleaseLocked : userActivityNoUpdateLocked is called : SCREEN_BRIGHT_WAKE_LOCK        'WindowManager' ON_AFTER_RELEASE (uid=1000, pid=915, ws=WorkSource{10205}) (elapsedTime=65)
I/SurfaceFlinger(  257): id=448 createSurf (1x1),1 flag=4, Uoast
D/PowerManagerService(  915): [api] acquire WakeLock flags=0x2000000a tag=WindowManager uid=1000 pid=915
I/InputDispatcher(  915): Delivering touch to (13314): action: 0x4, toolType: 0
I/InputDispatcher(  915): Delivering touch to (1183): action: 0x4, toolType: 0
I/InputDispatcher(  915): Delivering touch to (13314): action: 0x0, toolType: 0
I/InputDispatcher(  915): Delivering touch to (13314): action: 0x1, toolType: 0
D/ViewRootImpl(13314): ViewPostImeInputStage ACTION_DOWN
I/NotificationService(  915): cancelToast pkg=com.example.listviewtest callback=android.app.ITransientNotification$Stub$Proxy@36fd80b3
D/PowerManagerService(  915): [api] [s] userActivity : event: 0 flags: 0 (uid: 1000 pid: 915) eventTime = 2167143
D/PowerManagerService(  915): [api] release WakeLock flags=0x2000000a tag=WindowManager uid=1000 pid=915 (0x0)
D/PowerManagerService(  915): [api] applyWakeLockFlagsOnReleaseLocked : userActivityNoUpdateLocked is called : SCREEN_BRIGHT_WAKE_LOCK        'WindowManager' ON_AFTER_RELEASE (uid=1000, pid=915, ws=WorkSource{10205}) (elapsedTime=60)
I/SurfaceFlinger(  257): id=449 createSurf (1x1),1 flag=4, Uoast
D/PowerManagerService(  915): [api] acquire WakeLock flags=0x2000000a tag=WindowManager uid=1000 pid=915
I/InputDispatcher(  915): Delivering touch to (13314): action: 0x4, toolType: 0
I/InputDispatcher(  915): Delivering touch to (1183): action: 0x4, toolType: 0
I/InputDispatcher(  915): Delivering touch to (13314): action: 0x0, toolType: 0
I/InputDispatcher(  915): Delivering touch to (13314): action: 0x1, toolType: 0
D/ViewRootImpl(13314): ViewPostImeInputStage ACTION_DOWN
I/NotificationService(  915): cancelToast pkg=com.example.listviewtest callback=android.app.ITransientNotification$Stub$Proxy@a2a9a6e
D/PowerManagerService(  915): [api] [s] userActivity : event: 0 flags: 0 (uid: 1000 pid: 915) eventTime = 2167322
D/PowerManagerService(  915): [api] release WakeLock flags=0x2000000a tag=WindowManager uid=1000 pid=915 (0x0)
D/PowerManagerService(  915): [api] applyWakeLockFlagsOnReleaseLocked : userActivityNoUpdateLocked is called : SCREEN_BRIGHT_WAKE_LOCK        'WindowManager' ON_AFTER_RELEASE (uid=1000, pid=915, ws=WorkSource{10205}) (elapsedTime=73)
I/SurfaceFlinger(  257): id=450 createSurf (1x1),1 flag=4, Uoast
I/SurfaceFlinger(  257): id=446 Removed Uoast (8/12)
I/SurfaceFlinger(  257): id=446 Removed Uoast (-2/12)
D/PowerManagerService(  915): [api] acquire WakeLock flags=0x2000000a tag=WindowManager uid=1000 pid=915
I/InputDispatcher(  915): Delivering touch to (13314): action: 0x4, toolType: 0
I/InputDispatcher(  915): Delivering touch to (1183): action: 0x4, toolType: 0
I/InputDispatcher(  915): Delivering touch to (13314): action: 0x0, toolType: 0
I/InputDispatcher(  915): Delivering touch to (13314): action: 0x1, toolType: 0
I/NotificationService(  915): cancelToast pkg=com.example.listviewtest callback=android.app.ITransientNotification$Stub$Proxy@8421fa5
D/ViewRootImpl(13314): ViewPostImeInputStage ACTION_DOWN
D/PowerManagerService(  915): [api] [s] userActivity : event: 0 flags: 0 (uid: 1000 pid: 915) eventTime = 2167445
D/PowerManagerService(  915): [api] release WakeLock flags=0x2000000a tag=WindowManager uid=1000 pid=915 (0x0)
D/PowerManagerService(  915): [api] applyWakeLockFlagsOnReleaseLocked : userActivityNoUpdateLocked is called : SCREEN_BRIGHT_WAKE_LOCK        'WindowManager' ON_AFTER_RELEASE (uid=1000, pid=915, ws=WorkSource{10205}) (elapsedTime=61)
I/SurfaceFlinger(  257): id=451 createSurf (1x1),1 flag=4, Uoast
I/SurfaceFlinger(  257): id=447 Removed Uoast (8/12)
I/SurfaceFlinger(  257): id=447 Removed Uoast (-2/12)
D/PowerManagerService(  915): [api] acquire WakeLock flags=0x2000000a tag=WindowManager uid=1000 pid=915
I/InputDispatcher(  915): Delivering touch to (13314): action: 0x4, toolType: 0
I/InputDispatcher(  915): Delivering touch to (1183): action: 0x0, toolType: 0
D/ViewRootImpl( 1183): ViewPostImeInputStage ACTION_DOWN
I/InputDispatcher(  915): Delivering touch to (1183): action: 0x1, toolType: 0
D/PhoneStatusBar( 1183): makeExpandedVisible:false
D/StatusBar-Window( 1183): fnf=false sanc=false, kni=false, sbf=true
D/CoverUI ( 1183): applyFocusableFlag() : Remove SAMSUNG_FLAG_SVIEW_COVER
V/Vibrator(  915): Called cancel() API - PUID: 1000, PackageName: android
D/VibratorService(  915): Turning vibrator off - ImmVibe.
I/NotificationService(  915): cancelToast pkg=com.example.listviewtest callback=android.app.ITransientNotification$Stub$Proxy@92b388
D/SecContentProvider2(  915): uri = 14 selection = getSealedState
D/SecContentProvider2(  915): mCursor = null
D/PhoneStatusBar( 1183): disable: < expand icons alerts system_info back home recent clock search >
D/SecContentProvider2(  915): uri = 14 selection = getSealedState
D/SecContentProvider2(  915): mCursor = null
D/SecContentProvider2(  915): uri = 14 selection = getSealedState
D/SecContentProvider2(  915): mCursor = null
D/SecContentProvider2(  915): uri = 14 selection = getSealedState
D/SecContentProvider2(  915): mCursor = null
D/StatusBar-DoNotDistrub( 1183): isDisableAlert isDormantModeOn:false isNotificationDisabled:true
D/PowerManagerService(  915): [api] [s] userActivity : event: 0 flags: 0 (uid: 1000 pid: 915) eventTime = 2167618
D/PowerManagerService(  915): [api] release WakeLock flags=0x2000000a tag=WindowManager uid=1000 pid=915 (0x0)
D/PowerManagerService(  915): [api] applyWakeLockFlagsOnReleaseLocked : userActivityNoUpdateLocked is called : SCREEN_BRIGHT_WAKE_LOCK        'WindowManager' ON_AFTER_RELEASE (uid=1000, pid=915, ws=WorkSource{10205}) (elapsedTime=68)
D/StatusBarManagerService(  915): manageDisableList userId=0 what=0x0 pkg=WindowManager.LayoutParams
D/PointerIcon(  915): setMouseIconStyle1 pointerType: 1001iconType:101 flag:0
D/PointerIcon(  915): setMouseCustomIcon IconType is same.101
D/PointerIcon(  915): setHoveringSpenIconStyle1 pointerType: 10001iconType:1 flag:0
D/PointerIcon(  915): setHoveringSpenCustomIcon IconType is same.1
D/WaterColor_Keyguard( 1183): onWindowFocusChanged - true
D/QSpanel ( 1183): label top:23
D/StatusBar-QSPanel( 1183): onLayout left:0 top:0 record.row:0
D/QSpanel ( 1183): label top:23
D/StatusBar-QSPanel( 1183): onLayout left:206 top:0 record.row:0
D/QSpanel ( 1183): label top:0
D/StatusBar-QSPanel( 1183): onLayout left:412 top:0 record.row:0
D/QSpanel ( 1183): label top:23
D/StatusBar-QSPanel( 1183): onLayout left:618 top:0 record.row:0
D/QSpanel ( 1183): label top:0
D/StatusBar-QSPanel( 1183): onLayout left:824 top:0 record.row:0
D/QSpanel ( 1183): label top:23
D/StatusBar-QSPanel( 1183): onLayout left:1030 top:0 record.row:0
D/QSpanel ( 1183): label top:0
D/StatusBar-QSPanel( 1183): onLayout left:1236 top:0 record.row:0
D/QSpanel ( 1183): label top:23
D/StatusBar-QSPanel( 1183): onLayout left:1442 top:0 record.row:0
D/QSpanel ( 1183): label top:0
D/StatusBar-QSPanel( 1183): onLayout left:1648 top:0 record.row:0
D/QSpanel ( 1183): label top:0
D/StatusBar-QSPanel( 1183): onLayout left:1854 top:0 record.row:0
I/SurfaceFlinger(  257): id=448 Removed Uoast (8/11)
I/SurfaceFlinger(  257): id=448 Removed Uoast (-2/11)
I/InputDispatcher(  915): Delivering touch to (1183): action: 0x0, toolType: 0
D/ViewRootImpl( 1183): ViewPostImeInputStage ACTION_DOWN
I/InputDispatcher(  915): Delivering touch to (1183): action: 0x1, toolType: 0
D/ActivityManager(  915): isDeviceAdminActiveApp false :tv.peel.samsung.app
D/ActivityManager(  915): isAutoRunBlockedApp:: tv.peel.samsung.app, Auto Run ON
D/SSRM:a  (  915): DeviceInfo:: 000000100000
D/SSRM:a  (  915): SettingsAirViewInfo:: 010100000
D/PhoneStatusBar( 1183): makeExpandedInvisible: mExpandedVisible=true mExpandedVisible=true
D/StatusBar-QSPanel( 1183): setSingleLine:true
D/ActivityManager(  915): startService callerProcessName:tv.peel.samsung.app, calleePkgName: tv.peel.samsung.app
D/ActivityManager(  915): caller:android.app.ApplicationThreadProxy@145a1121, r.packageName :tv.peel.samsung.app
D/tv.peel.samsung.widget.NotiRemoteService( 6368): action com.peel.widget.notification.HIDE_UI
D/StatusBar-QSPanel( 1183): updateButtonInfo mButtonWidth : 206 mColumns:5 orien: 1 displayWidth:1032
D/StatusBar-QSPanel( 1183): setSingleLine height:0
D/PhoneStatusBar( 1183): updateQSpanelHeight: 279 height:279
D/PanelView( 1183): flingSettings mQsMin:393 mQsMax:393 mQsEx:393.0mQsPeek:279
I/PhoneStatusBar( 1183): Icon Only
I/StatusBar( 1183): Icon Only
D/STATUSBAR-PhoneStatusBar( 1183):  mBrightnessEnablebySettings = true mBrightnessEnablebyBattery = true mBrightnessEnablebyDisableFlag = true mPmsBrightnessEnablebySettings = true
D/STATUSBAR-PhoneStatusBar( 1183): showHideQConnectLayout userID : 0 emMode:false mQconnectEnable:true QconnectService:true
D/PanelView( 1183): There is/are notification(s) 
D/StatusBar-Window( 1183): fnf=true sanc=false, kni=false, sbf=false
D/CoverUI ( 1183): applyFocusableFlag() : Remove SAMSUNG_FLAG_SVIEW_COVER
I/SurfaceFlinger(  257): id=449 Removed Uoast (8/10)
D/SecContentProvider2(  915): uri = 14 selection = getSealedState
D/SecContentProvider2(  915): mCursor = null
I/SurfaceFlinger(  257): id=449 Removed Uoast (-2/10)
D/PhoneStatusBar( 1183): disable: < expand icons alerts system_info back home recent clock search >
D/SecContentProvider2(  915): uri = 14 selection = getSealedState
D/SecContentProvider2(  915): mCursor = null
D/SecContentProvider2(  915): uri = 14 selection = getSealedState
D/SecContentProvider2(  915): mCursor = null
D/SecContentProvider2(  915): uri = 14 selection = getSealedState
D/SecContentProvider2(  915): mCursor = null
D/StatusBar-DoNotDistrub( 1183): isDisableAlert isDormantModeOn:false isNotificationDisabled:true
D/StatusBarManagerService(  915): manageDisableList userId=0 what=0x0 pkg=WindowManager.LayoutParams
I/InputDispatcher(  915): Delivering touch to (1183): action: 0x0, toolType: 0
I/InputDispatcher(  915): Delivering touch to (1183): action: 0x1, toolType: 0
D/PointerIcon(  915): setMouseIconStyle1 pointerType: 1001iconType:101 flag:0
D/PointerIcon(  915): setMouseCustomIcon IconType is same.101
D/PointerIcon(  915): setHoveringSpenIconStyle1 pointerType: 10001iconType:1 flag:0
D/PointerIcon(  915): setHoveringSpenCustomIcon IconType is same.1
D/InputMethodManagerService(  915): windowGainedFocus mCurrentFocusedUserId - 0 and mSecureKeypadEnabled-false
W/InputMethodManagerService(  915): Window already focused, ignoring focus gain of: com.android.internal.view.IInputMethodClient$Stub$Proxy@3c178946 attribute=null, token = android.os.BinderProxy@b485472
D/ViewRootImpl( 1183): ViewPostImeInputStage ACTION_DOWN
D/WaterColor_Keyguard( 1183): onWindowFocusChanged - false
I/SurfaceFlinger(  257): id=450 Removed Uoast (8/9)
I/SurfaceFlinger(  257): id=450 Removed Uoast (-2/9)
I/InputDispatcher(  915): Delivering touch to (1183): action: 0x4, toolType: 0
I/InputDispatcher(  915): Delivering touch to (13314): action: 0x0, toolType: 0
D/ViewRootImpl(13314): ViewPostImeInputStage ACTION_DOWN
I/InputDispatcher(  915): Delivering touch to (13314): action: 0x1, toolType: 0
I/SurfaceFlinger(  257): id=452 createSurf (1x1),1 flag=4, Uoast
I/SurfaceFlinger(  257): id=451 Removed Uoast (8/9)
I/SurfaceFlinger(  257): id=451 Removed Uoast (-2/9)
D/PowerManagerService(  915): [api] acquire WakeLock flags=0x2000000a tag=WindowManager uid=1000 pid=915
I/InputDispatcher(  915): Delivering touch to (13314): action: 0x4, toolType: 0
I/InputDispatcher(  915): Delivering touch to (1183): action: 0x4, toolType: 0
I/InputDispatcher(  915): Delivering touch to (13314): action: 0x0, toolType: 0
I/InputDispatcher(  915): Delivering touch to (13314): action: 0x1, toolType: 0
E/SMD     (  291): DCD ON
I/NotificationService(  915): cancelToast pkg=com.example.listviewtest callback=android.app.ITransientNotification$Stub$Proxy@33a59e5d
D/ViewRootImpl(13314): ViewPostImeInputStage ACTION_DOWN
D/PowerManagerService(  915): [api] [s] userActivity : event: 0 flags: 0 (uid: 1000 pid: 915) eventTime = 2168281
D/PowerManagerService(  915): [api] release WakeLock flags=0x2000000a tag=WindowManager uid=1000 pid=915 (0x0)
D/PowerManagerService(  915): [api] applyWakeLockFlagsOnReleaseLocked : userActivityNoUpdateLocked is called : SCREEN_BRIGHT_WAKE_LOCK        'WindowManager' ON_AFTER_RELEASE (uid=1000, pid=915, ws=WorkSource{10205}) (elapsedTime=87)
I/SurfaceFlinger(  257): id=453 createSurf (1x1),1 flag=4, Uoast
D/PowerManagerService(  915): [api] acquire WakeLock flags=0x2000000a tag=WindowManager uid=1000 pid=915
I/InputDispatcher(  915): Delivering touch to (13314): action: 0x4, toolType: 0
I/InputDispatcher(  915): Delivering touch to (1183): action: 0x4, toolType: 0
I/InputDispatcher(  915): Delivering touch to (13314): action: 0x0, toolType: 0
I/NotificationService(  915): cancelToast pkg=com.example.listviewtest callback=android.app.ITransientNotification$Stub$Proxy@1ed26ba0
D/ViewRootImpl(13314): ViewPostImeInputStage ACTION_DOWN
I/InputDispatcher(  915): Delivering touch to (13314): action: 0x1, toolType: 0
D/PowerManagerService(  915): [api] [s] userActivity : event: 0 flags: 0 (uid: 1000 pid: 915) eventTime = 2168430
D/PowerManagerService(  915): [api] release WakeLock flags=0x2000000a tag=WindowManager uid=1000 pid=915 (0x0)
D/PowerManagerService(  915): [api] applyWakeLockFlagsOnReleaseLocked : userActivityNoUpdateLocked is called : SCREEN_BRIGHT_WAKE_LOCK        'WindowManager' ON_AFTER_RELEASE (uid=1000, pid=915, ws=WorkSource{10205}) (elapsedTime=87)
I/SurfaceFlinger(  257): id=454 createSurf (1x1),1 flag=4, Uoast
D/PowerManagerService(  915): [api] acquire WakeLock flags=0x2000000a tag=WindowManager uid=1000 pid=915
I/InputDispatcher(  915): Delivering touch to (13314): action: 0x4, toolType: 0
I/InputDispatcher(  915): Delivering touch to (1183): action: 0x4, toolType: 0
I/InputDispatcher(  915): Delivering touch to (13314): action: 0x0, toolType: 0
I/InputDispatcher(  915): Delivering touch to (13314): action: 0x1, toolType: 0
I/NotificationService(  915): cancelToast pkg=com.example.listviewtest callback=android.app.ITransientNotification$Stub$Proxy@5f3bfff
D/ViewRootImpl(13314): ViewPostImeInputStage ACTION_DOWN
D/PowerManagerService(  915): [api] [s] userActivity : event: 0 flags: 0 (uid: 1000 pid: 915) eventTime = 2168540
D/PowerManagerService(  915): [api] release WakeLock flags=0x2000000a tag=WindowManager uid=1000 pid=915 (0x0)
D/PowerManagerService(  915): [api] applyWakeLockFlagsOnReleaseLocked : userActivityNoUpdateLocked is called : SCREEN_BRIGHT_WAKE_LOCK        'WindowManager' ON_AFTER_RELEASE (uid=1000, pid=915, ws=WorkSource{10205}) (elapsedTime=66)
I/art     (13314): Explicit concurrent mark sweep GC freed 13422(881KB) AllocSpace objects, 1(12KB) LOS objects, 39% free, 18MB/31MB, paused 610us total 65.764ms
D/ConnectivityService(  915): returning getActiveNetworkInfo :[type: WIFI[] - WIFI, state: CONNECTED/CONNECTED, reason: (unspecified), extra: "CU_d24p", roaming: false, failover: false, isAvailable: true, isConnectedToProvisioningNetwork: false]
D/ConnectivityService(  915): returning getNetworkInfo(networkType - 1) :[type: WIFI[] - WIFI, state: CONNECTED/CONNECTED, reason: (unspecified), extra: "CU_d24p", roaming: false, failover: false, isAvailable: true, isConnectedToProvisioningNetwork: false]
I/SurfaceFlinger(  257): id=455 createSurf (1x1),1 flag=4, Uoast
D/PowerManagerService(  915): [api] acquire WakeLock flags=0x2000000a tag=WindowManager uid=1000 pid=915
I/InputDispatcher(  915): Delivering touch to (13314): action: 0x4, toolType: 0
I/InputDispatcher(  915): Delivering touch to (1183): action: 0x4, toolType: 0
I/InputDispatcher(  915): Delivering touch to (13314): action: 0x0, toolType: 0
I/InputDispatcher(  915): Delivering touch to (13314): action: 0x1, toolType: 0
D/SSRM:n  (  915): SIOP:: AP = 290, PST = 272, CUR = 450
D/ViewRootImpl(13314): ViewPostImeInputStage ACTION_DOWN
I/NotificationService(  915): cancelToast pkg=com.example.listviewtest callback=android.app.ITransientNotification$Stub$Proxy@1cdd2b2a
D/PowerManagerService(  915): [api] [s] userActivity : event: 0 flags: 0 (uid: 1000 pid: 915) eventTime = 2168750
D/PowerManagerService(  915): [api] release WakeLock flags=0x2000000a tag=WindowManager uid=1000 pid=915 (0x0)
D/PowerManagerService(  915): [api] applyWakeLockFlagsOnReleaseLocked : userActivityNoUpdateLocked is called : SCREEN_BRIGHT_WAKE_LOCK        'WindowManager' ON_AFTER_RELEASE (uid=1000, pid=915, ws=WorkSource{10205}) (elapsedTime=108)
I/art     (13314): Explicit concurrent mark sweep GC freed 2850(149KB) AllocSpace objects, 0(0B) LOS objects, 40% free, 18MB/31MB, paused 1.355ms total 54.034ms
I/SurfaceFlinger(  257): id=452 Removed Uoast (8/11)
I/SurfaceFlinger(  257): id=452 Removed Uoast (-2/11)
I/SurfaceFlinger(  257): id=456 createSurf (1x1),1 flag=4, Uoast
I/InputDispatcher(  915): Delivering touch to (1183): action: 0x4, toolType: 0
I/InputDispatcher(  915): Delivering touch to (13314): action: 0x0, toolType: 0
I/InputDispatcher(  915): Delivering touch to (13314): action: 0x1, toolType: 0
D/PowerManagerService(  915): [api] acquire WakeLock flags=0x2000000a tag=WindowManager uid=1000 pid=915
D/ViewRootImpl(13314): ViewPostImeInputStage ACTION_DOWN
I/art     (13314): Explicit concurrent mark sweep GC freed 857(43KB) AllocSpace objects, 0(0B) LOS objects, 39% free, 18MB/31MB, paused 400us total 26.932ms
I/SurfaceFlinger(  257): id=453 Removed Uoast (8/11)
I/SurfaceFlinger(  257): id=453 Removed Uoast (-2/11)
I/InputDispatcher(  915): Delivering touch to (13314): action: 0x4, toolType: 0
I/InputDispatcher(  915): Delivering touch to (1183): action: 0x4, toolType: 0
I/InputDispatcher(  915): Delivering touch to (13314): action: 0x0, toolType: 0
I/InputDispatcher(  915): Delivering touch to (13314): action: 0x1, toolType: 0
I/NotificationService(  915): cancelToast pkg=com.example.listviewtest callback=android.app.ITransientNotification$Stub$Proxy@e988491
D/ViewRootImpl(13314): ViewPostImeInputStage ACTION_DOWN
D/PowerManagerService(  915): [api] [s] userActivity : event: 0 flags: 0 (uid: 1000 pid: 915) eventTime = 2169014
D/PowerManagerService(  915): [api] release WakeLock flags=0x2000000a tag=WindowManager uid=1000 pid=915 (0x0)
D/PowerManagerService(  915): [api] applyWakeLockFlagsOnReleaseLocked : userActivityNoUpdateLocked is called : SCREEN_BRIGHT_WAKE_LOCK        'WindowManager' ON_AFTER_RELEASE (uid=1000, pid=915, ws=WorkSource{10205}) (elapsedTime=174)
I/art     (13314): Explicit concurrent mark sweep GC freed 180(9KB) AllocSpace objects, 0(0B) LOS objects, 40% free, 18MB/31MB, paused 412us total 26.968ms
I/SurfaceFlinger(  257): id=454 Removed Uoast (8/10)
I/SurfaceFlinger(  257): id=454 Removed Uoast (-2/10)
I/SurfaceFlinger(  257): id=457 createSurf (1x1),1 flag=4, Uoast
D/PowerManagerService(  915): [api] acquire WakeLock flags=0x2000000a tag=WindowManager uid=1000 pid=915
I/art     (13314): Explicit concurrent mark sweep GC freed 688(35KB) AllocSpace objects, 0(0B) LOS objects, 40% free, 18MB/31MB, paused 441us total 26.940ms
I/InputDispatcher(  915): Delivering touch to (13314): action: 0x4, toolType: 0
I/InputDispatcher(  915): Delivering touch to (1183): action: 0x4, toolType: 0
I/InputDispatcher(  915): Delivering touch to (13314): action: 0x0, toolType: 0
I/NotificationService(  915): cancelToast pkg=com.example.listviewtest callback=android.app.ITransientNotification$Stub$Proxy@35015e64
I/InputDispatcher(  915): Delivering touch to (13314): action: 0x1, toolType: 0
D/ViewRootImpl(13314): ViewPostImeInputStage ACTION_DOWN
D/PowerManagerService(  915): [api] [s] userActivity : event: 0 flags: 0 (uid: 1000 pid: 915) eventTime = 2169171
D/PowerManagerService(  915): [api] release WakeLock flags=0x2000000a tag=WindowManager uid=1000 pid=915 (0x0)
D/PowerManagerService(  915): [api] applyWakeLockFlagsOnReleaseLocked : userActivityNoUpdateLocked is called : SCREEN_BRIGHT_WAKE_LOCK        'WindowManager' ON_AFTER_RELEASE (uid=1000, pid=915, ws=WorkSource{10205}) (elapsedTime=51)
I/SurfaceFlinger(  257): id=455 Removed Uoast (8/10)
I/SurfaceFlinger(  257): id=455 Removed Uoast (-2/10)
I/InputDispatcher(  915): Delivering touch to (1183): action: 0x4, toolType: 0
I/InputDispatcher(  915): Delivering touch to (13314): action: 0x0, toolType: 0
D/ViewRootImpl(13314): ViewPostImeInputStage ACTION_DOWN
I/InputDispatcher(  915): Delivering touch to (13314): action: 0x1, toolType: 0
I/SurfaceFlinger(  257): id=458 createSurf (1x1),1 flag=4, Uoast
D/PowerManagerService(  915): [api] acquire WakeLock flags=0x2000000a tag=WindowManager uid=1000 pid=915
I/InputDispatcher(  915): Delivering touch to (13314): action: 0x4, toolType: 0
I/InputDispatcher(  915): Delivering touch to (1183): action: 0x4, toolType: 0
I/InputDispatcher(  915): Delivering touch to (13314): action: 0x0, toolType: 0
I/InputDispatcher(  915): Delivering touch to (13314): action: 0x1, toolType: 0
D/ViewRootImpl(13314): ViewPostImeInputStage ACTION_DOWN
I/NotificationService(  915): cancelToast pkg=com.example.listviewtest callback=android.app.ITransientNotification$Stub$Proxy@39215493
D/PowerManagerService(  915): [api] [s] userActivity : event: 0 flags: 0 (uid: 1000 pid: 915) eventTime = 2169493
D/PowerManagerService(  915): [api] release WakeLock flags=0x2000000a tag=WindowManager uid=1000 pid=915 (0x0)
D/PowerManagerService(  915): [api] applyWakeLockFlagsOnReleaseLocked : userActivityNoUpdateLocked is called : SCREEN_BRIGHT_WAKE_LOCK        'WindowManager' ON_AFTER_RELEASE (uid=1000, pid=915, ws=WorkSource{10205}) (elapsedTime=74)
D/TaskPersister(  915): removeObsoleteFile: deleting file=1507_task.xml
I/SurfaceFlinger(  257): id=456 Removed Uoast (8/10)
I/SurfaceFlinger(  257): id=456 Removed Uoast (-2/10)
I/SurfaceFlinger(  257): id=459 createSurf (1x1),1 flag=4, Uoast
D/PowerManagerService(  915): [api] acquire WakeLock flags=0x2000000a tag=WindowManager uid=1000 pid=915
I/InputDispatcher(  915): Delivering touch to (13314): action: 0x4, toolType: 0
I/InputDispatcher(  915): Delivering touch to (1183): action: 0x4, toolType: 0
I/InputDispatcher(  915): Delivering touch to (13314): action: 0x0, toolType: 0
I/InputDispatcher(  915): Delivering touch to (13314): action: 0x1, toolType: 0
D/ViewRootImpl(13314): ViewPostImeInputStage ACTION_DOWN
I/NotificationService(  915): cancelToast pkg=com.example.listviewtest callback=android.app.ITransientNotification$Stub$Proxy@1177e7ce
D/PowerManagerService(  915): [api] [s] userActivity : event: 0 flags: 0 (uid: 1000 pid: 915) eventTime = 2169658
D/PowerManagerService(  915): [api] release WakeLock flags=0x2000000a tag=WindowManager uid=1000 pid=915 (0x0)
D/PowerManagerService(  915): [api] applyWakeLockFlagsOnReleaseLocked : userActivityNoUpdateLocked is called : SCREEN_BRIGHT_WAKE_LOCK        'WindowManager' ON_AFTER_RELEASE (uid=1000, pid=915, ws=WorkSource{10205}) (elapsedTime=56)
I/SurfaceFlinger(  257): id=457 Removed Uoast (8/10)
I/SurfaceFlinger(  257): id=457 Removed Uoast (-2/10)
I/SurfaceFlinger(  257): id=460 createSurf (1x1),1 flag=4, Uoast
D/PowerManagerService(  915): [api] acquire WakeLock flags=0x2000000a tag=WindowManager uid=1000 pid=915
I/InputDispatcher(  915): Delivering touch to (13314): action: 0x4, toolType: 0
D/ViewRootImpl( 1183): ViewPostImeInputStage ACTION_DOWN
I/InputDispatcher(  915): Delivering touch to (1183): action: 0x0, toolType: 0
I/InputDispatcher(  915): Delivering touch to (1183): action: 0x1, toolType: 0
D/PhoneStatusBar( 1183): makeExpandedVisible:false
D/StatusBar-Window( 1183): fnf=false sanc=false, kni=false, sbf=true
D/CoverUI ( 1183): applyFocusableFlag() : Remove SAMSUNG_FLAG_SVIEW_COVER
V/Vibrator(  915): Called cancel() API - PUID: 1000, PackageName: android
D/SecContentProvider2(  915): uri = 14 selection = getSealedState
D/SecContentProvider2(  915): mCursor = null
D/PhoneStatusBar( 1183): disable: < expand icons alerts system_info back home recent clock search >
D/SecContentProvider2(  915): uri = 14 selection = getSealedState
D/SecContentProvider2(  915): mCursor = null
D/SecContentProvider2(  915): uri = 14 selection = getSealedState
D/SecContentProvider2(  915): mCursor = null
D/SecContentProvider2(  915): uri = 14 selection = getSealedState
D/SecContentProvider2(  915): mCursor = null
D/VibratorService(  915): Turning vibrator off - ImmVibe.
I/NotificationService(  915): cancelToast pkg=com.example.listviewtest callback=android.app.ITransientNotification$Stub$Proxy@3e9c5485
D/StatusBar-DoNotDistrub( 1183): isDisableAlert isDormantModeOn:false isNotificationDisabled:true
D/StatusBarManagerService(  915): manageDisableList userId=0 what=0x0 pkg=WindowManager.LayoutParams
D/PointerIcon(  915): setMouseIconStyle1 pointerType: 1001iconType:101 flag:0
D/PointerIcon(  915): setMouseCustomIcon IconType is same.101
D/PointerIcon(  915): setHoveringSpenIconStyle1 pointerType: 10001iconType:1 flag:0
D/PointerIcon(  915): setHoveringSpenCustomIcon IconType is same.1
D/WaterColor_Keyguard( 1183): onWindowFocusChanged - true
D/PowerManagerService(  915): [api] [s] userActivity : event: 0 flags: 0 (uid: 1000 pid: 915) eventTime = 2169848
D/QSpanel ( 1183): label top:23
D/StatusBar-QSPanel( 1183): onLayout left:0 top:0 record.row:0
D/QSpanel ( 1183): label top:23
D/StatusBar-QSPanel( 1183): onLayout left:206 top:0 record.row:0
D/QSpanel ( 1183): label top:0
D/StatusBar-QSPanel( 1183): onLayout left:412 top:0 record.row:0
D/QSpanel ( 1183): label top:23
D/StatusBar-QSPanel( 1183): onLayout left:618 top:0 record.row:0
D/QSpanel ( 1183): label top:0
D/StatusBar-QSPanel( 1183): onLayout left:824 top:0 record.row:0
D/QSpanel ( 1183): label top:23
D/StatusBar-QSPanel( 1183): onLayout left:1030 top:0 record.row:0
D/QSpanel ( 1183): label top:0
D/StatusBar-QSPanel( 1183): onLayout left:1236 top:0 record.row:0
D/QSpanel ( 1183): label top:23
D/StatusBar-QSPanel( 1183): onLayout left:1442 top:0 record.row:0
D/QSpanel ( 1183): label top:0
D/StatusBar-QSPanel( 1183): onLayout left:1648 top:0 record.row:0
D/QSpanel ( 1183): label top:0
D/StatusBar-QSPanel( 1183): onLayout left:1854 top:0 record.row:0
D/PowerManagerService(  915): [api] release WakeLock flags=0x2000000a tag=WindowManager uid=1000 pid=915 (0x0)
D/PowerManagerService(  915): [api] applyWakeLockFlagsOnReleaseLocked : userActivityNoUpdateLocked is called : SCREEN_BRIGHT_WAKE_LOCK        'WindowManager' ON_AFTER_RELEASE (uid=1000, pid=915, ws=WorkSource{10205}) (elapsedTime=84)
I/InputDispatcher(  915): Delivering touch to (1183): action: 0x0, toolType: 0
I/InputDispatcher(  915): Delivering touch to (1183): action: 0x1, toolType: 0
D/ViewRootImpl( 1183): ViewPostImeInputStage ACTION_DOWN
D/ActivityManager(  915): isDeviceAdminActiveApp false :tv.peel.samsung.app
D/ActivityManager(  915): isAutoRunBlockedApp:: tv.peel.samsung.app, Auto Run ON
D/SSRM:a  (  915): DeviceInfo:: 000000100000
D/SSRM:a  (  915): SettingsAirViewInfo:: 010100000
D/tv.peel.samsung.widget.NotiRemoteService( 6368): action com.peel.widget.notification.HIDE_UI
D/PhoneStatusBar( 1183): makeExpandedInvisible: mExpandedVisible=true mExpandedVisible=true
D/StatusBar-QSPanel( 1183): setSingleLine:true
D/StatusBar-QSPanel( 1183): updateButtonInfo mButtonWidth : 206 mColumns:5 orien: 1 displayWidth:1032
D/StatusBar-QSPanel( 1183): setSingleLine height:0
D/ActivityManager(  915): startService callerProcessName:tv.peel.samsung.app, calleePkgName: tv.peel.samsung.app
D/ActivityManager(  915): caller:android.app.ApplicationThreadProxy@2e2eb2da, r.packageName :tv.peel.samsung.app
D/STATUSBAR-PhoneStatusBar( 1183):  mBrightnessEnablebySettings = true mBrightnessEnablebyBattery = true mBrightnessEnablebyDisableFlag = true mPmsBrightnessEnablebySettings = true
D/PhoneStatusBar( 1183): updateQSpanelHeight: 279 height:279
D/PanelView( 1183): flingSettings mQsMin:393 mQsMax:393 mQsEx:393.0mQsPeek:279
I/PhoneStatusBar( 1183): Icon Only
I/StatusBar( 1183): Icon Only
I/SurfaceFlinger(  257): id=458 Removed Uoast (8/10)
I/SurfaceFlinger(  257): id=458 Removed Uoast (-2/10)
D/PanelView( 1183): There is/are notification(s) 
D/StatusBar-Window( 1183): fnf=true sanc=false, kni=false, sbf=false
D/CoverUI ( 1183): applyFocusableFlag() : Remove SAMSUNG_FLAG_SVIEW_COVER
D/STATUSBAR-PhoneStatusBar( 1183): showHideQConnectLayout userID : 0 emMode:false mQconnectEnable:true QconnectService:true
D/SecContentProvider2(  915): uri = 14 selection = getSealedState
D/SecContentProvider2(  915): mCursor = null
D/PhoneStatusBar( 1183): disable: < expand icons alerts system_info back home recent clock search >
D/SecContentProvider2(  915): uri = 14 selection = getSealedState
D/SecContentProvider2(  915): mCursor = null
D/SecContentProvider2(  915): uri = 14 selection = getSealedState
D/SecContentProvider2(  915): mCursor = null
D/SecContentProvider2(  915): uri = 14 selection = getSealedState
D/SecContentProvider2(  915): mCursor = null
D/StatusBar-DoNotDistrub( 1183): isDisableAlert isDormantModeOn:false isNotificationDisabled:true
D/StatusBarManagerService(  915): manageDisableList userId=0 what=0x0 pkg=WindowManager.LayoutParams
I/InputDispatcher(  915): Delivering touch to (1183): action: 0x4, toolType: 0
I/InputDispatcher(  915): Delivering touch to (13314): action: 0x0, toolType: 0
D/ViewRootImpl(13314): ViewPostImeInputStage ACTION_DOWN
I/InputDispatcher(  915): Delivering touch to (13314): action: 0x1, toolType: 0
D/PointerIcon(  915): setMouseIconStyle1 pointerType: 1001iconType:101 flag:0
D/PointerIcon(  915): setMouseCustomIcon IconType is same.101
D/PointerIcon(  915): setHoveringSpenIconStyle1 pointerType: 10001iconType:1 flag:0
D/PointerIcon(  915): setHoveringSpenCustomIcon IconType is same.1
D/InputMethodManagerService(  915): windowGainedFocus mCurrentFocusedUserId - 0 and mSecureKeypadEnabled-false
W/InputMethodManagerService(  915): Window already focused, ignoring focus gain of: com.android.internal.view.IInputMethodClient$Stub$Proxy@12fcc30b attribute=null, token = android.os.BinderProxy@b485472
D/WaterColor_Keyguard( 1183): onWindowFocusChanged - false
I/SurfaceFlinger(  257): id=461 createSurf (1x1),1 flag=4, Uoast
D/PowerManagerService(  915): [api] acquire WakeLock flags=0x2000000a tag=WindowManager uid=1000 pid=915
I/SurfaceFlinger(  257): id=459 Removed Uoast (8/10)
I/SurfaceFlinger(  257): id=459 Removed Uoast (-2/10)
I/InputDispatcher(  915): Delivering touch to (13314): action: 0x4, toolType: 0
I/InputDispatcher(  915): Delivering touch to (1183): action: 0x4, toolType: 0
I/InputDispatcher(  915): Delivering touch to (13314): action: 0x0, toolType: 0
I/InputDispatcher(  915): Delivering touch to (13314): action: 0x1, toolType: 0
D/ViewRootImpl(13314): ViewPostImeInputStage ACTION_DOWN
I/NotificationService(  915): cancelToast pkg=com.example.listviewtest callback=android.app.ITransientNotification$Stub$Proxy@2f5522a6
D/PowerManagerService(  915): [api] [s] userActivity : event: 0 flags: 0 (uid: 1000 pid: 915) eventTime = 2170275
D/PowerManagerService(  915): [api] release WakeLock flags=0x2000000a tag=WindowManager uid=1000 pid=915 (0x0)
D/PowerManagerService(  915): [api] applyWakeLockFlagsOnReleaseLocked : userActivityNoUpdateLocked is called : SCREEN_BRIGHT_WAKE_LOCK        'WindowManager' ON_AFTER_RELEASE (uid=1000, pid=915, ws=WorkSource{10205}) (elapsedTime=61)
I/SurfaceFlinger(  257): id=462 createSurf (1x1),1 flag=4, Uoast
I/InputDispatcher(  915): Delivering touch to (13314): action: 0x4, toolType: 0
I/InputDispatcher(  915): Delivering touch to (1183): action: 0x4, toolType: 0
I/InputDispatcher(  915): Delivering touch to (13314): action: 0x0, toolType: 0
D/PowerManagerService(  915): [api] acquire WakeLock flags=0x2000000a tag=WindowManager uid=1000 pid=915
I/InputDispatcher(  915): Delivering touch to (13314): action: 0x1, toolType: 0
I/SurfaceFlinger(  257): id=460 Removed Uoast (8/10)
D/ViewRootImpl(13314): ViewPostImeInputStage ACTION_DOWN
I/SurfaceFlinger(  257): id=460 Removed Uoast (-2/10)
I/NotificationService(  915): cancelToast pkg=com.example.listviewtest callback=android.app.ITransientNotification$Stub$Proxy@eb58f3d
D/PowerManagerService(  915): [api] [s] userActivity : event: 0 flags: 0 (uid: 1000 pid: 915) eventTime = 2170459
D/PowerManagerService(  915): [api] release WakeLock flags=0x2000000a tag=WindowManager uid=1000 pid=915 (0x0)
D/PowerManagerService(  915): [api] applyWakeLockFlagsOnReleaseLocked : userActivityNoUpdateLocked is called : SCREEN_BRIGHT_WAKE_LOCK        'WindowManager' ON_AFTER_RELEASE (uid=1000, pid=915, ws=WorkSource{10205}) (elapsedTime=69)
I/SurfaceFlinger(  257): id=463 createSurf (1x1),1 flag=4, Uoast
I/InputDispatcher(  915): Delivering touch to (1183): action: 0x4, toolType: 0
I/InputDispatcher(  915): Delivering touch to (13314): action: 0x0, toolType: 0
I/InputDispatcher(  915): Delivering touch to (13314): action: 0x1, toolType: 0
D/PowerManagerService(  915): [api] acquire WakeLock flags=0x2000000a tag=WindowManager uid=1000 pid=915
D/ViewRootImpl(13314): ViewPostImeInputStage ACTION_DOWN
I/InputDispatcher(  915): Delivering touch to (13314): action: 0x4, toolType: 0
I/InputDispatcher(  915): Delivering touch to (1183): action: 0x4, toolType: 0
I/InputDispatcher(  915): Delivering touch to (13314): action: 0x0, toolType: 0
I/InputDispatcher(  915): Delivering touch to (13314): action: 0x1, toolType: 0
D/ViewRootImpl(13314): ViewPostImeInputStage ACTION_DOWN
I/NotificationService(  915): cancelToast pkg=com.example.listviewtest callback=android.app.ITransientNotification$Stub$Proxy@135c3a00
I/SurfaceFlinger(  257): id=464 createSurf (1x1),1 flag=4, Uoast
I/SurfaceFlinger(  257): id=461 Removed Uoast (8/11)
I/SurfaceFlinger(  257): id=461 Removed Uoast (-2/11)
I/InputDispatcher(  915): Delivering touch to (13314): action: 0x4, toolType: 0
I/InputDispatcher(  915): Delivering touch to (1183): action: 0x4, toolType: 0
I/InputDispatcher(  915): Delivering touch to (13314): action: 0x0, toolType: 0
I/InputDispatcher(  915): Delivering touch to (13314): action: 0x1, toolType: 0
D/ViewRootImpl(13314): ViewPostImeInputStage ACTION_DOWN
I/NotificationService(  915): cancelToast pkg=com.example.listviewtest callback=android.app.ITransientNotification$Stub$Proxy@23d129df
D/PowerManagerService(  915): [api] [s] userActivity : event: 0 flags: 0 (uid: 1000 pid: 915) eventTime = 2170910
D/PowerManagerService(  915): [api] release WakeLock flags=0x2000000a tag=WindowManager uid=1000 pid=915 (0x0)
D/PowerManagerService(  915): [api] applyWakeLockFlagsOnReleaseLocked : userActivityNoUpdateLocked is called : SCREEN_BRIGHT_WAKE_LOCK        'WindowManager' ON_AFTER_RELEASE (uid=1000, pid=915, ws=WorkSource{10205}) (elapsedTime=352)
I/SurfaceFlinger(  257): id=465 createSurf (1x1),1 flag=4, Uoast
D/PowerManagerService(  915): [api] acquire WakeLock flags=0x2000000a tag=WindowManager uid=1000 pid=915
I/SurfaceFlinger(  257): id=462 Removed Uoast (8/11)
I/SurfaceFlinger(  257): id=462 Removed Uoast (-2/11)
I/InputDispatcher(  915): Delivering touch to (13314): action: 0x4, toolType: 0
I/InputDispatcher(  915): Delivering touch to (1183): action: 0x4, toolType: 0
I/InputDispatcher(  915): Delivering touch to (13314): action: 0x0, toolType: 0
I/InputDispatcher(  915): Delivering touch to (13314): action: 0x1, toolType: 0
D/ViewRootImpl(13314): ViewPostImeInputStage ACTION_DOWN
I/NotificationService(  915): cancelToast pkg=com.example.listviewtest callback=android.app.ITransientNotification$Stub$Proxy@689868a
D/PowerManagerService(  915): [api] [s] userActivity : event: 0 flags: 0 (uid: 1000 pid: 915) eventTime = 2171057
D/PowerManagerService(  915): [api] release WakeLock flags=0x2000000a tag=WindowManager uid=1000 pid=915 (0x0)
D/PowerManagerService(  915): [api] applyWakeLockFlagsOnReleaseLocked : userActivityNoUpdateLocked is called : SCREEN_BRIGHT_WAKE_LOCK        'WindowManager' ON_AFTER_RELEASE (uid=1000, pid=915, ws=WorkSource{10205}) (elapsedTime=98)
I/SurfaceFlinger(  257): id=466 createSurf (1x1),1 flag=4, Uoast
D/PowerManagerService(  915): [api] acquire WakeLock flags=0x2000000a tag=WindowManager uid=1000 pid=915
I/InputDispatcher(  915): Delivering touch to (13314): action: 0x4, toolType: 0
I/InputDispatcher(  915): Delivering touch to (1183): action: 0x4, toolType: 0
I/InputDispatcher(  915): Delivering touch to (13314): action: 0x0, toolType: 0
D/ViewRootImpl(13314): ViewPostImeInputStage ACTION_DOWN
I/InputDispatcher(  915): Delivering touch to (13314): action: 0x1, toolType: 0
I/NotificationService(  915): cancelToast pkg=com.example.listviewtest callback=android.app.ITransientNotification$Stub$Proxy@366f9f71
E/SMD     (  291): DCD ON
D/PowerManagerService(  915): [api] [s] userActivity : event: 0 flags: 0 (uid: 1000 pid: 915) eventTime = 2171224
D/PowerManagerService(  915): [api] release WakeLock flags=0x2000000a tag=WindowManager uid=1000 pid=915 (0x0)
D/PowerManagerService(  915): [api] applyWakeLockFlagsOnReleaseLocked : userActivityNoUpdateLocked is called : SCREEN_BRIGHT_WAKE_LOCK        'WindowManager' ON_AFTER_RELEASE (uid=1000, pid=915, ws=WorkSource{10205}) (elapsedTime=68)
I/SurfaceFlinger(  257): id=467 createSurf (1x1),1 flag=4, Uoast
D/PowerManagerService(  915): [api] acquire WakeLock flags=0x2000000a tag=WindowManager uid=1000 pid=915
I/InputDispatcher(  915): Delivering touch to (13314): action: 0x4, toolType: 0
I/InputDispatcher(  915): Delivering touch to (1183): action: 0x4, toolType: 0
I/InputDispatcher(  915): Delivering touch to (13314): action: 0x0, toolType: 0
I/InputDispatcher(  915): Delivering touch to (13314): action: 0x1, toolType: 0
D/ViewRootImpl(13314): ViewPostImeInputStage ACTION_DOWN
I/NotificationService(  915): cancelToast pkg=com.example.listviewtest callback=android.app.ITransientNotification$Stub$Proxy@3733dec4
I/SurfaceFlinger(  257): id=463 Removed Uoast (8/12)
I/SurfaceFlinger(  257): id=463 Removed Uoast (-2/12)
D/PowerManagerService(  915): [api] [s] userActivity : event: 0 flags: 0 (uid: 1000 pid: 915) eventTime = 2171375
D/PowerManagerService(  915): [api] release WakeLock flags=0x2000000a tag=WindowManager uid=1000 pid=915 (0x0)
D/PowerManagerService(  915): [api] applyWakeLockFlagsOnReleaseLocked : userActivityNoUpdateLocked is called : SCREEN_BRIGHT_WAKE_LOCK        'WindowManager' ON_AFTER_RELEASE (uid=1000, pid=915, ws=WorkSource{10205}) (elapsedTime=87)
I/SurfaceFlinger(  257): id=468 createSurf (1x1),1 flag=4, Uoast
D/PowerManagerService(  915): [api] acquire WakeLock flags=0x2000000a tag=WindowManager uid=1000 pid=915
I/SurfaceFlinger(  257): id=464 Removed Uoast (8/12)
I/SurfaceFlinger(  257): id=464 Removed Uoast (-2/12)
I/InputDispatcher(  915): Delivering touch to (13314): action: 0x4, toolType: 0
I/InputDispatcher(  915): Delivering touch to (1183): action: 0x4, toolType: 0
I/InputDispatcher(  915): Delivering touch to (13314): action: 0x0, toolType: 0
I/InputDispatcher(  915): Delivering touch to (13314): action: 0x1, toolType: 0
D/ViewRootImpl(13314): ViewPostImeInputStage ACTION_DOWN
I/NotificationService(  915): cancelToast pkg=com.example.listviewtest callback=android.app.ITransientNotification$Stub$Proxy@bfc9873
D/PowerManagerService(  915): [api] [s] userActivity : event: 0 flags: 0 (uid: 1000 pid: 915) eventTime = 2171537
D/PowerManagerService(  915): [api] release WakeLock flags=0x2000000a tag=WindowManager uid=1000 pid=915 (0x0)
D/PowerManagerService(  915): [api] applyWakeLockFlagsOnReleaseLocked : userActivityNoUpdateLocked is called : SCREEN_BRIGHT_WAKE_LOCK        'WindowManager' ON_AFTER_RELEASE (uid=1000, pid=915, ws=WorkSource{10205}) (elapsedTime=82)
I/SurfaceFlinger(  257): id=465 Removed Uoast (8/11)
I/SurfaceFlinger(  257): id=465 Removed Uoast (-2/11)
I/SurfaceFlinger(  257): id=469 createSurf (1x1),1 flag=4, Uoast
D/PowerManagerService(  915): [api] acquire WakeLock flags=0x2000000a tag=WindowManager uid=1000 pid=915
I/InputDispatcher(  915): Delivering touch to (13314): action: 0x4, toolType: 0
I/InputDispatcher(  915): Delivering touch to (1183): action: 0x4, toolType: 0
I/InputDispatcher(  915): Delivering touch to (13314): action: 0x0, toolType: 0
D/ViewRootImpl(13314): ViewPostImeInputStage ACTION_DOWN
I/NotificationService(  915): cancelToast pkg=com.example.listviewtest callback=android.app.ITransientNotification$Stub$Proxy@10b7652e
D/PowerManagerService(  915): [api] [s] userActivity : event: 0 flags: 0 (uid: 1000 pid: 915) eventTime = 2171708
D/PowerManagerService(  915): [api] release WakeLock flags=0x2000000a tag=WindowManager uid=1000 pid=915 (0x0)
D/PowerManagerService(  915): [api] applyWakeLockFlagsOnReleaseLocked : userActivityNoUpdateLocked is called : SCREEN_BRIGHT_WAKE_LOCK        'WindowManager' ON_AFTER_RELEASE (uid=1000, pid=915, ws=WorkSource{10205}) (elapsedTime=74)
I/InputDispatcher(  915): Delivering touch to (13314): action: 0x1, toolType: 0
I/SurfaceFlinger(  257): id=466 Removed Uoast (8/11)
I/SurfaceFlinger(  257): id=466 Removed Uoast (-2/11)
I/SurfaceFlinger(  257): id=470 createSurf (1x1),1 flag=4, Uoast
D/PowerManagerService(  915): [api] acquire WakeLock flags=0x2000000a tag=WindowManager uid=1000 pid=915
I/Timeline(13300): Timeline: Activity_launch_request id:com.example.listviewtest time:2171865
E/PersonaManagerService(  915): inState():  stateMachine is null !!
