D/PowerManagerService(  915): [api] release WakeLock flags=0x2000000a tag=WindowManager uid=1000 pid=915 (0x0)
D/PowerManagerService(  915): [api] applyWakeLockFlagsOnReleaseLocked : userActivityNoUpdateLocked is called : SCREEN_BRIGHT_WAKE_LOCK        'WindowManager' ON_AFTER_RELEASE (uid=1000, pid=915, ws=WorkSource{10205}) (elapsedTime=116)
D/PowerManagerService(  915): [api] acquire WakeLock flags=0x2000000a tag=WindowManager uid=1000 pid=915
I/NotificationService(  915): cancelToast pkg=com.example.listviewtest callback=android.app.ITransientNotification$Stub$Proxy@3ad0d3c7
D/PowerManagerService(  915): [api] [s] userActivity : event: 0 flags: 0 (uid: 1000 pid: 915) eventTime = 1936866
D/PowerManagerService(  915): [api] release WakeLock flags=0x2000000a tag=WindowManager uid=1000 pid=915 (0x0)
D/PowerManagerService(  915): [api] applyWakeLockFlagsOnReleaseLocked : userActivityNoUpdateLocked is called : SCREEN_BRIGHT_WAKE_LOCK        'WindowManager' ON_AFTER_RELEASE (uid=1000, pid=915, ws=WorkSource{10205}) (elapsedTime=112)
D/PowerManagerService(  915): [api] acquire WakeLock flags=0x2000000a tag=WindowManager uid=1000 pid=915
I/NotificationService(  915): cancelToast pkg=com.example.listviewtest callback=android.app.ITransientNotification$Stub$Proxy@5b0792
D/PowerManagerService(  915): [api] [s] userActivity : event: 0 flags: 0 (uid: 1000 pid: 915) eventTime = 1937007
D/PowerManagerService(  915): [api] release WakeLock flags=0x2000000a tag=WindowManager uid=1000 pid=915 (0x0)
D/PowerManagerService(  915): [api] applyWakeLockFlagsOnReleaseLocked : userActivityNoUpdateLocked is called : SCREEN_BRIGHT_WAKE_LOCK        'WindowManager' ON_AFTER_RELEASE (uid=1000, pid=915, ws=WorkSource{10205}) (elapsedTime=102)
D/SSRM:n  (  915): SIOP:: AP = 310, PST = 283, CUR = 450
D/PowerManagerService(  915): [api] acquire WakeLock flags=0x2000000a tag=WindowManager uid=1000 pid=915
I/NotificationService(  915): cancelToast pkg=com.example.listviewtest callback=android.app.ITransientNotification$Stub$Proxy@3339ba19
D/PowerManagerService(  915): [api] [s] userActivity : event: 0 flags: 0 (uid: 1000 pid: 915) eventTime = 1937204
D/PowerManagerService(  915): [api] release WakeLock flags=0x2000000a tag=WindowManager uid=1000 pid=915 (0x0)
D/PowerManagerService(  915): [api] applyWakeLockFlagsOnReleaseLocked : userActivityNoUpdateLocked is called : SCREEN_BRIGHT_WAKE_LOCK        'WindowManager' ON_AFTER_RELEASE (uid=1000, pid=915, ws=WorkSource{10205}) (elapsedTime=68)
D/PowerManagerService(  915): [api] acquire WakeLock flags=0x2000000a tag=WindowManager uid=1000 pid=915
I/NotificationService(  915): cancelToast pkg=com.example.listviewtest callback=android.app.ITransientNotification$Stub$Proxy@21b4178c
D/PowerManagerService(  915): [api] [s] userActivity : event: 0 flags: 0 (uid: 1000 pid: 915) eventTime = 1937369
D/PowerManagerService(  915): [api] release WakeLock flags=0x2000000a tag=WindowManager uid=1000 pid=915 (0x0)
D/PowerManagerService(  915): [api] applyWakeLockFlagsOnReleaseLocked : userActivityNoUpdateLocked is called : SCREEN_BRIGHT_WAKE_LOCK        'WindowManager' ON_AFTER_RELEASE (uid=1000, pid=915, ws=WorkSource{10205}) (elapsedTime=66)
D/PowerManagerService(  915): [api] acquire WakeLock flags=0x2000000a tag=WindowManager uid=1000 pid=915
W/ActivityManager(  915): mDVFSHelper.acquire()
V/AlarmManager(  915): waitForAlarm result :4
D/ActivityManager(  915): isDeviceAdminActiveApp false :com.tencent.news
E/ActivityManager(  915): isAutoRunBlockedApp:: com.tencent.news, Auto Run OFF
D/ConnectivityService(  915): returning getActiveNetworkInfo :[type: WIFI[] - WIFI, state: CONNECTED/CONNECTED, reason: (unspecified), extra: "CU_d24p", roaming: false, failover: false, isAvailable: true, isConnectedToProvisioningNetwork: false]
D/ConnectivityService(  915): returning getActiveNetworkInfo :[type: WIFI[] - WIFI, state: CONNECTED/CONNECTED, reason: (unspecified), extra: "CU_d24p", roaming: false, failover: false, isAvailable: true, isConnectedToProvisioningNetwork: false]
D/BatteryService(  915): !@BatteryListener : batteryPropertiesChanged!
D/BatteryService(  915): level:100, scale:100, status:5, health:2, present:true, voltage: 4252, temperature: 245, technology: Li-ion, AC powered:false, USB powered:true, Wireless powered:false, icon:17303724, invalid charger:0
D/BatteryService(  915): online:4, current avg:450, charge type:1, power sharing:false, high voltage charger:false, capacity:280000, current_now:450
D/BatteryService(  915): Sending ACTION_BATTERY_CHANGED.
I/MotionRecognitionService(  915): Plugged
I/MotionRecognitionService(  915): setPowerConnected  = true
W/ActivityManager(  915): getRunningAppProcesses: caller 10217 does not hold REAL_GET_TASKS; limiting output
D/STATUSBAR-PhoneStatusBar( 1183):  mBrightnessEnablebySettings = true mBrightnessEnablebyBattery = true mBrightnessEnablebyDisableFlag = true mPmsBrightnessEnablebySettings = true
D/BatteryMeterView( 1183): ACTION_BATTERY_CHANGED : level:100 status:5 health:2
D/BatteryMeterView( 1183): ACTION_BATTERY_CHANGED : level:100 status:5 health:2
D/BatteryMeterView( 1183): ACTION_BATTERY_CHANGED : level:100 status:5 health:2
D/PowerManagerService(  915): [api] [s] userActivity : event: 0 flags: 0 (uid: 10064 pid: 1183) eventTime = 1937965
W/ActivityManager(  915): mDVFSHelper.acquire()
D/PackageManager(  915): [MSG] WRITE_PACKAGE_RESTRICTIONS
I/NotificationService(  915): cancelToast pkg=com.example.listviewtest callback=android.app.ITransientNotification$Stub$Proxy@1e9a97b6
D/PowerManagerService(  915): [api] [s] userActivity : event: 0 flags: 0 (uid: 1000 pid: 915) eventTime = 1938379
D/PowerManagerService(  915): [api] release WakeLock flags=0x2000000a tag=WindowManager uid=1000 pid=915 (0x0)
D/PowerManagerService(  915): [api] applyWakeLockFlagsOnReleaseLocked : userActivityNoUpdateLocked is called : SCREEN_BRIGHT_WAKE_LOCK        'WindowManager' ON_AFTER_RELEASE (uid=1000, pid=915, ws=WorkSource{10205}) (elapsedTime=916)
D/PowerManagerService(  915): [api] acquire WakeLock flags=0x2000000a tag=WindowManager uid=1000 pid=915
I/NotificationService(  915): cancelToast pkg=com.example.listviewtest callback=android.app.ITransientNotification$Stub$Proxy@2599138d
D/PowerManagerService(  915): [api] [s] userActivity : event: 0 flags: 0 (uid: 1000 pid: 915) eventTime = 1938614
D/PowerManagerService(  915): [api] release WakeLock flags=0x2000000a tag=WindowManager uid=1000 pid=915 (0x0)
D/PowerManagerService(  915): [api] applyWakeLockFlagsOnReleaseLocked : userActivityNoUpdateLocked is called : SCREEN_BRIGHT_WAKE_LOCK        'WindowManager' ON_AFTER_RELEASE (uid=1000, pid=915, ws=WorkSource{10205}) (elapsedTime=102)
D/PowerManagerService(  915): [api] acquire WakeLock flags=0x2000000a tag=WindowManager uid=1000 pid=915
I/NotificationService(  915): cancelToast pkg=com.example.listviewtest callback=android.app.ITransientNotification$Stub$Proxy@32738690
D/PowerManagerService(  915): [api] [s] userActivity : event: 0 flags: 0 (uid: 1000 pid: 915) eventTime = 1938754
D/PowerManagerService(  915): [api] release WakeLock flags=0x2000000a tag=WindowManager uid=1000 pid=915 (0x0)
D/PowerManagerService(  915): [api] applyWakeLockFlagsOnReleaseLocked : userActivityNoUpdateLocked is called : SCREEN_BRIGHT_WAKE_LOCK        'WindowManager' ON_AFTER_RELEASE (uid=1000, pid=915, ws=WorkSource{10205}) (elapsedTime=61)
D/PowerManagerService(  915): [api] acquire WakeLock flags=0x2000000a tag=WindowManager uid=1000 pid=915
I/NotificationService(  915): cancelToast pkg=com.example.listviewtest callback=android.app.ITransientNotification$Stub$Proxy@1dd40baf
D/PowerManagerService(  915): [api] [s] userActivity : event: 0 flags: 0 (uid: 1000 pid: 915) eventTime = 1938939
D/PowerManagerService(  915): [api] release WakeLock flags=0x2000000a tag=WindowManager uid=1000 pid=915 (0x0)
D/PowerManagerService(  915): [api] applyWakeLockFlagsOnReleaseLocked : userActivityNoUpdateLocked is called : SCREEN_BRIGHT_WAKE_LOCK        'WindowManager' ON_AFTER_RELEASE (uid=1000, pid=915, ws=WorkSource{10205}) (elapsedTime=84)
D/PowerManagerService(  915): [api] acquire WakeLock flags=0x2000000a tag=WindowManager uid=1000 pid=915
I/NotificationService(  915): cancelToast pkg=com.example.listviewtest callback=android.app.ITransientNotification$Stub$Proxy@2af7ee9a
I/NotificationService(  915): cancelToast pkg=com.example.listviewtest callback=android.app.ITransientNotification$Stub$Proxy@1cbaf2c1
D/PowerManagerService(  915): [api] [s] userActivity : event: 0 flags: 0 (uid: 1000 pid: 915) eventTime = 1939373
D/PowerManagerService(  915): [api] release WakeLock flags=0x2000000a tag=WindowManager uid=1000 pid=915 (0x0)
D/PowerManagerService(  915): [api] applyWakeLockFlagsOnReleaseLocked : userActivityNoUpdateLocked is called : SCREEN_BRIGHT_WAKE_LOCK        'WindowManager' ON_AFTER_RELEASE (uid=1000, pid=915, ws=WorkSource{10205}) (elapsedTime=332)
D/PowerManagerService(  915): [api] acquire WakeLock flags=0x2000000a tag=WindowManager uid=1000 pid=915
I/NotificationService(  915): cancelToast pkg=com.example.listviewtest callback=android.app.ITransientNotification$Stub$Proxy@9b48654
D/PowerManagerService(  915): [api] [s] userActivity : event: 0 flags: 0 (uid: 1000 pid: 915) eventTime = 1939537
D/PowerManagerService(  915): [api] release WakeLock flags=0x2000000a tag=WindowManager uid=1000 pid=915 (0x0)
D/PowerManagerService(  915): [api] applyWakeLockFlagsOnReleaseLocked : userActivityNoUpdateLocked is called : SCREEN_BRIGHT_WAKE_LOCK        'WindowManager' ON_AFTER_RELEASE (uid=1000, pid=915, ws=WorkSource{10205}) (elapsedTime=151)
D/PowerManagerService(  915): [api] acquire WakeLock flags=0x2000000a tag=WindowManager uid=1000 pid=915
I/NotificationService(  915): cancelToast pkg=com.example.listviewtest callback=android.app.ITransientNotification$Stub$Proxy@2d50d143
D/PowerManagerService(  915): [api] [s] userActivity : event: 0 flags: 0 (uid: 1000 pid: 915) eventTime = 1939681
D/PowerManagerService(  915): [api] release WakeLock flags=0x2000000a tag=WindowManager uid=1000 pid=915 (0x0)
D/PowerManagerService(  915): [api] applyWakeLockFlagsOnReleaseLocked : userActivityNoUpdateLocked is called : SCREEN_BRIGHT_WAKE_LOCK        'WindowManager' ON_AFTER_RELEASE (uid=1000, pid=915, ws=WorkSource{10205}) (elapsedTime=62)
D/PowerManagerService(  915): [api] acquire WakeLock flags=0x2000000a tag=WindowManager uid=1000 pid=915
D/PowerManagerService(  915): [api] [s] userActivity : event: 0 flags: 0 (uid: 10064 pid: 1183) eventTime = 1940065
D/PowerManagerService(  915): [api] [s] userActivity : event: 0 flags: 0 (uid: 10064 pid: 1183) eventTime = 1940093
E/Watchdog(  915): !@Sync 64
I/NotificationService(  915): cancelToast pkg=com.example.listviewtest callback=android.app.ITransientNotification$Stub$Proxy@30ea4bec
D/PowerManagerService(  915): [api] [s] userActivity : event: 0 flags: 0 (uid: 1000 pid: 915) eventTime = 1940162
D/PowerManagerService(  915): [api] release WakeLock flags=0x2000000a tag=WindowManager uid=1000 pid=915 (0x0)
D/PowerManagerService(  915): [api] applyWakeLockFlagsOnReleaseLocked : userActivityNoUpdateLocked is called : SCREEN_BRIGHT_WAKE_LOCK        'WindowManager' ON_AFTER_RELEASE (uid=1000, pid=915, ws=WorkSource{10205}) (elapsedTime=395)
D/PowerManagerService(  915): [api] acquire WakeLock flags=0x2000000a tag=WindowManager uid=1000 pid=915
W/ActivityManager(  915): mDVFSHelper.acquire()
D/ConnectivityService(  915): returning getActiveNetworkInfo :[type: WIFI[] - WIFI, state: CONNECTED/CONNECTED, reason: (unspecified), extra: "CU_d24p", roaming: false, failover: false, isAvailable: true, isConnectedToProvisioningNetwork: false]
D/ConnectivityService(  915): returning getActiveNetworkInfo :[type: WIFI[] - WIFI, state: CONNECTED/CONNECTED, reason: (unspecified), extra: "CU_d24p", roaming: false, failover: false, isAvailable: true, isConnectedToProvisioningNetwork: false]
D/ConnectivityService(  915): returning getActiveNetworkInfo :[type: WIFI[] - WIFI, state: CONNECTED/CONNECTED, reason: (unspecified), extra: "CU_d24p", roaming: false, failover: false, isAvailable: true, isConnectedToProvisioningNetwork: false]
I/NotificationService(  915): cancelToast pkg=com.example.listviewtest callback=android.app.ITransientNotification$Stub$Proxy@1ea925bb
D/ConnectivityService(  915): returning getActiveNetworkInfo :[type: WIFI[] - WIFI, state: CONNECTED/CONNECTED, reason: (unspecified), extra: "CU_d24p", roaming: false, failover: false, isAvailable: true, isConnectedToProvisioningNetwork: false]
D/ConnectivityService(  915): returning getActiveNetworkInfo :[type: WIFI[] - WIFI, state: CONNECTED/CONNECTED, reason: (unspecified), extra: "CU_d24p", roaming: false, failover: false, isAvailable: true, isConnectedToProvisioningNetwork: false]
D/PowerManagerService(  915): [api] [s] userActivity : event: 0 flags: 0 (uid: 1000 pid: 915) eventTime = 1940503
D/PowerManagerService(  915): [api] release WakeLock flags=0x2000000a tag=WindowManager uid=1000 pid=915 (0x0)
D/PowerManagerService(  915): [api] applyWakeLockFlagsOnReleaseLocked : userActivityNoUpdateLocked is called : SCREEN_BRIGHT_WAKE_LOCK        'WindowManager' ON_AFTER_RELEASE (uid=1000, pid=915, ws=WorkSource{10205}) (elapsedTime=240)
D/PowerManagerService(  915): [api] acquire WakeLock flags=0x2000000a tag=WindowManager uid=1000 pid=915
D/VibratorService(  915): Turning vibrator off - ImmVibe.
I/NotificationService(  915): cancelToast pkg=com.example.listviewtest callback=android.app.ITransientNotification$Stub$Proxy@38a02916
D/StatusBar-DoNotDistrub( 1183): isDisableAlert isDormantModeOn:false isNotificationDisabled:true
D/StatusBarManagerService(  915): manageDisableList userId=0 what=0x0 pkg=WindowManager.LayoutParams
D/PowerManagerService(  915): [api] [s] userActivity : event: 0 flags: 0 (uid: 1000 pid: 915) eventTime = 1940691
D/PowerManagerService(  915): [api] release WakeLock flags=0x2000000a tag=WindowManager uid=1000 pid=915 (0x0)
D/PowerManagerService(  915): [api] applyWakeLockFlagsOnReleaseLocked : userActivityNoUpdateLocked is called : SCREEN_BRIGHT_WAKE_LOCK        'WindowManager' ON_AFTER_RELEASE (uid=1000, pid=915, ws=WorkSource{10205}) (elapsedTime=80)
D/SSRM:a  (  915): DeviceInfo:: 000000100000
D/ActivityManager(  915): isDeviceAdminActiveApp false :tv.peel.samsung.app
D/SSRM:a  (  915): SettingsAirViewInfo:: 010100000
D/ActivityManager(  915): isAutoRunBlockedApp:: tv.peel.samsung.app, Auto Run ON
D/ActivityManager(  915): startService callerProcessName:tv.peel.samsung.app, calleePkgName: tv.peel.samsung.app
D/ActivityManager(  915): caller:android.app.ApplicationThreadProxy@5ba6297, r.packageName :tv.peel.samsung.app
D/STATUSBAR-PhoneStatusBar( 1183):  mBrightnessEnablebySettings = true mBrightnessEnablebyBattery = true mBrightnessEnablebyDisableFlag = true mPmsBrightnessEnablebySettings = true
D/STATUSBAR-PhoneStatusBar( 1183): showHideQConnectLayout userID : 0 emMode:false mQconnectEnable:true QconnectService:true
D/StatusBar-DoNotDistrub( 1183): isDisableAlert isDormantModeOn:false isNotificationDisabled:true
D/StatusBarManagerService(  915): manageDisableList userId=0 what=0x0 pkg=WindowManager.LayoutParams
W/InputMethodManagerService(  915): Window already focused, ignoring focus gain of: com.android.internal.view.IInputMethodClient$Stub$Proxy@12302c84 attribute=null, token = android.os.BinderProxy@32cd520e
D/PowerManagerService(  915): [api] acquire WakeLock flags=0x2000000a tag=WindowManager uid=1000 pid=915
I/NotificationService(  915): cancelToast pkg=com.example.listviewtest callback=android.app.ITransientNotification$Stub$Proxy@20389133
D/PowerManagerService(  915): [api] [s] userActivity : event: 0 flags: 0 (uid: 1000 pid: 915) eventTime = 1941142
D/PowerManagerService(  915): [api] release WakeLock flags=0x2000000a tag=WindowManager uid=1000 pid=915 (0x0)
D/PowerManagerService(  915): [api] applyWakeLockFlagsOnReleaseLocked : userActivityNoUpdateLocked is called : SCREEN_BRIGHT_WAKE_LOCK        'WindowManager' ON_AFTER_RELEASE (uid=1000, pid=915, ws=WorkSource{10205}) (elapsedTime=52)
D/PowerManagerService(  915): [api] acquire WakeLock flags=0x2000000a tag=WindowManager uid=1000 pid=915
I/NotificationService(  915): cancelToast pkg=com.example.listviewtest callback=android.app.ITransientNotification$Stub$Proxy@1f8b44ee
I/NotificationService(  915): cancelToast pkg=com.example.listviewtest callback=android.app.ITransientNotification$Stub$Proxy@2350ac25
I/NotificationService(  915): cancelToast pkg=com.example.listviewtest callback=android.app.ITransientNotification$Stub$Proxy@276ac1fa
W/NotificationService(  915): Toast already cancelled. pkg=com.example.listviewtest callback=android.app.ITransientNotification$Stub$Proxy@276ac1fa
D/PowerManagerService(  915): [api] [s] userActivity : event: 0 flags: 0 (uid: 1000 pid: 915) eventTime = 1941634
D/PowerManagerService(  915): [api] release WakeLock flags=0x2000000a tag=WindowManager uid=1000 pid=915 (0x0)
D/PowerManagerService(  915): [api] applyWakeLockFlagsOnReleaseLocked : userActivityNoUpdateLocked is called : SCREEN_BRIGHT_WAKE_LOCK        'WindowManager' ON_AFTER_RELEASE (uid=1000, pid=915, ws=WorkSource{10205}) (elapsedTime=361)
D/PowerManagerService(  915): [api] acquire WakeLock flags=0x2000000a tag=WindowManager uid=1000 pid=915
I/NotificationService(  915): cancelToast pkg=com.example.listviewtest callback=android.app.ITransientNotification$Stub$Proxy@2304e5a1
D/PowerManagerService(  915): [api] [s] userActivity : event: 0 flags: 0 (uid: 1000 pid: 915) eventTime = 1941843
D/PowerManagerService(  915): [api] release WakeLock flags=0x2000000a tag=WindowManager uid=1000 pid=915 (0x0)
D/PowerManagerService(  915): [api] applyWakeLockFlagsOnReleaseLocked : userActivityNoUpdateLocked is called : SCREEN_BRIGHT_WAKE_LOCK        'WindowManager' ON_AFTER_RELEASE (uid=1000, pid=915, ws=WorkSource{10205}) (elapsedTime=108)
D/PowerManagerService(  915): [api] acquire WakeLock flags=0x2000000a tag=WindowManager uid=1000 pid=915
I/NotificationService(  915): cancelToast pkg=com.example.listviewtest callback=android.app.ITransientNotification$Stub$Proxy@21b9beb4
I/NotificationService(  915): cancelToast pkg=com.example.listviewtest callback=android.app.ITransientNotification$Stub$Proxy@5482d23
D/PowerManagerService(  915): [api] [s] userActivity : event: 0 flags: 0 (uid: 1000 pid: 915) eventTime = 1942381
D/PowerManagerService(  915): [api] release WakeLock flags=0x2000000a tag=WindowManager uid=1000 pid=915 (0x0)
D/PowerManagerService(  915): [api] applyWakeLockFlagsOnReleaseLocked : userActivityNoUpdateLocked is called : SCREEN_BRIGHT_WAKE_LOCK        'WindowManager' ON_AFTER_RELEASE (uid=1000, pid=915, ws=WorkSource{10205}) (elapsedTime=427)
D/PowerManagerService(  915): [api] acquire WakeLock flags=0x2000000a tag=WindowManager uid=1000 pid=915
I/NotificationService(  915): cancelToast pkg=com.example.listviewtest callback=android.app.ITransientNotification$Stub$Proxy@2e48c59e
I/NotificationService(  915): cancelToast pkg=com.example.listviewtest callback=android.app.ITransientNotification$Stub$Proxy@fbde895
D/VibratorService(  915): Turning vibrator off - ImmVibe.
D/StatusBar-DoNotDistrub( 1183): isDisableAlert isDormantModeOn:false isNotificationDisabled:true
D/PowerManagerService(  915): [api] [s] userActivity : event: 0 flags: 0 (uid: 1000 pid: 915) eventTime = 1942758
D/PowerManagerService(  915): [api] release WakeLock flags=0x2000000a tag=WindowManager uid=1000 pid=915 (0x0)
D/PowerManagerService(  915): [api] applyWakeLockFlagsOnReleaseLocked : userActivityNoUpdateLocked is called : SCREEN_BRIGHT_WAKE_LOCK        'WindowManager' ON_AFTER_RELEASE (uid=1000, pid=915, ws=WorkSource{10205}) (elapsedTime=311)
D/StatusBarManagerService(  915): manageDisableList userId=0 what=0x0 pkg=WindowManager.LayoutParams
D/PowerManagerService(  915): [api] acquire WakeLock flags=0x2000000a tag=WindowManager uid=1000 pid=915
I/NotificationService(  915): cancelToast pkg=com.example.listviewtest callback=android.app.ITransientNotification$Stub$Proxy@fd80538
D/PowerManagerService(  915): [api] [s] userActivity : event: 0 flags: 0 (uid: 1000 pid: 915) eventTime = 1942881
D/PowerManagerService(  915): [api] release WakeLock flags=0x2000000a tag=WindowManager uid=1000 pid=915 (0x0)
D/PowerManagerService(  915): [api] applyWakeLockFlagsOnReleaseLocked : userActivityNoUpdateLocked is called : SCREEN_BRIGHT_WAKE_LOCK        'WindowManager' ON_AFTER_RELEASE (uid=1000, pid=915, ws=WorkSource{10205}) (elapsedTime=70)
D/ActivityManager(  915): isDeviceAdminActiveApp false :tv.peel.samsung.app
D/ActivityManager(  915): isAutoRunBlockedApp:: tv.peel.samsung.app, Auto Run ON
D/SSRM:a  (  915): DeviceInfo:: 000000100000
D/SSRM:a  (  915): SettingsAirViewInfo:: 010100000
D/ActivityManager(  915): startService callerProcessName:tv.peel.samsung.app, calleePkgName: tv.peel.samsung.app
D/ActivityManager(  915): caller:android.app.ApplicationThreadProxy@11e17911, r.packageName :tv.peel.samsung.app
D/STATUSBAR-PhoneStatusBar( 1183):  mBrightnessEnablebySettings = true mBrightnessEnablebyBattery = true mBrightnessEnablebyDisableFlag = true mPmsBrightnessEnablebySettings = true
D/STATUSBAR-PhoneStatusBar( 1183): showHideQConnectLayout userID : 0 emMode:false mQconnectEnable:true QconnectService:true
D/StatusBar-DoNotDistrub( 1183): isDisableAlert isDormantModeOn:false isNotificationDisabled:true
D/StatusBarManagerService(  915): manageDisableList userId=0 what=0x0 pkg=WindowManager.LayoutParams
W/InputMethodManagerService(  915): Window already focused, ignoring focus gain of: com.android.internal.view.IInputMethodClient$Stub$Proxy@409ea76 attribute=null, token = android.os.BinderProxy@32cd520e
W/ActivityManager(  915): mDVFSHelper.acquire()
D/PowerManagerService(  915): [api] acquire WakeLock flags=0x2000000a tag=WindowManager uid=1000 pid=915
I/NotificationService(  915): cancelToast pkg=com.example.listviewtest callback=android.app.ITransientNotification$Stub$Proxy@5d3954d
D/PowerManagerService(  915): [api] [s] userActivity : event: 0 flags: 0 (uid: 1000 pid: 915) eventTime = 1943367
D/PowerManagerService(  915): [api] release WakeLock flags=0x2000000a tag=WindowManager uid=1000 pid=915 (0x0)
D/PowerManagerService(  915): [api] applyWakeLockFlagsOnReleaseLocked : userActivityNoUpdateLocked is called : SCREEN_BRIGHT_WAKE_LOCK        'WindowManager' ON_AFTER_RELEASE (uid=1000, pid=915, ws=WorkSource{10205}) (elapsedTime=59)
D/PowerManagerService(  915): [api] acquire WakeLock flags=0x2000000a tag=WindowManager uid=1000 pid=915
D/VoIPInterfaceManager(  915): isVoIPRinging()...
D/VoIPInterfaceManager(  915): isVoIPRunningAndDeregi()...
D/VoIPInterfaceManager(  915): Not exist call session
D/VoIPInterfaceManager(  915): isVoIPRinging()...
D/VoIPInterfaceManager(  915): isVoIPRunningAndDeregi()...
D/VoIPInterfaceManager(  915): Not exist call session
I/NotificationService(  915): cancelToast pkg=com.example.listviewtest callback=android.app.ITransientNotification$Stub$Proxy@dda4350
D/PowerManagerService(  915): [api] [s] userActivity : event: 0 flags: 0 (uid: 1000 pid: 915) eventTime = 1943716
D/PowerManagerService(  915): [api] release WakeLock flags=0x2000000a tag=WindowManager uid=1000 pid=915 (0x0)
D/PowerManagerService(  915): [api] applyWakeLockFlagsOnReleaseLocked : userActivityNoUpdateLocked is called : SCREEN_BRIGHT_WAKE_LOCK        'WindowManager' ON_AFTER_RELEASE (uid=1000, pid=915, ws=WorkSource{10205}) (elapsedTime=243)
I/WindowManager(  915): startDockOrHome
D/PowerManagerService(  915): [api] [s] userActivity : event: 0 flags: 0 (uid: 1000 pid: 915) eventTime = 1943831
V/Scroll/Pause Worker(  915): onReceive: android.intent.action.CLOSE_SYSTEM_DIALOGS
W/ContextImpl(  915): Calling a method in the system process without a qualified user: android.app.ContextImpl.sendBroadcast:1699 com.android.server.accessibility.AccessibilityManagerService$DirectAccessBrocastReceiver.onReceive:383 android.app.LoadedApk$ReceiverDispatcher$Args.run:923 android.os.Handler.handleCallback:739 android.os.Handler.dispatchMessage:95 
D/HotspotTile( 1183): onReceive : android.intent.action.CLOSE_SYSTEM_DIALOGS
D/AirplaneModeTile( 1183): onReceive : android.intent.action.CLOSE_SYSTEM_DIALOGS
D/Recents_AlternateRecentsComponent( 1183): isRecentsTopMost is getting called
D/PowerManagerService(  915): [api] acquire WakeLock flags=0x2000000a tag=WindowManager uid=1000 pid=915
W/ActivityManager(  915): mDVFSHelper.acquire()
I/NotificationService(  915): cancelToast pkg=com.example.listviewtest callback=android.app.ITransientNotification$Stub$Proxy@19d47f6f
I/ActivityManager(  915): Killing 6199:com.samsung.android.sm/1000 (adj 15): empty for 1800s
I/NotificationService(  915): cancelToast pkg=com.example.listviewtest callback=android.app.ITransientNotification$Stub$Proxy@310ac55a
D/ActivityManager(  915): isDeviceAdminActiveApp false :com.samsung.android.sm
D/ActivityManager(  915): isAutoRunBlockedApp:: com.samsung.android.sm, Auto Run ON
I/NotificationService(  915): cancelToast pkg=com.example.listviewtest callback=android.app.ITransientNotification$Stub$Proxy@1981c881
I/NotificationService(  915): cancelToast pkg=com.example.listviewtest callback=android.app.ITransientNotification$Stub$Proxy@2602a714
D/PowerManagerService(  915): [api] [s] userActivity : event: 0 flags: 0 (uid: 1000 pid: 915) eventTime = 1944678
D/PowerManagerService(  915): [api] release WakeLock flags=0x2000000a tag=WindowManager uid=1000 pid=915 (0x0)
D/PowerManagerService(  915): [api] applyWakeLockFlagsOnReleaseLocked : userActivityNoUpdateLocked is called : SCREEN_BRIGHT_WAKE_LOCK        'WindowManager' ON_AFTER_RELEASE (uid=1000, pid=915, ws=WorkSource{10205}) (elapsedTime=789)
D/PowerManagerService(  915): [api] acquire WakeLock flags=0x2000000a tag=WindowManager uid=1000 pid=915
I/NotificationService(  915): cancelToast pkg=com.example.listviewtest callback=android.app.ITransientNotification$Stub$Proxy@e5af903
D/PowerManagerService(  915): [api] [s] userActivity : event: 0 flags: 0 (uid: 1000 pid: 915) eventTime = 1944848
D/PowerManagerService(  915): [api] release WakeLock flags=0x2000000a tag=WindowManager uid=1000 pid=915 (0x0)
D/PowerManagerService(  915): [api] applyWakeLockFlagsOnReleaseLocked : userActivityNoUpdateLocked is called : SCREEN_BRIGHT_WAKE_LOCK        'WindowManager' ON_AFTER_RELEASE (uid=1000, pid=915, ws=WorkSource{10205}) (elapsedTime=132)
V/AlarmManager(  915): waitForAlarm result :8
D/PowerManagerService(  915): [api] acquire WakeLock flags=0x2000000a tag=WindowManager uid=1000 pid=915
I/NotificationService(  915): cancelToast pkg=com.example.listviewtest callback=android.app.ITransientNotification$Stub$Proxy@c0a225f
D/PowerManagerService(  915): [api] [s] userActivity : event: 0 flags: 0 (uid: 1000 pid: 915) eventTime = 1944998
D/PowerManagerService(  915): [api] release WakeLock flags=0x2000000a tag=WindowManager uid=1000 pid=915 (0x0)
D/PowerManagerService(  915): [api] applyWakeLockFlagsOnReleaseLocked : userActivityNoUpdateLocked is called : SCREEN_BRIGHT_WAKE_LOCK        'WindowManager' ON_AFTER_RELEASE (uid=1000, pid=915, ws=WorkSource{10205}) (elapsedTime=101)
D/PowerManagerService(  915): [api] acquire WakeLock flags=0x2000000a tag=WindowManager uid=1000 pid=915
I/NotificationService(  915): cancelToast pkg=com.example.listviewtest callback=android.app.ITransientNotification$Stub$Proxy@23cf390a
D/PowerManagerService(  915): [api] [s] userActivity : event: 0 flags: 0 (uid: 1000 pid: 915) eventTime = 1945142
D/PowerManagerService(  915): [api] release WakeLock flags=0x2000000a tag=WindowManager uid=1000 pid=915 (0x0)
D/PowerManagerService(  915): [api] applyWakeLockFlagsOnReleaseLocked : userActivityNoUpdateLocked is called : SCREEN_BRIGHT_WAKE_LOCK        'WindowManager' ON_AFTER_RELEASE (uid=1000, pid=915, ws=WorkSource{10205}) (elapsedTime=113)
D/PowerManagerService(  915): [api] acquire WakeLock flags=0x2000000a tag=WindowManager uid=1000 pid=915
I/NotificationService(  915): cancelToast pkg=com.example.listviewtest callback=android.app.ITransientNotification$Stub$Proxy@4cd3f1
D/PowerManagerService(  915): [api] [s] userActivity : event: 0 flags: 0 (uid: 1000 pid: 915) eventTime = 1945289
D/PowerManagerService(  915): [api] release WakeLock flags=0x2000000a tag=WindowManager uid=1000 pid=915 (0x0)
D/PowerManagerService(  915): [api] applyWakeLockFlagsOnReleaseLocked : userActivityNoUpdateLocked is called : SCREEN_BRIGHT_WAKE_LOCK        'WindowManager' ON_AFTER_RELEASE (uid=1000, pid=915, ws=WorkSource{10205}) (elapsedTime=112)
D/PowerManagerService(  915): [api] acquire WakeLock flags=0x2000000a tag=WindowManager uid=1000 pid=915
--------- beginning of main
D/STATUSBAR-WifiQuickSettingButton( 1183): onWifiSignalChanged enabled=true enabledDesc:"CU_d24p"
D/StatusBar.NetworkController( 1183): refreshSignalCluster - setNWBoosterIndicators(false)
D/StatusBar.NetworkController( 1183): applyCHN
D/StatusBar.NetworkController( 1183): refreshSignalCluster - setNWBoosterIndicators(false)
D/StatusBar.NetworkController( 1183): applyCHN
D/StatusBar.NetworkController( 1183): refreshSignalCluster - setNWBoosterIndicators(false)
D/StatusBar.NetworkController( 1183): applyCHN
D/StatusBar.NetworkController( 1183): refreshSignalCluster - setNWBoosterIndicators(false)
D/StatusBar.NetworkController( 1183): applyCHN
I/InputDispatcher(  915): Delivering touch to (13054): action: 0x4, toolType: 0
I/InputDispatcher(  915): Delivering touch to (1183): action: 0x4, toolType: 0
I/InputDispatcher(  915): Delivering touch to (13054): action: 0x0, toolType: 0
I/InputDispatcher(  915): Delivering touch to (13054): action: 0x1, toolType: 0
I/NotificationService(  915): cancelToast pkg=com.example.listviewtest callback=android.app.ITransientNotification$Stub$Proxy@5a7fd44
D/ViewRootImpl(13054): ViewPostImeInputStage ACTION_DOWN
I/SurfaceFlinger(  257): id=437 createSurf (1x1),1 flag=4, Uoast
I/SurfaceFlinger(  257): id=433 Removed Uoast (8/12)
I/SurfaceFlinger(  257): id=433 Removed Uoast (-2/12)
I/Timeline(13040): Timeline: Activity_launch_request id:com.example.listviewtest time:1945577
E/PersonaManagerService(  915): inState():  stateMachine is null !!
I/PersonaManagerService(  915): PersonaId don't exist
I/ActivityManager(  915): do not start freezing screen for locked container getKeyguardshowstate = false
W/ActivityManager(  915): mDVFSHelper.acquire()
I/art     (13054): Explicit concurrent mark sweep GC freed 14299(704KB) AllocSpace objects, 2(32KB) LOS objects, 40% free, 19MB/31MB, paused 587us total 51.241ms
I/SurfaceFlinger(  257): id=434 Removed Uoast (8/11)
I/SurfaceFlinger(  257): id=434 Removed Uoast (-2/11)
I/InputDispatcher(  915): Delivering touch to (13054): action: 0x4, toolType: 0
I/InputDispatcher(  915): Delivering touch to (1183): action: 0x4, toolType: 0
I/InputDispatcher(  915): Delivering touch to (13054): action: 0x0, toolType: 0
I/NotificationService(  915): cancelToast pkg=com.example.listviewtest callback=android.app.ITransientNotification$Stub$Proxy@2efc28f3
D/ViewRootImpl(13054): ViewPostImeInputStage ACTION_DOWN
D/ConnectivityService(  915): returning getActiveNetworkInfo :[type: WIFI[] - WIFI, state: CONNECTED/CONNECTED, reason: (unspecified), extra: "CU_d24p", roaming: false, failover: false, isAvailable: true, isConnectedToProvisioningNetwork: false]
I/InputDispatcher(  915): Delivering touch to (13054): action: 0x1, toolType: 0
I/System.out(10285): pool-28-thread-3 calls detatch()
E/beacon  (10285): Connection to http://192.168.1.15:8888 refused
E/beacon  (10285): execute error:org.apache.http.conn.HttpHostConnectException: Connection to http://192.168.1.15:8888 refused
D/PowerManagerService(  915): [api] [s] userActivity : event: 0 flags: 0 (uid: 1000 pid: 915) eventTime = 1945769
D/PowerManagerService(  915): [api] release WakeLock flags=0x2000000a tag=WindowManager uid=1000 pid=915 (0x0)
D/PowerManagerService(  915): [api] applyWakeLockFlagsOnReleaseLocked : userActivityNoUpdateLocked is called : SCREEN_BRIGHT_WAKE_LOCK        'WindowManager' ON_AFTER_RELEASE (uid=1000, pid=915, ws=WorkSource{10205}) (elapsedTime=447)
I/SurfaceFlinger(  257): id=438 createSurf (1x1),1 flag=4, Uoast
I/art     (13054): Explicit concurrent mark sweep GC freed 5923(328KB) AllocSpace objects, 0(0B) LOS objects, 40% free, 18MB/31MB, paused 792us total 35.461ms
D/PowerManagerService(  915): [api] acquire WakeLock flags=0x2000000a tag=WindowManager uid=1000 pid=915
I/SurfaceFlinger(  257): id=435 Removed Uoast (8/11)
I/SurfaceFlinger(  257): id=435 Removed Uoast (-2/11)
I/InputDispatcher(  915): Delivering touch to (13054): action: 0x4, toolType: 0
I/InputDispatcher(  915): Delivering touch to (1183): action: 0x4, toolType: 0
I/InputDispatcher(  915): Delivering touch to (13054): action: 0x0, toolType: 0
I/InputDispatcher(  915): Delivering touch to (13054): action: 0x1, toolType: 0
D/ViewRootImpl(13054): ViewPostImeInputStage ACTION_DOWN
I/NotificationService(  915): cancelToast pkg=com.example.listviewtest callback=android.app.ITransientNotification$Stub$Proxy@c068fae
D/PowerManagerService(  915): [api] [s] userActivity : event: 0 flags: 0 (uid: 1000 pid: 915) eventTime = 1945921
D/PowerManagerService(  915): [api] release WakeLock flags=0x2000000a tag=WindowManager uid=1000 pid=915 (0x0)
D/PowerManagerService(  915): [api] applyWakeLockFlagsOnReleaseLocked : userActivityNoUpdateLocked is called : SCREEN_BRIGHT_WAKE_LOCK        'WindowManager' ON_AFTER_RELEASE (uid=1000, pid=915, ws=WorkSource{10205}) (elapsedTime=97)
I/SurfaceFlinger(  257): id=439 createSurf (1x1),1 flag=4, Uoast
I/art     (13054): Explicit concurrent mark sweep GC freed 755(37KB) AllocSpace objects, 0(0B) LOS objects, 40% free, 18MB/31MB, paused 542us total 31.750ms
D/PowerManagerService(  915): [api] acquire WakeLock flags=0x2000000a tag=WindowManager uid=1000 pid=915
I/SurfaceFlinger(  257): id=436 Removed Uoast (8/11)
I/SurfaceFlinger(  257): id=436 Removed Uoast (-2/11)
I/InputDispatcher(  915): Delivering touch to (13054): action: 0x4, toolType: 0
I/InputDispatcher(  915): Delivering touch to (1183): action: 0x4, toolType: 0
I/InputDispatcher(  915): Delivering touch to (13054): action: 0x0, toolType: 0
I/InputDispatcher(  915): Delivering touch to (13054): action: 0x1, toolType: 0
I/NotificationService(  915): cancelToast pkg=com.example.listviewtest callback=android.app.ITransientNotification$Stub$Proxy@212185e5
D/ViewRootImpl(13054): ViewPostImeInputStage ACTION_DOWN
D/PowerManagerService(  915): [api] [s] userActivity : event: 0 flags: 0 (uid: 1000 pid: 915) eventTime = 1946082
D/PowerManagerService(  915): [api] release WakeLock flags=0x2000000a tag=WindowManager uid=1000 pid=915 (0x0)
D/PowerManagerService(  915): [api] applyWakeLockFlagsOnReleaseLocked : userActivityNoUpdateLocked is called : SCREEN_BRIGHT_WAKE_LOCK        'WindowManager' ON_AFTER_RELEASE (uid=1000, pid=915, ws=WorkSource{10205}) (elapsedTime=127)
I/art     (13054): Explicit concurrent mark sweep GC freed 645(30KB) AllocSpace objects, 0(0B) LOS objects, 40% free, 18MB/31MB, paused 566us total 44.507ms
I/SurfaceFlinger(  257): id=440 createSurf (1x1),1 flag=4, Uoast
D/PowerManagerService(  915): [api] acquire WakeLock flags=0x2000000a tag=WindowManager uid=1000 pid=915
E/SMD     (  291): DCD ON
I/Timeline(13040): Timeline: Activity_launch_request id:com.example.listviewtest time:1946209
E/PersonaManagerService(  915): inState():  stateMachine is null !!
I/PersonaManagerService(  915): PersonaId don't exist
I/ActivityManager(  915): do not start freezing screen for locked container getKeyguardshowstate = false
I/art     (13054): Explicit concurrent mark sweep GC freed 589(30KB) AllocSpace objects, 0(0B) LOS objects, 40% free, 18MB/31MB, paused 427us total 27.666ms
W/ActivityManager(  915): mDVFSHelper.acquire()
I/SurfaceFlinger(  257): id=437 Removed Uoast (8/11)
I/SurfaceFlinger(  257): id=437 Removed Uoast (-2/11)
I/InputDispatcher(  915): Delivering touch to (13054): action: 0x4, toolType: 0
I/InputDispatcher(  915): Delivering touch to (1183): action: 0x4, toolType: 0
I/InputDispatcher(  915): Delivering touch to (13054): action: 0x0, toolType: 0
I/InputDispatcher(  915): Delivering touch to (13054): action: 0x1, toolType: 0
I/NotificationService(  915): cancelToast pkg=com.example.listviewtest callback=android.app.ITransientNotification$Stub$Proxy@12dcfec8
D/ViewRootImpl(13054): ViewPostImeInputStage ACTION_DOWN
D/StatusBar.NetworkController( 1183): refreshViews connected={ wifi } level=4 combinedSignalIconId=0x7f020553/com.android.systemui:drawable/stat_sys_wifi_signal_3 mobileLabel= wifiLabel="CU_d24p"xxxxXXXXxxxxXXXX emergencyOnly=true combinedLabel="CU_d24p"xxxxXXXXxxxxXXXX mAirplaneMode=false mDataActivity=0 mPhoneSignalIconId=0x7f0204e9/com.android.systemui:drawable/stat_sys_signal_4 mQSPhoneSignalIconId=0x7f020148/com.android.systemui:drawable/ic_qs_signal_4 mDataDirectionIconId=0x0/(null) mDataSignalIconId=0x7f0204e9/com.android.systemui:drawable/stat_sys_signal_4 mDataTypeIconId=0x0/(null) mQSDataTypeIconId=0x0/(null) mNoSimIconId=0x0/(null) mWifiIconId=0x7f020553/com.android.systemui:drawable/stat_sys_wifi_signal_3 mQSWifiIconId=0x7f02015d/com.android.systemui:drawable/ic_qs_wifi_3 mWifiActivityIconId=0x7f020527/com.android.systemui:drawable/stat_sys_signal_inout mBluetoothTetherIconId=0x10808f1/android:drawable/stat_sys_tether_bluetooth
D/STATUSBAR-WifiQuickSettingButton( 1183): onWifiSignalChanged enabled=true enabledDesc:"CU_d24p"
D/StatusBar.NetworkController( 1183): refreshSignalCluster - setNWBoosterIndicators(false)
D/StatusBar.NetworkController( 1183): applyCHN
D/StatusBar.NetworkController( 1183): refreshSignalCluster - setNWBoosterIndicators(false)
D/StatusBar.NetworkController( 1183): applyCHN
D/StatusBar.NetworkController( 1183): refreshSignalCluster - setNWBoosterIndicators(false)
D/StatusBar.NetworkController( 1183): applyCHN
D/StatusBar.NetworkController( 1183): refreshSignalCluster - setNWBoosterIndicators(false)
D/StatusBar.NetworkController( 1183): applyCHN
D/PowerManagerService(  915): [api] [s] userActivity : event: 0 flags: 0 (uid: 1000 pid: 915) eventTime = 1946406
D/PowerManagerService(  915): [api] release WakeLock flags=0x2000000a tag=WindowManager uid=1000 pid=915 (0x0)
D/PowerManagerService(  915): [api] applyWakeLockFlagsOnReleaseLocked : userActivityNoUpdateLocked is called : SCREEN_BRIGHT_WAKE_LOCK        'WindowManager' ON_AFTER_RELEASE (uid=1000, pid=915, ws=WorkSource{10205}) (elapsedTime=287)
I/SurfaceFlinger(  257): id=441 createSurf (1x1),1 flag=4, Uoast
D/PowerManagerService(  915): [api] acquire WakeLock flags=0x2000000a tag=WindowManager uid=1000 pid=915
I/SurfaceFlinger(  257): id=438 Removed Uoast (8/11)
I/SurfaceFlinger(  257): id=438 Removed Uoast (-2/11)
I/InputDispatcher(  915): Delivering touch to (13054): action: 0x4, toolType: 0
I/InputDispatcher(  915): Delivering touch to (1183): action: 0x4, toolType: 0
I/InputDispatcher(  915): Delivering touch to (13054): action: 0x0, toolType: 0
I/NotificationService(  915): cancelToast pkg=com.example.listviewtest callback=android.app.ITransientNotification$Stub$Proxy@30072b47
D/SettingsProvider(  915): name = user_rotation
D/ViewRootImpl(13054): ViewPostImeInputStage ACTION_DOWN
D/SettingsProvider(  915): name = accelerometer_rotation
D/SContextService(  915): 	.unregisterCallback : 1, client=
D/SContextService(  915): unregisterCallback() : Listener = android.hardware.scontext.SContextService$Listener@6ecf181, Service = Auto Rotation, used = 1
W/CAE     (  915): unregisterCallback(ContextAwareService.java:199) - [unregi 01] Mutex is locked for AUTO_ROTATION
V/CAE     (  915): stop(ContextProvider.java:149)
V/CAE     (  915): clear(AutoRotationRunner.java:182)
V/CAE     (  915): disable(AutoRotationRunner.java:171)
I/CAE     (  915): sendCmdToSensorHub(SensorHubCommManager.java:144) - -78, 7, 0, 0,
D/SensorHubManager(  915): SendSensorHubData: send data = -78, 7, 0, 0
D/Sensorhubs(  306): sendContextData: -78, 7, 0, 0
D/StatusBarManagerService(  915): setIconVisibility slot=smart_scroll visible=false
D/SmartFaceIndicator(  915): no icon
E/SmartFaceService(  915): mActiveServiceType: 100
E/SmartFaceService(  915): mScrollEnabled:false mPauseEnabled:false mStayEnabled:true mRotationEnabled:false, (false,false)
E/SmartFaceService(  915): mLightIntensityEnough: true mLux: 0.0
D/Scroll/Pause Worker(  915): updateClientsDone.
D/Stay/Rotation Worker(  915): updateClientsDone. def. do nothing.
E/SmartFaceService(  915): Service Type to Worker: 0
E/SmartFaceService(  915): Last Active clients:0 Current Active clients: 0
E/SmartFaceService(  915): Last Smart Pause clients: 0 Current Smart Pause clients: 0
D/STATUSBAR-AutoRotateQuickSettingButton( 1183): Settings.System.ACCELEROMETER_ROTATION has been changed to 0
D/CAE     (  915): getFaultDetectionResult(AutoRotationRunner.java:195) - true
I/CAE     (  915): notifyCmdProcessResultObserver(ContextProvider.java:617) - CheckResult = 0, Cause = Success
D/STATUSBAR-AutoRotateQuickSettingButton( 1183): Settings.System.ACCELEROMETER_ROTATION has been changed to 0
D/STATUSBAR-QSTileView( 1183): onStateChanged: 
D/STATUSBAR-QSTileView( 1183): 
D/CAE     (  915): doCommendProcess(ContextAwareService.java:314) - complete notify the operation result.
I/CAE     (  915): displayUsedCountForService(ContextAwareService.java:406) - totalCnt = 0, serviceCount = 0, subCollectionCount = 0
D/CAE     (  915): showListenerList(ContextAwareService.java:247) - ===== Context Aware Service List =====
W/CAE     (  915): unregisterCallback(ContextAwareService.java:234) - [unregi 02] Mutex is unlocked for AUTO_ROTATION
D/SContextService(  915): removeSContextService() : service = Auto Rotation
D/SContextService(  915): ===== SContext Service List =====
D/SContextManager(  915):   .unregisterListener : listener = com.android.internal.policy.impl.WindowOrientationListener$SContextListenerImpl@3387d5a0, service=Auto Rotation
V/WindowOrientationListener(  915): mSContextAutoRotationListener.getProposedRotation, mbResultFaceDectection: false
V/WindowOrientationListener(  915): mSContextAutoRotationListener.getProposedRotation, Rotation: -1
V/WindowOrientationListener(  915): mSContextAutoRotationListener.getProposedRotation, mbResultFaceDectection: false
V/WindowOrientationListener(  915): mSContextAutoRotationListener.getProposedRotation, Rotation: -1
V/WindowManager(  915): rotationForOrientationLw(orient=-1, last=0); user=0 USER_ROTATION_LOCKED sensorRotation=-1 mLidState=-1 mDockMode=0 mHdmiPlugged=false
D/SettingsProvider(  915): name = accelerometer_rotation
V/WindowOrientationListener(  915): mSContextAutoRotationListener.getProposedRotation, mbResultFaceDectection: false
V/WindowOrientationListener(  915): mSContextAutoRotationListener.getProposedRotation, Rotation: -1
V/WindowOrientationListener(  915): mSContextAutoRotationListener.getProposedRotation, mbResultFaceDectection: false
V/WindowOrientationListener(  915): mSContextAutoRotationListener.getProposedRotation, Rotation: -1
D/StatusBarManagerService(  915): setIconVisibility slot=smart_scroll visible=false
D/SmartFaceIndicator(  915): no icon
E/SmartFaceService(  915): mActiveServiceType: 100
E/SmartFaceService(  915): mScrollEnabled:false mPauseEnabled:false mStayEnabled:true mRotationEnabled:false, (false,true)
E/SmartFaceService(  915): mLightIntensityEnough: true mLux: 0.0
D/Scroll/Pause Worker(  915): updateClientsDone.
D/Stay/Rotation Worker(  915): updateClientsDone. def. do nothing.
E/SmartFaceService(  915): Service Type to Worker: 0
E/SmartFaceService(  915): Last Active clients:0 Current Active clients: 0
E/SmartFaceService(  915): Last Smart Pause clients: 0 Current Smart Pause clients: 0
D/STATUSBAR-AutoRotateQuickSettingButton( 1183): Settings.System.ACCELEROMETER_ROTATION has been changed to 1
D/STATUSBAR-AutoRotateQuickSettingButton( 1183): Settings.System.ACCELEROMETER_ROTATION has been changed to 1
D/STATUSBAR-QSTileView( 1183): onStateChanged: 
D/STATUSBAR-QSTileView( 1183): 
V/WindowManager(  915): rotationForOrientationLw(orient=-1, last=0); user=0 USER_ROTATION_LOCKED sensorRotation=-1 mLidState=-1 mDockMode=0 mHdmiPlugged=false
V/WindowOrientationListener(  915): mSContextAutoRotationListener.getProposedRotation, mbResultFaceDectection: false
V/WindowOrientationListener(  915): mSContextAutoRotationListener.getProposedRotation, Rotation: -1
V/WindowOrientationListener(  915): mSContextAutoRotationListener.getProposedRotation, mbResultFaceDectection: false
V/WindowOrientationListener(  915): mSContextAutoRotationListener.getProposedRotation, Rotation: -1
D/PowerManagerService(  915): [api] [s] userActivity : event: 0 flags: 0 (uid: 1000 pid: 915) eventTime = 1946633
D/PowerManagerService(  915): [api] release WakeLock flags=0x2000000a tag=WindowManager uid=1000 pid=915 (0x0)
D/PowerManagerService(  915): [api] applyWakeLockFlagsOnReleaseLocked : userActivityNoUpdateLocked is called : SCREEN_BRIGHT_WAKE_LOCK        'WindowManager' ON_AFTER_RELEASE (uid=1000, pid=915, ws=WorkSource{10205}) (elapsedTime=179)
V/WindowManager(  915): rotationForOrientationLw(orient=-1, last=0); user=0 USER_ROTATION_LOCKED sensorRotation=-1 mLidState=-1 mDockMode=0 mHdmiPlugged=false
I/SurfaceFlinger(  257): id=439 Removed Uoast (8/10)
I/art     (13040): System.exit called, status: 0
I/AndroidRuntime(13040): VM exiting with result code 0.
V/WindowOrientationListener(  915): mSContextAutoRotationListener.getProposedRotation, mbResultFaceDectection: false
V/WindowOrientationListener(  915): mSContextAutoRotationListener.getProposedRotation, Rotation: -1
V/WindowOrientationListener(  915): mSContextAutoRotationListener.getProposedRotation, mbResultFaceDectection: false
V/WindowOrientationListener(  915): mSContextAutoRotationListener.getProposedRotation, Rotation: -1
V/WindowManager(  915): rotationForOrientationLw(orient=-1, last=0); user=0 USER_ROTATION_LOCKED sensorRotation=-1 mLidState=-1 mDockMode=0 mHdmiPlugged=false
D/SContextService(  915): 	.registerCallback : 1, client=
W/CAE     (  915): setCAProperty(ContextAwareService.java:464) - [setProperty 01] Mutex is locked for AUTO_ROTATION
I/CAE     (  915): setPropertyValue(AutoRotationRunner.java:119) - Device Type = 0.0
I/CAE     (  915): setCAProperty(ContextAwareService.java:469) - result : true
W/CAE     (  915): setCAProperty(ContextAwareService.java:470) - [setProperty 02] Mutex is unlocked for AUTO_ROTATION
D/SContextService(  915): sendAttribute() : service = Auto Rotation
I/SurfaceFlinger(  257): id=442 createSurf (1x1),1 flag=4, Uoast
W/CAE     (  915): registerCallback(ContextAwareService.java:137) - [regi 01] Mutex is locked for AUTO_ROTATION
V/CAE     (  915): start(ContextProvider.java:126)
V/CAE     (  915): clear(AutoRotationRunner.java:182)
V/CAE     (  915): enable(AutoRotationRunner.java:158)
I/CAE     (  915): sendCmdToSensorHub(SensorHubCommManager.java:144) - -79, 7, 0, 0,
D/SensorHubManager(  915): SendSensorHubData: send data = -79, 7, 0, 0
D/Sensorhubs(  306): sendContextData: -79, 7, 0, 0
D/CAE     (  915): getFaultDetectionResult(AutoRotationRunner.java:195) - true
I/CAE     (  915): notifyCmdProcessResultObserver(ContextProvider.java:617) - CheckResult = 0, Cause = Success
D/PowerManagerService(  915): [api] acquire WakeLock flags=0x2000000a tag=WindowManager uid=1000 pid=915
D/CAE     (  915): doCommendProcess(ContextAwareService.java:314) - complete notify the operation result.
I/CAE     (  915): displayUsedCountForService(ContextAwareService.java:406) - totalCnt = 1, serviceCount = 1, subCollectionCount = 0
D/CAE     (  915): showListenerList(ContextAwareService.java:247) - ===== Context Aware Service List =====
I/CAE     (  915): showListenerList(ContextAwareService.java:256) - Listener : com.samsung.android.contextaware.manager.ContextAwareService$Listener@188e512, Service : AUTO_ROTATION(1)
W/CAE     (  915): registerCallback(ContextAwareService.java:173) - [regi 02] Mutex is unlocked for AUTO_ROTATION
D/SContextService(  915): addSContextService() : service = Auto Rotation
D/SContextService(  915): ===== SContext Service List =====
D/SContextService(  915): Listener : android.hardware.scontext.SContextService$Listener@1b0134e3, Service : Auto Rotation
D/SContextManager(  915):   .registerListener : listener = com.android.internal.policy.impl.WindowOrientationListener$SContextListenerImpl@3387d5a0, service=Auto Rotation
V/WindowOrientationListener(  915): mSContextAutoRotationListener.getProposedRotation, mbResultFaceDectection: false
V/WindowOrientationListener(  915): mSContextAutoRotationListener.getProposedRotation, Rotation: -1
V/WindowOrientationListener(  915): mSContextAutoRotationListener.getProposedRotation, mbResultFaceDectection: false
V/WindowOrientationListener(  915): mSContextAutoRotationListener.getProposedRotation, Rotation: -1
V/WindowManager(  915): rotationForOrientationLw(orient=-1, last=0); user=0  sensorRotation=-1 mLidState=-1 mDockMode=0 mHdmiPlugged=false
V/WindowOrientationListener(  915): mSContextAutoRotationListener.getProposedRotation, mbResultFaceDectection: false
V/WindowOrientationListener(  915): mSContextAutoRotationListener.getProposedRotation, Rotation: -1
V/WindowOrientationListener(  915): mSContextAutoRotationListener.getProposedRotation, mbResultFaceDectection: false
V/WindowOrientationListener(  915): mSContextAutoRotationListener.getProposedRotation, Rotation: -1
V/WindowManager(  915): rotationForOrientationLw(orient=-1, last=0); user=0  sensorRotation=-1 mLidState=-1 mDockMode=0 mHdmiPlugged=false
I/SurfaceFlinger(  257): id=440 Removed Uoast (8/10)
I/SurfaceFlinger(  257): id=440 Removed Uoast (-2/10)
D/SSRM:n  (  915): SIOP:: AP = 330, PST = 288, CUR = 450
I/SurfaceFlinger(  257): id=441 Removed Uoast (8/9)
I/SurfaceFlinger(  257): id=441 Removed Uoast (-2/9)
