I/PersonaManagerService(  915): PersonaId don't exist
I/ActivityManager(  915): do not start freezing screen for locked container getKeyguardshowstate = false
W/ActivityManager(  915): mDVFSHelper.acquire()
I/SurfaceFlinger(  257): id=467 Removed Uoast (8/11)
I/SurfaceFlinger(  257): id=467 Removed Uoast (-2/11)
I/Timeline(13300): Timeline: Activity_launch_request id:com.example.listviewtest time:2172028
E/PersonaManagerService(  915): inState():  stateMachine is null !!
I/PersonaManagerService(  915): PersonaId don't exist
I/ActivityManager(  915): do not start freezing screen for locked container getKeyguardshowstate = false
W/ActivityManager(  915): mDVFSHelper.acquire()
I/SurfaceFlinger(  257): id=468 Removed Uoast (8/10)
I/SurfaceFlinger(  257): id=468 Removed Uoast (-2/10)
I/InputDispatcher(  915): Delivering touch to (13314): action: 0x4, toolType: 0
I/InputDispatcher(  915): Delivering touch to (1183): action: 0x4, toolType: 0
I/InputDispatcher(  915): Delivering touch to (13314): action: 0x0, toolType: 0
I/InputDispatcher(  915): Delivering touch to (13314): action: 0x1, toolType: 0
I/NotificationService(  915): cancelToast pkg=com.example.listviewtest callback=android.app.ITransientNotification$Stub$Proxy@e727965
D/ViewRootImpl(13314): ViewPostImeInputStage ACTION_DOWN
D/PowerManagerService(  915): [api] [s] userActivity : event: 0 flags: 0 (uid: 1000 pid: 915) eventTime = 2172234
D/PowerManagerService(  915): [api] release WakeLock flags=0x2000000a tag=WindowManager uid=1000 pid=915 (0x0)
D/PowerManagerService(  915): [api] applyWakeLockFlagsOnReleaseLocked : userActivityNoUpdateLocked is called : SCREEN_BRIGHT_WAKE_LOCK        'WindowManager' ON_AFTER_RELEASE (uid=1000, pid=915, ws=WorkSource{10205}) (elapsedTime=400)
I/SurfaceFlinger(  257): id=469 Removed Uoast (8/9)
I/SurfaceFlinger(  257): id=469 Removed Uoast (-2/9)
I/SurfaceFlinger(  257): id=471 createSurf (1x1),1 flag=4, Uoast
D/PowerManagerService(  915): [api] acquire WakeLock flags=0x2000000a tag=WindowManager uid=1000 pid=915
I/InputDispatcher(  915): Delivering touch to (13314): action: 0x4, toolType: 0
I/InputDispatcher(  915): Delivering touch to (1183): action: 0x4, toolType: 0
I/InputDispatcher(  915): Delivering touch to (13314): action: 0x0, toolType: 0
I/InputDispatcher(  915): Delivering touch to (13314): action: 0x1, toolType: 0
I/NotificationService(  915): cancelToast pkg=com.example.listviewtest callback=android.app.ITransientNotification$Stub$Proxy@356b2848
D/ViewRootImpl(13314): ViewPostImeInputStage ACTION_DOWN
D/PowerManagerService(  915): [api] [s] userActivity : event: 0 flags: 0 (uid: 1000 pid: 915) eventTime = 2172435
D/PowerManagerService(  915): [api] release WakeLock flags=0x2000000a tag=WindowManager uid=1000 pid=915 (0x0)
D/PowerManagerService(  915): [api] applyWakeLockFlagsOnReleaseLocked : userActivityNoUpdateLocked is called : SCREEN_BRIGHT_WAKE_LOCK        'WindowManager' ON_AFTER_RELEASE (uid=1000, pid=915, ws=WorkSource{10205}) (elapsedTime=91)
I/SurfaceFlinger(  257): id=472 createSurf (1x1),1 flag=4, Uoast
D/PowerManagerService(  915): [api] acquire WakeLock flags=0x2000000a tag=WindowManager uid=1000 pid=915
I/InputDispatcher(  915): Delivering touch to (13314): action: 0x4, toolType: 0
I/InputDispatcher(  915): Delivering touch to (1183): action: 0x4, toolType: 0
I/InputDispatcher(  915): Delivering touch to (13314): action: 0x0, toolType: 0
I/InputDispatcher(  915): Delivering touch to (13314): action: 0x1, toolType: 0
D/ViewRootImpl(13314): ViewPostImeInputStage ACTION_DOWN
I/NotificationService(  915): cancelToast pkg=com.example.listviewtest callback=android.app.ITransientNotification$Stub$Proxy@88482c7
D/PowerManagerService(  915): [api] [s] userActivity : event: 0 flags: 0 (uid: 1000 pid: 915) eventTime = 2172600
D/PowerManagerService(  915): [api] release WakeLock flags=0x2000000a tag=WindowManager uid=1000 pid=915 (0x0)
D/PowerManagerService(  915): [api] applyWakeLockFlagsOnReleaseLocked : userActivityNoUpdateLocked is called : SCREEN_BRIGHT_WAKE_LOCK        'WindowManager' ON_AFTER_RELEASE (uid=1000, pid=915, ws=WorkSource{10205}) (elapsedTime=87)
I/SurfaceFlinger(  257): id=473 createSurf (1x1),1 flag=4, Uoast
D/PowerManagerService(  915): [api] acquire WakeLock flags=0x2000000a tag=WindowManager uid=1000 pid=915
I/InputDispatcher(  915): Delivering touch to (13314): action: 0x4, toolType: 0
I/InputDispatcher(  915): Delivering touch to (1183): action: 0x4, toolType: 0
I/InputDispatcher(  915): Delivering touch to (13314): action: 0x0, toolType: 0
I/InputDispatcher(  915): Delivering touch to (13314): action: 0x1, toolType: 0
I/NotificationService(  915): cancelToast pkg=com.example.listviewtest callback=android.app.ITransientNotification$Stub$Proxy@17e9c292
D/ViewRootImpl(13314): ViewPostImeInputStage ACTION_DOWN
D/PowerManagerService(  915): [api] [s] userActivity : event: 0 flags: 0 (uid: 1000 pid: 915) eventTime = 2172724
D/PowerManagerService(  915): [api] release WakeLock flags=0x2000000a tag=WindowManager uid=1000 pid=915 (0x0)
D/PowerManagerService(  915): [api] applyWakeLockFlagsOnReleaseLocked : userActivityNoUpdateLocked is called : SCREEN_BRIGHT_WAKE_LOCK        'WindowManager' ON_AFTER_RELEASE (uid=1000, pid=915, ws=WorkSource{10205}) (elapsedTime=63)
I/SurfaceFlinger(  257): id=470 Removed Uoast (8/11)
I/SurfaceFlinger(  257): id=470 Removed Uoast (-2/11)
I/SurfaceFlinger(  257): id=474 createSurf (1x1),1 flag=4, Uoast
D/PowerManagerService(  915): [api] acquire WakeLock flags=0x2000000a tag=WindowManager uid=1000 pid=915
I/InputDispatcher(  915): Delivering touch to (13314): action: 0x0, toolType: 0
I/InputDispatcher(  915): Delivering touch to (13314): action: 0x1, toolType: 0
D/ViewRootImpl(13314): ViewPostImeInputStage ACTION_DOWN
I/NotificationService(  915): cancelToast pkg=com.example.listviewtest callback=android.app.ITransientNotification$Stub$Proxy@3b77f119
D/PowerManagerService(  915): [api] [s] userActivity : event: 0 flags: 0 (uid: 1000 pid: 915) eventTime = 2172860
D/PowerManagerService(  915): [api] release WakeLock flags=0x2000000a tag=WindowManager uid=1000 pid=915 (0x0)
D/PowerManagerService(  915): [api] applyWakeLockFlagsOnReleaseLocked : userActivityNoUpdateLocked is called : SCREEN_BRIGHT_WAKE_LOCK        'WindowManager' ON_AFTER_RELEASE (uid=1000, pid=915, ws=WorkSource{10205}) (elapsedTime=68)
I/SurfaceFlinger(  257): id=471 Removed Uoast (8/11)
I/SurfaceFlinger(  257): id=471 Removed Uoast (-2/11)
I/InputDispatcher(  915): Delivering touch to (1183): action: 0x4, toolType: 0
I/InputDispatcher(  915): Delivering touch to (13314): action: 0x0, toolType: 0
I/InputDispatcher(  915): Delivering touch to (13314): action: 0x1, toolType: 0
D/ViewRootImpl(13314): ViewPostImeInputStage ACTION_DOWN
I/SurfaceFlinger(  257): id=475 createSurf (1x1),1 flag=4, Uoast
D/PowerManagerService(  915): [api] acquire WakeLock flags=0x2000000a tag=WindowManager uid=1000 pid=915
I/InputDispatcher(  915): Delivering touch to (13314): action: 0x4, toolType: 0
I/InputDispatcher(  915): Delivering touch to (1183): action: 0x4, toolType: 0
I/InputDispatcher(  915): Delivering touch to (13314): action: 0x0, toolType: 0
I/SurfaceFlinger(  257): id=472 Removed Uoast (8/11)
I/SurfaceFlinger(  257): id=472 Removed Uoast (-2/11)
I/InputDispatcher(  915): Delivering touch to (13314): action: 0x1, toolType: 0
I/NotificationService(  915): cancelToast pkg=com.example.listviewtest callback=android.app.ITransientNotification$Stub$Proxy@114fa8c
D/ViewRootImpl(13314): ViewPostImeInputStage ACTION_DOWN
D/PowerManagerService(  915): [api] [s] userActivity : event: 0 flags: 0 (uid: 1000 pid: 915) eventTime = 2173175
D/PowerManagerService(  915): [api] release WakeLock flags=0x2000000a tag=WindowManager uid=1000 pid=915 (0x0)
D/PowerManagerService(  915): [api] applyWakeLockFlagsOnReleaseLocked : userActivityNoUpdateLocked is called : SCREEN_BRIGHT_WAKE_LOCK        'WindowManager' ON_AFTER_RELEASE (uid=1000, pid=915, ws=WorkSource{10205}) (elapsedTime=69)
I/SurfaceFlinger(  257): id=476 createSurf (1x1),1 flag=4, Uoast
I/SurfaceFlinger(  257): id=473 Removed Uoast (8/11)
I/SurfaceFlinger(  257): id=473 Removed Uoast (-2/11)
D/PowerManagerService(  915): [api] acquire WakeLock flags=0x2000000a tag=WindowManager uid=1000 pid=915
I/InputDispatcher(  915): Delivering touch to (13314): action: 0x4, toolType: 0
I/InputDispatcher(  915): Delivering touch to (1183): action: 0x4, toolType: 0
I/InputDispatcher(  915): Delivering touch to (13314): action: 0x0, toolType: 0
I/InputDispatcher(  915): Delivering touch to (13314): action: 0x1, toolType: 0
D/ViewRootImpl(13314): ViewPostImeInputStage ACTION_DOWN
I/NotificationService(  915): cancelToast pkg=com.example.listviewtest callback=android.app.ITransientNotification$Stub$Proxy@29341cdb
D/PowerManagerService(  915): [api] [s] userActivity : event: 0 flags: 0 (uid: 1000 pid: 915) eventTime = 2173343
D/PowerManagerService(  915): [api] release WakeLock flags=0x2000000a tag=WindowManager uid=1000 pid=915 (0x0)
D/PowerManagerService(  915): [api] applyWakeLockFlagsOnReleaseLocked : userActivityNoUpdateLocked is called : SCREEN_BRIGHT_WAKE_LOCK        'WindowManager' ON_AFTER_RELEASE (uid=1000, pid=915, ws=WorkSource{10205}) (elapsedTime=70)
I/SurfaceFlinger(  257): id=474 Removed Uoast (8/10)
I/SurfaceFlinger(  257): id=474 Removed Uoast (-2/10)
I/SurfaceFlinger(  257): id=477 createSurf (1x1),1 flag=4, Uoast
D/PowerManagerService(  915): [api] acquire WakeLock flags=0x2000000a tag=WindowManager uid=1000 pid=915
I/Timeline(13300): Timeline: Activity_launch_request id:com.example.listviewtest time:2173464
E/PersonaManagerService(  915): inState():  stateMachine is null !!
I/PersonaManagerService(  915): PersonaId don't exist
I/ActivityManager(  915): do not start freezing screen for locked container getKeyguardshowstate = false
W/ActivityManager(  915): mDVFSHelper.acquire()
I/SurfaceFlinger(  257): id=475 Removed Uoast (8/10)
I/SurfaceFlinger(  257): id=475 Removed Uoast (-2/10)
I/InputDispatcher(  915): Delivering key to (13314): action: 0x0 (0)
D/InputDispatcher(  915): Waiting for application to become ready for input: xxxx Reason: Waiting to send key event because the focused window has not finished processing all of the input events that were previously delivered to it.  Outbound queue length: 0.  Wait queue length: 1.
V/AudioPolicyManager(  297): getOutputsForDevice device 0002 -> 0002
D/VolumePanel.2dd25c98( 1183): onVolumeChanged(streamType: 2, flags: 1)
I/InputDispatcher(  915): Delivering key to (13314): action: 0x1 (0)
D/VolumePanel( 1183): phoneIsOffhook : phoneOffhook = false
D/VolumePanel( 1183): Call setMode(ProgressBar.MODE_STANDARD)_#4
D/VolumePanel( 1183): onVolumeChanged : call reorderSliders
D/VolumePanel( 1183): updateSliderProgress : progress = -1
V/AudioPolicyManager(  297): getOutputsForDevice device 0002 -> 0002
I/AudioService(  915): getStreamVolume 2 index 0
D/VolumePanel( 1183): updateSliderIcon : zen = 0
D/VolumePanel( 1183): updateSliderIcon : isZenPriority = false
D/VolumePanel.2dd25c98( 1183): setZenPanelVisible true mZenPanel=com.android.systemui.volume.ZenModePanel{2f14ee5 G.E..... ......I. 0,0-0,0 #7f0d0399 app:id/zen_mode_panel}
D/ZenModePanel( 1183): mZenSubhead.getWidth() = 0, mZenSubhead.getPaddingLeft() - 24, mZenSubhead.getPaddingRight() = 48, mMoreSettings.getWidth() = 0
D/VolumePanel( 1183): setZenPanelVisible : call resetTimeout() #1
D/VolumePanel.2dd25c98( 1183): resetTimeout at 1575210828981 delay=3000 touchExploration=false
D/VolumePanel( 1183): resetTimeout : call sendEmptyMessageDelayed : MSG_TIMEOUT
D/VolumePanel( 1183): setZenPanelVisible : call resetTimeout() #2
D/VolumePanel.2dd25c98( 1183): resetTimeout at 1575210828981 delay=3000 touchExploration=false
D/VolumePanel( 1183): resetTimeout : call sendEmptyMessageDelayed : MSG_TIMEOUT
D/VolumePanel( 1183): updateSliderProgress : progress = -1
I/AudioService(  915): getStreamVolume 3 index 0
V/AudioPolicyManager(  297): getOutputsForDevice device 0002 -> 0002
D/VolumePanel( 1183): updateSliderIcon : zen = 0
D/VolumePanel( 1183): updateSliderIcon : isZenPriority = false
D/VolumePanel( 1183): addOtherVolumes stream : 3
D/VolumePanel( 1183): updateSliderProgress : progress = -1
V/AudioPolicyManager(  297): getOutputsForDevice device 0002 -> 0002
I/AudioService(  915): getStreamVolume 5 index 110
D/VolumePanel( 1183): updateSliderIcon : zen = 0
D/VolumePanel( 1183): updateSliderIcon : isZenPriority = false
D/VolumePanel( 1183): addOtherVolumes stream : 5
D/VolumePanel( 1183): updateSliderProgress : progress = -1
I/AudioService(  915): getStreamVolume 1 index 90
D/VolumePanel( 1183): updateSliderIcon : zen = 0
D/VolumePanel( 1183): updateSliderIcon : isZenPriority = false
D/VolumePanel( 1183): addOtherVolumes stream : STREAM_SYSTEM
V/AudioPolicyManager(  297): getOutputsForDevice device 0002 -> 0002
I/AudioService(  915): getStreamVolume 2 index 0
D/VolumePanel.2dd25c98( 1183): onShowVolumeChanged(streamType: 2, flags: 1), index: 0
D/RingtoneManager( 1183): getActualDefaultRingtoneUri  type    :1
D/RingtoneManager( 1183): checkDefaultRingtoneProperUri : InternalMediaAudio uriString not null    type:1
D/VolumePanel( 1183): updateSliderProgress : progress = 0
D/VolumePanel( 1183): mCoverManager.getCoverState() : true
D/VolumePanel( 1183): mCoverManager.getCoverState() : true
D/VolumePanel( 1183): onShowVolumeChanged: Cover is opened
D/VolumePanel( 1183): ===== Start updateLayout =====
D/VolumePanel( 1183): updateLayout : lp.width = 954, lp.y = 144
I/SurfaceFlinger(  257): id=476 Removed Uoast (8/9)
I/SurfaceFlinger(  257): id=476 Removed Uoast (-2/9)
D/VolumePanel( 1183): onVolumeChanged : call resetTimeout()
D/VolumePanel.2dd25c98( 1183): resetTimeout at 1575210829034 delay=3000 touchExploration=false
D/VolumePanel( 1183): resetTimeout : call sendEmptyMessageDelayed : MSG_TIMEOUT
D/ZenModePanel( 1183): makeSubheadDescription : ringerMode = 1
D/ZenModePanel( 1183): makeSubheadDescription : subheadDescription = 
D/ZenModePanel( 1183): mZenSubhead.getWidth() = 0, mZenSubhead.getPaddingLeft() - 24, mZenSubhead.getPaddingRight() = 48, mMoreSettings.getWidth() = 0
I/SurfaceFlinger(  257): id=478 createSurf (193x193),1 flag=4, WolumePanel
D/VolumePanel.2dd25c98( 1183): onVolumeChanged(streamType: 2, flags: 4)
D/VolumePanel( 1183): phoneIsOffhook : phoneOffhook = false
D/VolumePanel( 1183): Call setMode(ProgressBar.MODE_STANDARD)_#4
D/VolumePanel( 1183): onVolumeChanged : call resetTimeout()
D/VolumePanel.2dd25c98( 1183): resetTimeout at 1575210829076 delay=3000 touchExploration=false
D/VolumePanel( 1183): resetTimeout : call sendEmptyMessageDelayed : MSG_TIMEOUT
V/AudioPolicyManager(  297): getOutput() device 2, stream 2, samplingRate 0, format 0, channelMask 0, flags 3
V/AudioPolicyManager(  297): getOutputsForDevice device 0002 -> 0002
V/AudioPolicyManager(  297): getOutput() returns output 2
V/AudioPolicyManager(  297): getOutput() device 2, stream 2, samplingRate 0, format 0, channelMask 0, flags 3
V/AudioPolicyManager(  297): getOutputsForDevice device 0002 -> 0002
V/AudioPolicyManager(  297): getOutput() returns output 2
V/AudioPolicyManager(  297): getOutputForAttr() usage=6, content=4, tag= flags=00000000
V/AudioPolicyManager(  297): getOutputForAttr() device 2, samplingRate 44100, format 1, channelMask 3, flags 4
V/AudioPolicyManager(  297): getOutputsForDevice device 0002 -> 0002
V/AudioPolicyManager(  297): getOutput() returns output 2
W/AudioTrack( 1183): AUDIO_OUTPUT_FLAG_FAST denied by client
V/AudioPolicyManager(  297): startOutput() output 2, stream 2, session 79
V/AudioPolicyManager(  297): changeRefCount() stream 2, count 1
V/AudioPolicyManager(  297): getNewOutputDevice() selected device 2
V/AudioPolicyManager(  297): setOutputDevice() output 2 device 0002 delayMs 0
V/AudioPolicyManager(  297): setOutputDevice() prevDevice 0002
V/AudioPolicyManager(  297): setOutputDevice() setting same device 0002 or null device for output 2
D/SoundAliveResampler(  297): [SoundAliveResampler] Init+++
V/audio_hw_primary(  297): start_output_stream: enter: usecase(0: deep-buffer-playback) devices(0x2)
V/audio_hw_primary(  297): select_devices: ENTER
V/audio_hw_primary(  297): select_devices: usecase(normal)
V/audio_hw_primary(  297): select_devices: usecase(PCM_PLAYBACK)
V/msm8974_platform(  297): platform_get_output_snd_device: enter: output devices(0x2)
V/msm8974_platform(  297): get_OUTPUT_snd_device: for Normal Playback
V/msm8974_platform(  297): platform_get_output_snd_device: exit: snd_device(speaker)
D/audio_hw_primary(  297): select_devices: out_snd_device(2: speaker)
D/audio_hw_primary(  297): select_devices: in_snd_device(0: dummy)
D/ACDB-LOADER(  297): ACDB -> send_audio_cal, acdb_id = 15, path =  0
D/ACDB-LOADER(  297): ACDB -> send_adm_topology
D/ACDB-LOADER(  297): ACDB -> ACDB_CMD_GET_AUDPROC_COMMON_TOPOLOGY_ID
V/AudioPolicyManager(  297): releaseOutput() 2
D/ACDB-LOADER(  297): ACDB -> send_asm_topology
D/ACDB-LOADER(  297): ACDB -> ACDB_CMD_GET_AUDPROC_STREAM_TOPOLOGY_ID
D/ACDB-LOADER(  297): ACDB -> send_audtable
D/ACDB-LOADER(  297): ACDB -> ACDB_CMD_GET_AUDPROC_COMMON_TABLE
D/ACDB-LOADER(  297): ACDB -> AUDIO_SET_AUDPROC_CAL
D/ACDB-LOADER(  297): ACDB -> send_audvoltable
D/ACDB-LOADER(  297): ACDB -> ACDB_CMD_GET_AUDPROC_GAIN_DEP_STEP_TABLE
D/ACDB-LOADER(  297): ACDB -> AUDIO_SET_AUDPROC_VOL_CAL
D/ACDB-LOADER(  297): ACDB -> send_afe_cal
D/ACDB-LOADER(  297): ACDB -> ACDB_CMD_GET_AFE_COMMON_TABLE
D/ACDB-LOADER(  297): ACDB -> AUDIO_SET_AFE_CAL
V/audio_hw_primary(  297): enable_snd_device: snd_device(2: speaker, speaker)
D/audio_route(  297): ++++ audio_route_update_mixer ==============
D/audio_route(  297): Setting mixer control: SPK DRV Volume
D/audio_route(  297): Setting mixer control: value: 8
D/audio_route(  297): Setting mixer control: RX7 Digital Volume
D/audio_route(  297): Setting mixer control: value: 81
D/audio_route(  297): Setting mixer control: COMP0 Switch
D/audio_route(  297): Setting mixer control: value: 1
D/audio_route(  297): Setting mixer control: RX7 MIX1 INP1, value: 5
D/audio_route(  297): Setting mixer control: DAC1 Switch
D/audio_route(  297): Setting mixer control: value: 1
D/audio_route(  297): Setting mixer control: SPK Status
D/audio_route(  297): Setting mixer control: value: 1
D/audio_route(  297): ------ audio_route_update_mixer ==============
V/audio_hw_primary(  297): enable_audio_route: enter: usecase(0)
V/audio_hw_primary(  297): enable_audio_route: apply mixer path: deep-buffer-playback
D/audio_route(  297): ++++ audio_route_update_mixer ==============
D/audio_route(  297): Setting mixer control: SLIMBUS_0_RX Audio Mixer MultiMedia1
D/audio_route(  297): Setting mixer control: value: 1
D/audio_route(  297): ------ audio_route_update_mixer ==============
V/audio_hw_primary(  297): enable_audio_route: exit
V/audio_hw_primary(  297): start_output_stream: Opening PCM device card_id(0) device_id(0)
V/audio_hw_primary(  297): start_output_stream: exit
D/PowerManagerService(  915): [api] [s] userActivity : event: 0 flags: 0 (uid: 10064 pid: 1183) eventTime = 2173962
I/Timeline(13300): Timeline: Activity_launch_request id:com.example.listviewtest time:2173985
E/PersonaManagerService(  915): inState():  stateMachine is null !!
I/PersonaManagerService(  915): PersonaId don't exist
I/ActivityManager(  915): do not start freezing screen for locked container getKeyguardshowstate = false
W/ActivityManager(  915): mDVFSHelper.acquire()
V/AudioPolicyManager(  297): stopOutput() output 2, stream 2, session 79
V/AudioPolicyManager(  297): changeRefCount() stream 2, count 0
V/AudioPolicyManager(  297): getNewOutputDevice() selected device 0
V/AudioPolicyManager(  297): setOutputDevice() output 2 device 0000 delayMs 160
V/AudioPolicyManager(  297): setOutputDevice() prevDevice 0002
V/AudioPolicyManager(  297): setOutputDevice() setting same device 0000 or null device for output 2
I/InputDispatcher(  915): Delivering key to (13314): action: 0x0 (0)
I/InputDispatcher(  915): Delivering key to (13314): action: 0x1 (0)
E/SMD     (  291): DCD ON
D/PackageManager(  915): [MSG] WRITE_PACKAGE_RESTRICTIONS
I/InputDispatcher(  915): Delivering touch to (13314): action: 0x4, toolType: 0
I/InputDispatcher(  915): Delivering touch to (1183): action: 0x4, toolType: 0
I/InputDispatcher(  915): Delivering touch to (1183): action: 0x4, toolType: 0
I/InputDispatcher(  915): Delivering touch to (13314): action: 0x0, toolType: 0
D/VolumePanel.2dd25c98( 1183): forceTimeout delay=0 callers=com.android.systemui.volume.VolumePanel.access$200:122 com.android.systemui.volume.VolumePanel$2.onTouchEvent:731 android.app.Dialog.dispatchTouchEvent:866 
D/VolumePanel( 1183): handleMessage : call mDialog.dismiss()
I/NotificationService(  915): cancelToast pkg=com.example.listviewtest callback=android.app.ITransientNotification$Stub$Proxy@35ee0f24
I/InputDispatcher(  915): Delivering touch to (13314): action: 0x1, toolType: 0
D/ViewRootImpl(13314): ViewPostImeInputStage ACTION_DOWN
D/PowerManagerService(  915): [api] [s] userActivity : event: 0 flags: 0 (uid: 1000 pid: 915) eventTime = 2174358
D/PowerManagerService(  915): [api] release WakeLock flags=0x2000000a tag=WindowManager uid=1000 pid=915 (0x0)
D/PowerManagerService(  915): [api] applyWakeLockFlagsOnReleaseLocked : userActivityNoUpdateLocked is called : SCREEN_BRIGHT_WAKE_LOCK        'WindowManager' ON_AFTER_RELEASE (uid=1000, pid=915, ws=WorkSource{10205}) (elapsedTime=942)
D/VolumePanel.2dd25c98( 1183): setZenPanelVisible false mZenPanel=com.android.systemui.volume.ZenModePanel{2f14ee5 G.E..... ......I. 0,0-0,0 #7f0d0399 app:id/zen_mode_panel}
D/ZenModePanel( 1183): mZenSubhead.getWidth() = 0, mZenSubhead.getPaddingLeft() - 24, mZenSubhead.getPaddingRight() = 48, mMoreSettings.getWidth() = 0
I/SurfaceFlinger(  257): id=479 createSurf (1x1),1 flag=4, Uoast
D/PowerManagerService(  915): [api] acquire WakeLock flags=0x2000000a tag=WindowManager uid=1000 pid=915
I/InputDispatcher(  915): Delivering touch to (13314): action: 0x4, toolType: 0
I/InputDispatcher(  915): Delivering touch to (1183): action: 0x4, toolType: 0
I/InputDispatcher(  915): Delivering touch to (13314): action: 0x0, toolType: 0
I/InputDispatcher(  915): Delivering touch to (13314): action: 0x1, toolType: 0
I/NotificationService(  915): cancelToast pkg=com.example.listviewtest callback=android.app.ITransientNotification$Stub$Proxy@74c53
D/ViewRootImpl(13314): ViewPostImeInputStage ACTION_DOWN
D/PowerManagerService(  915): [api] [s] userActivity : event: 0 flags: 0 (uid: 1000 pid: 915) eventTime = 2174506
D/PowerManagerService(  915): [api] release WakeLock flags=0x2000000a tag=WindowManager uid=1000 pid=915 (0x0)
D/PowerManagerService(  915): [api] applyWakeLockFlagsOnReleaseLocked : userActivityNoUpdateLocked is called : SCREEN_BRIGHT_WAKE_LOCK        'WindowManager' ON_AFTER_RELEASE (uid=1000, pid=915, ws=WorkSource{10205}) (elapsedTime=59)
I/SurfaceFlinger(  257): id=478 Removed WolumePanel (8/10)
I/SurfaceFlinger(  257): id=478 Removed WolumePanel (-2/10)
I/SurfaceFlinger(  257): id=480 createSurf (1x1),1 flag=4, Uoast
D/PowerManagerService(  915): [api] acquire WakeLock flags=0x2000000a tag=WindowManager uid=1000 pid=915
I/InputDispatcher(  915): Delivering touch to (13314): action: 0x4, toolType: 0
I/InputDispatcher(  915): Delivering touch to (1183): action: 0x4, toolType: 0
I/InputDispatcher(  915): Delivering touch to (13314): action: 0x0, toolType: 0
I/InputDispatcher(  915): Delivering touch to (13314): action: 0x1, toolType: 0
I/NotificationService(  915): cancelToast pkg=com.example.listviewtest callback=android.app.ITransientNotification$Stub$Proxy@cc1128e
D/ViewRootImpl(13314): ViewPostImeInputStage ACTION_DOWN
D/PowerManagerService(  915): [api] [s] userActivity : event: 0 flags: 0 (uid: 1000 pid: 915) eventTime = 2174666
D/PowerManagerService(  915): [api] release WakeLock flags=0x2000000a tag=WindowManager uid=1000 pid=915 (0x0)
D/PowerManagerService(  915): [api] applyWakeLockFlagsOnReleaseLocked : userActivityNoUpdateLocked is called : SCREEN_BRIGHT_WAKE_LOCK        'WindowManager' ON_AFTER_RELEASE (uid=1000, pid=915, ws=WorkSource{10205}) (elapsedTime=53)
I/SurfaceFlinger(  257): id=481 createSurf (1x1),1 flag=4, Uoast
D/PowerManagerService(  915): [api] acquire WakeLock flags=0x2000000a tag=WindowManager uid=1000 pid=915
I/InputDispatcher(  915): Delivering touch to (13314): action: 0x4, toolType: 0
I/InputDispatcher(  915): Delivering touch to (1183): action: 0x4, toolType: 0
I/InputDispatcher(  915): Delivering touch to (13314): action: 0x0, toolType: 0
I/InputDispatcher(  915): Delivering touch to (13314): action: 0x1, toolType: 0
I/NotificationService(  915): cancelToast pkg=com.example.listviewtest callback=android.app.ITransientNotification$Stub$Proxy@47c8e45
D/ViewRootImpl(13314): ViewPostImeInputStage ACTION_DOWN
D/PowerManagerService(  915): [api] [s] userActivity : event: 0 flags: 0 (uid: 1000 pid: 915) eventTime = 2174838
D/PowerManagerService(  915): [api] release WakeLock flags=0x2000000a tag=WindowManager uid=1000 pid=915 (0x0)
D/PowerManagerService(  915): [api] applyWakeLockFlagsOnReleaseLocked : userActivityNoUpdateLocked is called : SCREEN_BRIGHT_WAKE_LOCK        'WindowManager' ON_AFTER_RELEASE (uid=1000, pid=915, ws=WorkSource{10205}) (elapsedTime=75)
I/SurfaceFlinger(  257): id=477 Removed Uoast (8/11)
I/SurfaceFlinger(  257): id=477 Removed Uoast (-2/11)
I/SurfaceFlinger(  257): id=482 createSurf (1x1),1 flag=4, Uoast
D/PowerManagerService(  915): [api] acquire WakeLock flags=0x2000000a tag=WindowManager uid=1000 pid=915
I/InputDispatcher(  915): Delivering touch to (13314): action: 0x4, toolType: 0
I/InputDispatcher(  915): Delivering touch to (1183): action: 0x4, toolType: 0
I/InputDispatcher(  915): Delivering touch to (13314): action: 0x0, toolType: 0
I/InputDispatcher(  915): Delivering touch to (13314): action: 0x1, toolType: 0
D/ViewRootImpl(13314): ViewPostImeInputStage ACTION_DOWN
I/NotificationService(  915): cancelToast pkg=com.example.listviewtest callback=android.app.ITransientNotification$Stub$Proxy@3406aa8
D/PowerManagerService(  915): [api] [s] userActivity : event: 0 flags: 0 (uid: 1000 pid: 915) eventTime = 2174991
D/PowerManagerService(  915): [api] release WakeLock flags=0x2000000a tag=WindowManager uid=1000 pid=915 (0x0)
D/PowerManagerService(  915): [api] applyWakeLockFlagsOnReleaseLocked : userActivityNoUpdateLocked is called : SCREEN_BRIGHT_WAKE_LOCK        'WindowManager' ON_AFTER_RELEASE (uid=1000, pid=915, ws=WorkSource{10205}) (elapsedTime=47)
I/SurfaceFlinger(  257): id=479 Removed Uoast (8/11)
I/SurfaceFlinger(  257): id=479 Removed Uoast (-2/11)
I/SurfaceFlinger(  257): id=483 createSurf (1x1),1 flag=4, Uoast
D/PowerManagerService(  915): [api] acquire WakeLock flags=0x2000000a tag=WindowManager uid=1000 pid=915
I/art     (13314): Explicit concurrent mark sweep GC freed 14115(689KB) AllocSpace objects, 2(32KB) LOS objects, 40% free, 19MB/31MB, paused 1.408ms total 55.827ms
I/InputDispatcher(  915): Delivering touch to (13314): action: 0x4, toolType: 0
I/InputDispatcher(  915): Delivering touch to (1183): action: 0x4, toolType: 0
I/InputDispatcher(  915): Delivering touch to (13314): action: 0x0, toolType: 0
I/NotificationService(  915): cancelToast pkg=com.example.listviewtest callback=android.app.ITransientNotification$Stub$Proxy@15eaf0a7
I/InputDispatcher(  915): Delivering touch to (13314): action: 0x1, toolType: 0
D/ViewRootImpl(13314): ViewPostImeInputStage ACTION_DOWN
D/PowerManagerService(  915): [api] [s] userActivity : event: 0 flags: 0 (uid: 1000 pid: 915) eventTime = 2175152
D/PowerManagerService(  915): [api] release WakeLock flags=0x2000000a tag=WindowManager uid=1000 pid=915 (0x0)
D/PowerManagerService(  915): [api] applyWakeLockFlagsOnReleaseLocked : userActivityNoUpdateLocked is called : SCREEN_BRIGHT_WAKE_LOCK        'WindowManager' ON_AFTER_RELEASE (uid=1000, pid=915, ws=WorkSource{10205}) (elapsedTime=75)
I/SurfaceFlinger(  257): id=480 Removed Uoast (8/11)
I/SurfaceFlinger(  257): id=480 Removed Uoast (-2/11)
I/SurfaceFlinger(  257): id=484 createSurf (1x1),1 flag=4, Uoast
I/art     (13314): Explicit concurrent mark sweep GC freed 6560(361KB) AllocSpace objects, 0(0B) LOS objects, 40% free, 18MB/31MB, paused 1.648ms total 39.264ms
D/PowerManagerService(  915): [api] acquire WakeLock flags=0x2000000a tag=WindowManager uid=1000 pid=915
I/InputDispatcher(  915): Delivering touch to (13314): action: 0x4, toolType: 0
I/InputDispatcher(  915): Delivering touch to (1183): action: 0x4, toolType: 0
I/InputDispatcher(  915): Delivering touch to (13314): action: 0x0, toolType: 0
D/ViewRootImpl(13314): ViewPostImeInputStage ACTION_DOWN
I/NotificationService(  915): cancelToast pkg=com.example.listviewtest callback=android.app.ITransientNotification$Stub$Proxy@3065f1f2
I/InputDispatcher(  915): Delivering touch to (13314): action: 0x1, toolType: 0
D/PowerManagerService(  915): [api] [s] userActivity : event: 0 flags: 0 (uid: 1000 pid: 915) eventTime = 2175284
D/PowerManagerService(  915): [api] release WakeLock flags=0x2000000a tag=WindowManager uid=1000 pid=915 (0x0)
D/PowerManagerService(  915): [api] applyWakeLockFlagsOnReleaseLocked : userActivityNoUpdateLocked is called : SCREEN_BRIGHT_WAKE_LOCK        'WindowManager' ON_AFTER_RELEASE (uid=1000, pid=915, ws=WorkSource{10205}) (elapsedTime=59)
E/libEGL  (13314): call to OpenGL ES API with no current context (logged once per thread)
I/art     (13314): Explicit concurrent mark sweep GC freed 318(16KB) AllocSpace objects, 0(0B) LOS objects, 40% free, 18MB/31MB, paused 563us total 43.410ms
I/SurfaceFlinger(  257): id=481 Removed Uoast (8/11)
I/SurfaceFlinger(  257): id=481 Removed Uoast (-2/11)
I/InputDispatcher(  915): Delivering touch to (1183): action: 0x4, toolType: 0
D/ViewRootImpl(13314): ViewPostImeInputStage ACTION_DOWN
I/InputDispatcher(  915): Delivering touch to (13314): action: 0x0, toolType: 0
I/InputDispatcher(  915): Delivering touch to (13314): action: 0x1, toolType: 0
I/art     (13314): Explicit concurrent mark sweep GC freed 284(15KB) AllocSpace objects, 0(0B) LOS objects, 40% free, 18MB/31MB, paused 409us total 27.435ms
I/SurfaceFlinger(  257): id=485 createSurf (1x1),1 flag=4, Uoast
I/SurfaceFlinger(  257): id=482 Removed Uoast (8/11)
I/SurfaceFlinger(  257): id=482 Removed Uoast (-2/11)
D/PowerManagerService(  915): [api] acquire WakeLock flags=0x2000000a tag=WindowManager uid=1000 pid=915
I/InputDispatcher(  915): Delivering touch to (13314): action: 0x4, toolType: 0
I/InputDispatcher(  915): Delivering touch to (1183): action: 0x4, toolType: 0
I/InputDispatcher(  915): Delivering touch to (13314): action: 0x0, toolType: 0
I/InputDispatcher(  915): Delivering touch to (13314): action: 0x1, toolType: 0
D/ViewRootImpl(13314): ViewPostImeInputStage ACTION_DOWN
I/NotificationService(  915): cancelToast pkg=com.example.listviewtest callback=android.app.ITransientNotification$Stub$Proxy@1fefeff9
D/PowerManagerService(  915): [api] [s] userActivity : event: 0 flags: 0 (uid: 1000 pid: 915) eventTime = 2175598
I/art     (13314): Explicit concurrent mark sweep GC freed 535(24KB) AllocSpace objects, 0(0B) LOS objects, 40% free, 18MB/31MB, paused 448us total 28.995ms
D/PowerManagerService(  915): [api] release WakeLock flags=0x2000000a tag=WindowManager uid=1000 pid=915 (0x0)
D/PowerManagerService(  915): [api] applyWakeLockFlagsOnReleaseLocked : userActivityNoUpdateLocked is called : SCREEN_BRIGHT_WAKE_LOCK        'WindowManager' ON_AFTER_RELEASE (uid=1000, pid=915, ws=WorkSource{10205}) (elapsedTime=60)
I/SurfaceFlinger(  257): id=486 createSurf (1x1),1 flag=4, Uoast
D/PowerManagerService(  915): [api] acquire WakeLock flags=0x2000000a tag=WindowManager uid=1000 pid=915
I/SurfaceFlinger(  257): id=483 Removed Uoast (8/11)
I/SurfaceFlinger(  257): id=483 Removed Uoast (-2/11)
I/SurfaceFlinger(  257): id=484 Removed Uoast (8/10)
I/SurfaceFlinger(  257): id=484 Removed Uoast (-2/10)
I/InputDispatcher(  915): Delivering key to (13314): action: 0x0 (0)
D/InputDispatcher(  915): Waiting for application to become ready for input: xxxx Reason: Waiting to send key event because the focused window has not finished processing all of the input events that were previously delivered to it.  Outbound queue length: 0.  Wait queue length: 1.
V/AudioPolicyManager(  297): getOutputsForDevice device 0002 -> 0002
D/VolumePanel.2dd25c98( 1183): onVolumeChanged(streamType: 2, flags: 1)
I/InputDispatcher(  915): Delivering key to (13314): action: 0x1 (0)
D/VolumePanel( 1183): phoneIsOffhook : phoneOffhook = false
D/VolumePanel( 1183): Call setMode(ProgressBar.MODE_STANDARD)_#4
D/VolumePanel( 1183): onVolumeChanged : call reorderSliders
D/VolumePanel( 1183): updateSliderProgress : progress = -1
V/AudioPolicyManager(  297): getOutputsForDevice device 0002 -> 0002
I/AudioService(  915): getStreamVolume 2 index 0
D/VolumePanel( 1183): updateSliderIcon : zen = 0
D/VolumePanel( 1183): updateSliderIcon : isZenPriority = false
D/VolumePanel.2dd25c98( 1183): setZenPanelVisible true mZenPanel=com.android.systemui.volume.ZenModePanel{2f14ee5 G.E..... ......I. 0,0-0,0 #7f0d0399 app:id/zen_mode_panel}
D/ZenModePanel( 1183): mZenSubhead.getWidth() = 0, mZenSubhead.getPaddingLeft() - 24, mZenSubhead.getPaddingRight() = 48, mMoreSettings.getWidth() = 0
D/VolumePanel( 1183): setZenPanelVisible : call resetTimeout() #1
D/VolumePanel.2dd25c98( 1183): resetTimeout at 1575210831057 delay=3000 touchExploration=false
D/VolumePanel( 1183): resetTimeout : call sendEmptyMessageDelayed : MSG_TIMEOUT
D/VolumePanel( 1183): setZenPanelVisible : call resetTimeout() #2
D/VolumePanel.2dd25c98( 1183): resetTimeout at 1575210831057 delay=3000 touchExploration=false
D/VolumePanel( 1183): resetTimeout : call sendEmptyMessageDelayed : MSG_TIMEOUT
D/VolumePanel( 1183): updateSliderProgress : progress = -1
I/AudioService(  915): getStreamVolume 3 index 0
D/VolumePanel( 1183): updateSliderIcon : zen = 0
D/VolumePanel( 1183): updateSliderIcon : isZenPriority = false
D/VolumePanel( 1183): addOtherVolumes stream : 3
D/VolumePanel( 1183): updateSliderProgress : progress = -1
V/AudioPolicyManager(  297): getOutputsForDevice device 0002 -> 0002
V/AudioPolicyManager(  297): getOutputsForDevice device 0002 -> 0002
I/AudioService(  915): getStreamVolume 5 index 110
D/VolumePanel( 1183): updateSliderIcon : zen = 0
D/VolumePanel( 1183): updateSliderIcon : isZenPriority = false
D/VolumePanel( 1183): addOtherVolumes stream : 5
D/VolumePanel( 1183): updateSliderProgress : progress = -1
I/AudioService(  915): getStreamVolume 1 index 90
D/VolumePanel( 1183): updateSliderIcon : zen = 0
D/VolumePanel( 1183): updateSliderIcon : isZenPriority = false
D/VolumePanel( 1183): addOtherVolumes stream : STREAM_SYSTEM
V/AudioPolicyManager(  297): getOutputsForDevice device 0002 -> 0002
I/AudioService(  915): getStreamVolume 2 index 0
D/VolumePanel.2dd25c98( 1183): onShowVolumeChanged(streamType: 2, flags: 1), index: 0
D/RingtoneManager( 1183): getActualDefaultRingtoneUri  type    :1
D/RingtoneManager( 1183): checkDefaultRingtoneProperUri : InternalMediaAudio uriString not null    type:1
D/VolumePanel( 1183): updateSliderProgress : progress = 0
D/VolumePanel( 1183): mCoverManager.getCoverState() : true
D/VolumePanel( 1183): mCoverManager.getCoverState() : true
D/VolumePanel( 1183): onShowVolumeChanged: Cover is opened
D/VolumePanel( 1183): ===== Start updateLayout =====
D/VolumePanel( 1183): updateLayout : lp.width = 954, lp.y = 144
D/VolumePanel( 1183): onVolumeChanged : call resetTimeout()
D/VolumePanel.2dd25c98( 1183): resetTimeout at 1575210831089 delay=3000 touchExploration=false
D/VolumePanel( 1183): resetTimeout : call sendEmptyMessageDelayed : MSG_TIMEOUT
D/ZenModePanel( 1183): makeSubheadDescription : ringerMode = 1
D/ZenModePanel( 1183): makeSubheadDescription : subheadDescription = 
D/ZenModePanel( 1183): mZenSubhead.getWidth() = 0, mZenSubhead.getPaddingLeft() - 24, mZenSubhead.getPaddingRight() = 48, mMoreSettings.getWidth() = 0
I/SurfaceFlinger(  257): id=487 createSurf (193x193),1 flag=4, WolumePanel
D/VolumePanel.2dd25c98( 1183): onVolumeChanged(streamType: 2, flags: 4)
D/VolumePanel( 1183): phoneIsOffhook : phoneOffhook = false
D/VolumePanel( 1183): Call setMode(ProgressBar.MODE_STANDARD)_#4
D/VolumePanel( 1183): onVolumeChanged : call resetTimeout()
D/VolumePanel.2dd25c98( 1183): resetTimeout at 1575210831138 delay=3000 touchExploration=false
D/VolumePanel( 1183): resetTimeout : call sendEmptyMessageDelayed : MSG_TIMEOUT
V/AudioPolicyManager(  297): getOutput() device 2, stream 2, samplingRate 0, format 0, channelMask 0, flags 3
V/AudioPolicyManager(  297): getOutputsForDevice device 0002 -> 0002
V/AudioPolicyManager(  297): getOutput() returns output 2
V/AudioPolicyManager(  297): getOutput() device 2, stream 2, samplingRate 0, format 0, channelMask 0, flags 3
V/AudioPolicyManager(  297): getOutputsForDevice device 0002 -> 0002
V/AudioPolicyManager(  297): getOutput() returns output 2
V/AudioPolicyManager(  297): getOutputForAttr() usage=6, content=4, tag=a flags=00000000
V/AudioPolicyManager(  297): getOutputForAttr() device 2, samplingRate 44100, format 1, channelMask 3, flags 4
V/AudioPolicyManager(  297): getOutputsForDevice device 0002 -> 0002
V/AudioPolicyManager(  297): getOutput() returns output 2
W/AudioTrack( 1183): AUDIO_OUTPUT_FLAG_FAST denied by client
V/AudioPolicyManager(  297): startOutput() output 2, stream 2, session 80
V/AudioPolicyManager(  297): changeRefCount() stream 2, count 1
V/AudioPolicyManager(  297): getNewOutputDevice() selected device 2
V/AudioPolicyManager(  297): setOutputDevice() output 2 device 0002 delayMs 0
V/AudioPolicyManager(  297): setOutputDevice() prevDevice 0002
V/AudioPolicyManager(  297): setOutputDevice() setting same device 0002 or null device for output 2
D/SoundAliveResampler(  297): [SoundAliveResampler] Init+++
V/AudioPolicyManager(  297): releaseOutput() 2
D/PowerManagerService(  915): [api] [s] userActivity : event: 0 flags: 0 (uid: 10064 pid: 1183) eventTime = 2176017
I/InputDispatcher(  915): Delivering touch to (13314): action: 0x4, toolType: 0
I/InputDispatcher(  915): Delivering touch to (1183): action: 0x4, toolType: 0
I/InputDispatcher(  915): Delivering touch to (1183): action: 0x4, toolType: 0
I/InputDispatcher(  915): Delivering touch to (13314): action: 0x0, toolType: 0
I/NotificationService(  915): cancelToast pkg=com.example.listviewtest callback=android.app.ITransientNotification$Stub$Proxy@23edcd4a
D/VolumePanel.2dd25c98( 1183): forceTimeout delay=0 callers=com.android.systemui.volume.VolumePanel.access$200:122 com.android.systemui.volume.VolumePanel$2.onTouchEvent:731 android.app.Dialog.dispatchTouchEvent:866 
I/InputDispatcher(  915): Delivering touch to (13314): action: 0x1, toolType: 0
D/ViewRootImpl(13314): ViewPostImeInputStage ACTION_DOWN
D/VolumePanel( 1183): handleMessage : call mDialog.dismiss()
D/PowerManagerService(  915): [api] [s] userActivity : event: 0 flags: 0 (uid: 1000 pid: 915) eventTime = 2176087
D/PowerManagerService(  915): [api] release WakeLock flags=0x2000000a tag=WindowManager uid=1000 pid=915 (0x0)
D/PowerManagerService(  915): [api] applyWakeLockFlagsOnReleaseLocked : userActivityNoUpdateLocked is called : SCREEN_BRIGHT_WAKE_LOCK        'WindowManager' ON_AFTER_RELEASE (uid=1000, pid=915, ws=WorkSource{10205}) (elapsedTime=399)
D/VolumePanel.2dd25c98( 1183): setZenPanelVisible false mZenPanel=com.android.systemui.volume.ZenModePanel{2f14ee5 G.E..... ......I. 0,0-0,0 #7f0d0399 app:id/zen_mode_panel}
D/ZenModePanel( 1183): mZenSubhead.getWidth() = 0, mZenSubhead.getPaddingLeft() - 24, mZenSubhead.getPaddingRight() = 48, mMoreSettings.getWidth() = 0
I/SurfaceFlinger(  257): id=485 Removed Uoast (9/10)
I/SurfaceFlinger(  257): id=485 Removed Uoast (-2/10)
I/SurfaceFlinger(  257): id=488 createSurf (1x1),1 flag=4, Uoast
I/Timeline(13300): Timeline: Activity_launch_request id:com.example.listviewtest time:2176224
E/PersonaManagerService(  915): inState():  stateMachine is null !!
I/PersonaManagerService(  915): PersonaId don't exist
I/ActivityManager(  915): do not start freezing screen for locked container getKeyguardshowstate = false
D/PowerManagerService(  915): [api] acquire WakeLock flags=0x2000000a tag=WindowManager uid=1000 pid=915
W/ActivityManager(  915): mDVFSHelper.acquire()
V/AudioPolicyManager(  297): stopOutput() output 2, stream 2, session 80
V/AudioPolicyManager(  297): changeRefCount() stream 2, count 0
V/AudioPolicyManager(  297): getNewOutputDevice() selected device 0
V/AudioPolicyManager(  297): setOutputDevice() output 2 device 0000 delayMs 160
V/AudioPolicyManager(  297): setOutputDevice() prevDevice 0002
V/AudioPolicyManager(  297): setOutputDevice() setting same device 0000 or null device for output 2
I/SurfaceFlinger(  257): id=487 Removed WolumePanel (8/10)
I/SurfaceFlinger(  257): id=487 Removed WolumePanel (-2/10)
I/InputDispatcher(  915): Delivering touch to (13314): action: 0x4, toolType: 0
I/InputDispatcher(  915): Delivering touch to (1183): action: 0x4, toolType: 0
I/InputDispatcher(  915): Delivering touch to (13314): action: 0x0, toolType: 0
I/NotificationService(  915): cancelToast pkg=com.example.listviewtest callback=android.app.ITransientNotification$Stub$Proxy@2e0aa531
I/InputDispatcher(  915): Delivering touch to (13314): action: 0x1, toolType: 0
D/ViewRootImpl(13314): ViewPostImeInputStage ACTION_DOWN
D/PowerManagerService(  915): [api] [s] userActivity : event: 0 flags: 0 (uid: 1000 pid: 915) eventTime = 2176451
D/PowerManagerService(  915): [api] release WakeLock flags=0x2000000a tag=WindowManager uid=1000 pid=915 (0x0)
D/PowerManagerService(  915): [api] applyWakeLockFlagsOnReleaseLocked : userActivityNoUpdateLocked is called : SCREEN_BRIGHT_WAKE_LOCK        'WindowManager' ON_AFTER_RELEASE (uid=1000, pid=915, ws=WorkSource{10205}) (elapsedTime=231)
I/InputDispatcher(  915): Delivering touch to (1183): action: 0x0, toolType: 0
D/ViewRootImpl( 1183): ViewPostImeInputStage ACTION_DOWN
I/SurfaceFlinger(  257): id=489 createSurf (1x1),1 flag=4, Uoast
I/InputDispatcher(  915): Delivering touch to (1183): action: 0x1, toolType: 0
D/PhoneStatusBar( 1183): makeExpandedVisible:false
D/StatusBar-Window( 1183): fnf=false sanc=false, kni=false, sbf=true
D/CoverUI ( 1183): applyFocusableFlag() : Remove SAMSUNG_FLAG_SVIEW_COVER
V/Vibrator(  915): Called cancel() API - PUID: 1000, PackageName: android
D/SecContentProvider2(  915): uri = 14 selection = getSealedState
D/SecContentProvider2(  915): mCursor = null
D/PhoneStatusBar( 1183): disable: < expand icons alerts system_info back home recent clock search >
D/SecContentProvider2(  915): uri = 14 selection = getSealedState
D/SecContentProvider2(  915): mCursor = null
D/VibratorService(  915): Turning vibrator off - ImmVibe.
D/SecContentProvider2(  915): uri = 14 selection = getSealedState
D/SecContentProvider2(  915): mCursor = null
D/SecContentProvider2(  915): uri = 14 selection = getSealedState
D/SecContentProvider2(  915): mCursor = null
D/StatusBar-DoNotDistrub( 1183): isDisableAlert isDormantModeOn:false isNotificationDisabled:true
D/PowerManagerService(  915): [api] acquire WakeLock flags=0x2000000a tag=WindowManager uid=1000 pid=915
D/StatusBarManagerService(  915): manageDisableList userId=0 what=0x0 pkg=WindowManager.LayoutParams
D/PointerIcon(  915): setMouseIconStyle1 pointerType: 1001iconType:101 flag:0
D/PointerIcon(  915): setMouseCustomIcon IconType is same.101
D/PointerIcon(  915): setHoveringSpenIconStyle1 pointerType: 10001iconType:1 flag:0
D/PointerIcon(  915): setHoveringSpenCustomIcon IconType is same.1
I/SurfaceFlinger(  257): id=486 Removed Uoast (8/10)
I/SurfaceFlinger(  257): id=486 Removed Uoast (-2/10)
D/WaterColor_Keyguard( 1183): onWindowFocusChanged - true
D/QSpanel ( 1183): label top:23
D/StatusBar-QSPanel( 1183): onLayout left:0 top:0 record.row:0
D/QSpanel ( 1183): label top:23
D/StatusBar-QSPanel( 1183): onLayout left:206 top:0 record.row:0
D/QSpanel ( 1183): label top:0
D/StatusBar-QSPanel( 1183): onLayout left:412 top:0 record.row:0
D/QSpanel ( 1183): label top:23
D/StatusBar-QSPanel( 1183): onLayout left:618 top:0 record.row:0
D/QSpanel ( 1183): label top:0
D/StatusBar-QSPanel( 1183): onLayout left:824 top:0 record.row:0
D/QSpanel ( 1183): label top:23
D/StatusBar-QSPanel( 1183): onLayout left:1030 top:0 record.row:0
D/QSpanel ( 1183): label top:0
D/StatusBar-QSPanel( 1183): onLayout left:1236 top:0 record.row:0
D/QSpanel ( 1183): label top:23
D/StatusBar-QSPanel( 1183): onLayout left:1442 top:0 record.row:0
D/QSpanel ( 1183): label top:0
D/StatusBar-QSPanel( 1183): onLayout left:1648 top:0 record.row:0
D/QSpanel ( 1183): label top:0
D/StatusBar-QSPanel( 1183): onLayout left:1854 top:0 record.row:0
I/InputDispatcher(  915): Delivering touch to (13314): action: 0x4, toolType: 0
I/InputDispatcher(  915): Delivering touch to (1183): action: 0x0, toolType: 0
I/InputDispatcher(  915): Delivering touch to (1183): action: 0x1, toolType: 0
I/NotificationService(  915): cancelToast pkg=com.example.listviewtest callback=android.app.ITransientNotification$Stub$Proxy@2ec7ef84
D/ViewRootImpl( 1183): ViewPostImeInputStage ACTION_DOWN
D/PowerManagerService(  915): [api] [s] userActivity : event: 0 flags: 0 (uid: 1000 pid: 915) eventTime = 2176756
D/PowerManagerService(  915): [api] release WakeLock flags=0x2000000a tag=WindowManager uid=1000 pid=915 (0x0)
D/PowerManagerService(  915): [api] applyWakeLockFlagsOnReleaseLocked : userActivityNoUpdateLocked is called : SCREEN_BRIGHT_WAKE_LOCK        'WindowManager' ON_AFTER_RELEASE (uid=1000, pid=915, ws=WorkSource{10205}) (elapsedTime=160)
D/SSRM:a  (  915): DeviceInfo:: 000000100000
D/SSRM:a  (  915): SettingsAirViewInfo:: 010100000
D/ActivityManager(  915): isDeviceAdminActiveApp false :tv.peel.samsung.app
D/ActivityManager(  915): isAutoRunBlockedApp:: tv.peel.samsung.app, Auto Run ON
D/ActivityManager(  915): startService callerProcessName:tv.peel.samsung.app, calleePkgName: tv.peel.samsung.app
D/ActivityManager(  915): caller:android.app.ApplicationThreadProxy@1a33636d, r.packageName :tv.peel.samsung.app
D/tv.peel.samsung.widget.NotiRemoteService( 6368): action com.peel.widget.notification.HIDE_UI
D/PhoneStatusBar( 1183): makeExpandedInvisible: mExpandedVisible=true mExpandedVisible=true
D/StatusBar-QSPanel( 1183): setSingleLine:true
D/StatusBar-QSPanel( 1183): updateButtonInfo mButtonWidth : 206 mColumns:5 orien: 1 displayWidth:1032
D/StatusBar-QSPanel( 1183): setSingleLine height:0
D/PhoneStatusBar( 1183): updateQSpanelHeight: 279 height:279
D/PanelView( 1183): flingSettings mQsMin:393 mQsMax:393 mQsEx:393.0mQsPeek:279
I/PhoneStatusBar( 1183): Icon Only
I/StatusBar( 1183): Icon Only
D/PanelView( 1183): There is/are notification(s) 
D/StatusBar-Window( 1183): fnf=true sanc=false, kni=false, sbf=false
D/CoverUI ( 1183): applyFocusableFlag() : Remove SAMSUNG_FLAG_SVIEW_COVER
D/SecContentProvider2(  915): uri = 14 selection = getSealedState
D/SecContentProvider2(  915): mCursor = null
D/PhoneStatusBar( 1183): disable: < expand icons alerts system_info back home recent clock search >
D/SecContentProvider2(  915): uri = 14 selection = getSealedState
D/SecContentProvider2(  915): mCursor = null
D/STATUSBAR-PhoneStatusBar( 1183):  mBrightnessEnablebySettings = true mBrightnessEnablebyBattery = true mBrightnessEnablebyDisableFlag = true mPmsBrightnessEnablebySettings = true
D/STATUSBAR-PhoneStatusBar( 1183): showHideQConnectLayout userID : 0 emMode:false mQconnectEnable:true QconnectService:true
D/SecContentProvider2(  915): uri = 14 selection = getSealedState
D/SecContentProvider2(  915): mCursor = null
D/SecContentProvider2(  915): uri = 14 selection = getSealedState
D/SecContentProvider2(  915): mCursor = null
D/StatusBar-DoNotDistrub( 1183): isDisableAlert isDormantModeOn:false isNotificationDisabled:true
D/StatusBarManagerService(  915): manageDisableList userId=0 what=0x0 pkg=WindowManager.LayoutParams
I/InputDispatcher(  915): Delivering touch to (1183): action: 0x4, toolType: 0
I/InputDispatcher(  915): Delivering touch to (13314): action: 0x0, toolType: 0
D/ViewRootImpl(13314): ViewPostImeInputStage ACTION_DOWN
I/InputDispatcher(  915): Delivering touch to (13314): action: 0x1, toolType: 0
D/PointerIcon(  915): setMouseIconStyle1 pointerType: 1001iconType:101 flag:0
D/PointerIcon(  915): setMouseCustomIcon IconType is same.101
D/PointerIcon(  915): setHoveringSpenIconStyle1 pointerType: 10001iconType:1 flag:0
D/PointerIcon(  915): setHoveringSpenCustomIcon IconType is same.1
D/InputMethodManagerService(  915): windowGainedFocus mCurrentFocusedUserId - 0 and mSecureKeypadEnabled-false
W/InputMethodManagerService(  915): Window already focused, ignoring focus gain of: com.android.internal.view.IInputMethodClient$Stub$Proxy@237abba2 attribute=null, token = android.os.BinderProxy@b485472
D/WaterColor_Keyguard( 1183): onWindowFocusChanged - false
I/SurfaceFlinger(  257): id=488 Removed Uoast (8/9)
I/SurfaceFlinger(  257): id=488 Removed Uoast (-2/9)
I/SurfaceFlinger(  257): id=490 createSurf (1x1),1 flag=4, Uoast
D/PowerManagerService(  915): [api] acquire WakeLock flags=0x2000000a tag=WindowManager uid=1000 pid=915
I/InputDispatcher(  915): Delivering touch to (13314): action: 0x4, toolType: 0
I/InputDispatcher(  915): Delivering touch to (1183): action: 0x4, toolType: 0
I/InputDispatcher(  915): Delivering touch to (13314): action: 0x0, toolType: 0
I/InputDispatcher(  915): Delivering touch to (13314): action: 0x1, toolType: 0
D/ViewRootImpl(13314): ViewPostImeInputStage ACTION_DOWN
I/NotificationService(  915): cancelToast pkg=com.example.listviewtest callback=android.app.ITransientNotification$Stub$Proxy@3cafc969
D/PowerManagerService(  915): [api] [s] userActivity : event: 0 flags: 0 (uid: 1000 pid: 915) eventTime = 2177148
D/PowerManagerService(  915): [api] release WakeLock flags=0x2000000a tag=WindowManager uid=1000 pid=915 (0x0)
