D/StatusBar.NetworkController( 1183): refreshSignalCluster - setNWBoosterIndicators(false)
D/StatusBar.NetworkController( 1183): applyCHN
D/StatusBar.NetworkController( 1183): refreshViews connected={ wifi } level=4 combinedSignalIconId=0x7f020553/com.android.systemui:drawable/stat_sys_wifi_signal_3 mobileLabel= wifiLabel="CU_d24p"xxxxXXXXxxxxXXXX emergencyOnly=true combinedLabel="CU_d24p"xxxxXXXXxxxxXXXX mAirplaneMode=false mDataActivity=0 mPhoneSignalIconId=0x7f0204e9/com.android.systemui:drawable/stat_sys_signal_4 mQSPhoneSignalIconId=0x7f020148/com.android.systemui:drawable/ic_qs_signal_4 mDataDirectionIconId=0x0/(null) mDataSignalIconId=0x7f0204e9/com.android.systemui:drawable/stat_sys_signal_4 mDataTypeIconId=0x0/(null) mQSDataTypeIconId=0x0/(null) mNoSimIconId=0x0/(null) mWifiIconId=0x7f020553/com.android.systemui:drawable/stat_sys_wifi_signal_3 mQSWifiIconId=0x7f02015d/com.android.systemui:drawable/ic_qs_wifi_3 mWifiActivityIconId=0x7f020525/com.android.systemui:drawable/stat_sys_signal_in mBluetoothTetherIconId=0x10808f1/android:drawable/stat_sys_tether_bluetooth
D/STATUSBAR-WifiQuickSettingButton( 1183): onWifiSignalChanged enabled=true enabledDesc:"CU_d24p"
D/StatusBar.NetworkController( 1183): refreshSignalCluster - setNWBoosterIndicators(false)
D/StatusBar.NetworkController( 1183): applyCHN
D/StatusBar.NetworkController( 1183): refreshSignalCluster - setNWBoosterIndicators(false)
D/StatusBar.NetworkController( 1183): applyCHN
D/StatusBar.NetworkController( 1183): refreshSignalCluster - setNWBoosterIndicators(false)
D/StatusBar.NetworkController( 1183): applyCHN
D/StatusBar.NetworkController( 1183): refreshSignalCluster - setNWBoosterIndicators(false)
D/StatusBar.NetworkController( 1183): applyCHN
E/SMD     (  291): DCD ON
V/AlarmManager(  915): waitForAlarm result :8
D/KeyguardUpdateMonitor( 1183): received broadcast android.intent.action.TIME_TICK
D/KeyguardUpdateMonitor( 1183): handleTimeUpdate
D/KeyguardEffectViewController( 1183): onReceive action : android.intent.action.TIME_TICK
I/KeyguardEffectViewController( 1183): *** don't update sliding image ***
D/DateView( 1183): regionalDateFormat = 3333/11/22 isRTLlanguage = false returnDateFormat = MMMM d, E
D/DateView( 1183): regionalDateFormat = 3333/11/22 isRTLlanguage = false returnDateFormat = MMMM d, E
D/StatusBar.NetworkController( 1183): refreshViews connected={ wifi } level=4 combinedSignalIconId=0x7f020553/com.android.systemui:drawable/stat_sys_wifi_signal_3 mobileLabel= wifiLabel="CU_d24p"xxxxXXXXxxxxXXXX emergencyOnly=true combinedLabel="CU_d24p"xxxxXXXXxxxxXXXX mAirplaneMode=false mDataActivity=0 mPhoneSignalIconId=0x7f0204e9/com.android.systemui:drawable/stat_sys_signal_4 mQSPhoneSignalIconId=0x7f020148/com.android.systemui:drawable/ic_qs_signal_4 mDataDirectionIconId=0x0/(null) mDataSignalIconId=0x7f0204e9/com.android.systemui:drawable/stat_sys_signal_4 mDataTypeIconId=0x0/(null) mQSDataTypeIconId=0x0/(null) mNoSimIconId=0x0/(null) mWifiIconId=0x7f020553/com.android.systemui:drawable/stat_sys_wifi_signal_3 mQSWifiIconId=0x7f02015d/com.android.systemui:drawable/ic_qs_wifi_3 mWifiActivityIconId=0x7f020529/com.android.systemui:drawable/stat_sys_signal_no_inout mBluetoothTetherIconId=0x10808f1/android:drawable/stat_sys_tether_bluetooth
D/STATUSBAR-WifiQuickSettingButton( 1183): onWifiSignalChanged enabled=true enabledDesc:"CU_d24p"
D/StatusBar.NetworkController( 1183): refreshSignalCluster - setNWBoosterIndicators(false)
D/StatusBar.NetworkController( 1183): applyCHN
D/StatusBar.NetworkController( 1183): refreshSignalCluster - setNWBoosterIndicators(false)
D/StatusBar.NetworkController( 1183): applyCHN
D/StatusBar.NetworkController( 1183): refreshSignalCluster - setNWBoosterIndicators(false)
D/StatusBar.NetworkController( 1183): applyCHN
D/StatusBar.NetworkController( 1183): refreshSignalCluster - setNWBoosterIndicators(false)
D/StatusBar.NetworkController( 1183): applyCHN
E/SMD     (  291): DCD ON
D/SSRM:n  (  915): SIOP:: AP = 280, PST = 290, CUR = 450
E/SMD     (  291): DCD ON
D/BatteryService(  915): !@BatteryListener : batteryPropertiesChanged!
D/BatteryService(  915): level:100, scale:100, status:5, health:2, present:true, voltage: 4341, temperature: 245, technology: Li-ion, AC powered:false, USB powered:true, Wireless powered:false, icon:17303724, invalid charger:0
D/BatteryService(  915): online:4, current avg:450, charge type:1, power sharing:false, high voltage charger:false, capacity:280000, current_now:450
D/BatteryService(  915): Sending ACTION_BATTERY_CHANGED.
D/KeyguardUpdateMonitor( 1183): received broadcast android.intent.action.BATTERY_CHANGED
D/KeyguardUpdateMonitor( 1183): handleBatteryUpdate
V/HeadsetService( 3045): HeadsetService - Received Intent.ACTION_BATTERY_CHANGED
D/HeadsetStateMachine( 3045): Disconnected process message: 10
I/MotionRecognitionService(  915): Plugged
I/MotionRecognitionService(  915): setPowerConnected  = true
D/STATUSBAR-PhoneStatusBar( 1183):  mBrightnessEnablebySettings = true mBrightnessEnablebyBattery = true mBrightnessEnablebyDisableFlag = true mPmsBrightnessEnablebySettings = true
D/BatteryMeterView( 1183): ACTION_BATTERY_CHANGED : level:100 status:5 health:2
D/BatteryMeterView( 1183): ACTION_BATTERY_CHANGED : level:100 status:5 health:2
D/BatteryMeterView( 1183): ACTION_BATTERY_CHANGED : level:100 status:5 health:2
E/SMD     (  291): DCD ON
E/SMD     (  291): DCD ON
D/SSRM:n  (  915): SIOP:: AP = 280, PST = 290, CUR = 450
E/SMD     (  291): DCD ON
D/StatusBar.NetworkController( 1183): refreshViews connected={ wifi } level=4 combinedSignalIconId=0x7f020553/com.android.systemui:drawable/stat_sys_wifi_signal_3 mobileLabel= wifiLabel="CU_d24p"xxxxXXXXxxxxXXXX emergencyOnly=true combinedLabel="CU_d24p"xxxxXXXXxxxxXXXX mAirplaneMode=false mDataActivity=0 mPhoneSignalIconId=0x7f0204e9/com.android.systemui:drawable/stat_sys_signal_4 mQSPhoneSignalIconId=0x7f020148/com.android.systemui:drawable/ic_qs_signal_4 mDataDirectionIconId=0x0/(null) mDataSignalIconId=0x7f0204e9/com.android.systemui:drawable/stat_sys_signal_4 mDataTypeIconId=0x0/(null) mQSDataTypeIconId=0x0/(null) mNoSimIconId=0x0/(null) mWifiIconId=0x7f020553/com.android.systemui:drawable/stat_sys_wifi_signal_3 mQSWifiIconId=0x7f02015d/com.android.systemui:drawable/ic_qs_wifi_3 mWifiActivityIconId=0x7f020525/com.android.systemui:drawable/stat_sys_signal_in mBluetoothTetherIconId=0x10808f1/android:drawable/stat_sys_tether_bluetooth
D/STATUSBAR-WifiQuickSettingButton( 1183): onWifiSignalChanged enabled=true enabledDesc:"CU_d24p"
D/StatusBar.NetworkController( 1183): refreshSignalCluster - setNWBoosterIndicators(false)
D/StatusBar.NetworkController( 1183): applyCHN
D/StatusBar.NetworkController( 1183): refreshSignalCluster - setNWBoosterIndicators(false)
D/StatusBar.NetworkController( 1183): applyCHN
D/StatusBar.NetworkController( 1183): refreshSignalCluster - setNWBoosterIndicators(false)
D/StatusBar.NetworkController( 1183): applyCHN
D/StatusBar.NetworkController( 1183): refreshSignalCluster - setNWBoosterIndicators(false)
D/StatusBar.NetworkController( 1183): applyCHN
D/BatteryService(  915): !@BatteryListener : batteryPropertiesChanged!
D/BatteryService(  915): level:100, scale:100, status:5, health:2, present:true, voltage: 4338, temperature: 244, technology: Li-ion, AC powered:false, USB powered:true, Wireless powered:false, icon:17303724, invalid charger:0
D/BatteryService(  915): online:4, current avg:450, charge type:1, power sharing:false, high voltage charger:false, capacity:280000, current_now:450
D/BatteryService(  915): Sending ACTION_BATTERY_CHANGED.
D/KeyguardUpdateMonitor( 1183): received broadcast android.intent.action.BATTERY_CHANGED
D/KeyguardUpdateMonitor( 1183): handleBatteryUpdate
I/MotionRecognitionService(  915): Plugged
I/MotionRecognitionService(  915): setPowerConnected  = true
D/STATUSBAR-PhoneStatusBar( 1183):  mBrightnessEnablebySettings = true mBrightnessEnablebyBattery = true mBrightnessEnablebyDisableFlag = true mPmsBrightnessEnablebySettings = true
D/BatteryMeterView( 1183): ACTION_BATTERY_CHANGED : level:100 status:5 health:2
V/HeadsetService( 3045): HeadsetService - Received Intent.ACTION_BATTERY_CHANGED
D/HeadsetStateMachine( 3045): Disconnected process message: 10
D/BatteryMeterView( 1183): ACTION_BATTERY_CHANGED : level:100 status:5 health:2
D/BatteryMeterView( 1183): ACTION_BATTERY_CHANGED : level:100 status:5 health:2
D/StatusBar.NetworkController( 1183): refreshViews connected={ wifi } level=4 combinedSignalIconId=0x7f020553/com.android.systemui:drawable/stat_sys_wifi_signal_3 mobileLabel= wifiLabel="CU_d24p"xxxxXXXXxxxxXXXX emergencyOnly=true combinedLabel="CU_d24p"xxxxXXXXxxxxXXXX mAirplaneMode=false mDataActivity=0 mPhoneSignalIconId=0x7f0204e9/com.android.systemui:drawable/stat_sys_signal_4 mQSPhoneSignalIconId=0x7f020148/com.android.systemui:drawable/ic_qs_signal_4 mDataDirectionIconId=0x0/(null) mDataSignalIconId=0x7f0204e9/com.android.systemui:drawable/stat_sys_signal_4 mDataTypeIconId=0x0/(null) mQSDataTypeIconId=0x0/(null) mNoSimIconId=0x0/(null) mWifiIconId=0x7f020553/com.android.systemui:drawable/stat_sys_wifi_signal_3 mQSWifiIconId=0x7f02015d/com.android.systemui:drawable/ic_qs_wifi_3 mWifiActivityIconId=0x7f020529/com.android.systemui:drawable/stat_sys_signal_no_inout mBluetoothTetherIconId=0x10808f1/android:drawable/stat_sys_tether_bluetooth
D/STATUSBAR-WifiQuickSettingButton( 1183): onWifiSignalChanged enabled=true enabledDesc:"CU_d24p"
D/StatusBar.NetworkController( 1183): refreshSignalCluster - setNWBoosterIndicators(false)
D/StatusBar.NetworkController( 1183): applyCHN
D/StatusBar.NetworkController( 1183): refreshSignalCluster - setNWBoosterIndicators(false)
D/StatusBar.NetworkController( 1183): applyCHN
D/StatusBar.NetworkController( 1183): refreshSignalCluster - setNWBoosterIndicators(false)
D/StatusBar.NetworkController( 1183): applyCHN
D/StatusBar.NetworkController( 1183): refreshSignalCluster - setNWBoosterIndicators(false)
D/StatusBar.NetworkController( 1183): applyCHN
E/SMD     (  291): DCD ON
D/StatusBar.NetworkController( 1183): refreshViews connected={ wifi } level=4 combinedSignalIconId=0x7f020553/com.android.systemui:drawable/stat_sys_wifi_signal_3 mobileLabel= wifiLabel="CU_d24p"xxxxXXXXxxxxXXXX emergencyOnly=true combinedLabel="CU_d24p"xxxxXXXXxxxxXXXX mAirplaneMode=false mDataActivity=0 mPhoneSignalIconId=0x7f0204e9/com.android.systemui:drawable/stat_sys_signal_4 mQSPhoneSignalIconId=0x7f020148/com.android.systemui:drawable/ic_qs_signal_4 mDataDirectionIconId=0x0/(null) mDataSignalIconId=0x7f0204e9/com.android.systemui:drawable/stat_sys_signal_4 mDataTypeIconId=0x0/(null) mQSDataTypeIconId=0x0/(null) mNoSimIconId=0x0/(null) mWifiIconId=0x7f020553/com.android.systemui:drawable/stat_sys_wifi_signal_3 mQSWifiIconId=0x7f02015d/com.android.systemui:drawable/ic_qs_wifi_3 mWifiActivityIconId=0x7f020525/com.android.systemui:drawable/stat_sys_signal_in mBluetoothTetherIconId=0x10808f1/android:drawable/stat_sys_tether_bluetooth
D/STATUSBAR-WifiQuickSettingButton( 1183): onWifiSignalChanged enabled=true enabledDesc:"CU_d24p"
D/StatusBar.NetworkController( 1183): refreshSignalCluster - setNWBoosterIndicators(false)
D/StatusBar.NetworkController( 1183): applyCHN
D/StatusBar.NetworkController( 1183): refreshSignalCluster - setNWBoosterIndicators(false)
D/StatusBar.NetworkController( 1183): applyCHN
D/StatusBar.NetworkController( 1183): refreshSignalCluster - setNWBoosterIndicators(false)
D/StatusBar.NetworkController( 1183): applyCHN
D/StatusBar.NetworkController( 1183): refreshSignalCluster - setNWBoosterIndicators(false)
D/StatusBar.NetworkController( 1183): applyCHN
D/StatusBar.NetworkController( 1183): refreshViews connected={ wifi } level=4 combinedSignalIconId=0x7f020553/com.android.systemui:drawable/stat_sys_wifi_signal_3 mobileLabel= wifiLabel="CU_d24p"xxxxXXXXxxxxXXXX emergencyOnly=true combinedLabel="CU_d24p"xxxxXXXXxxxxXXXX mAirplaneMode=false mDataActivity=0 mPhoneSignalIconId=0x7f0204e9/com.android.systemui:drawable/stat_sys_signal_4 mQSPhoneSignalIconId=0x7f020148/com.android.systemui:drawable/ic_qs_signal_4 mDataDirectionIconId=0x0/(null) mDataSignalIconId=0x7f0204e9/com.android.systemui:drawable/stat_sys_signal_4 mDataTypeIconId=0x0/(null) mQSDataTypeIconId=0x0/(null) mNoSimIconId=0x0/(null) mWifiIconId=0x7f020553/com.android.systemui:drawable/stat_sys_wifi_signal_3 mQSWifiIconId=0x7f02015d/com.android.systemui:drawable/ic_qs_wifi_3 mWifiActivityIconId=0x7f020529/com.android.systemui:drawable/stat_sys_signal_no_inout mBluetoothTetherIconId=0x10808f1/android:drawable/stat_sys_tether_bluetooth
D/STATUSBAR-WifiQuickSettingButton( 1183): onWifiSignalChanged enabled=true enabledDesc:"CU_d24p"
D/StatusBar.NetworkController( 1183): refreshSignalCluster - setNWBoosterIndicators(false)
D/StatusBar.NetworkController( 1183): applyCHN
D/StatusBar.NetworkController( 1183): refreshSignalCluster - setNWBoosterIndicators(false)
D/StatusBar.NetworkController( 1183): applyCHN
D/StatusBar.NetworkController( 1183): refreshSignalCluster - setNWBoosterIndicators(false)
D/StatusBar.NetworkController( 1183): applyCHN
D/StatusBar.NetworkController( 1183): refreshSignalCluster - setNWBoosterIndicators(false)
D/StatusBar.NetworkController( 1183): applyCHN
E/SMD     (  291): DCD ON
D/StatusBar.NetworkController( 1183): onSignalStrengthsChanged signalStrength=SignalStrength: 19 99 -120 -160 -120 -1 -1 99 2147483647 2147483647 2147483647 -1 2147483647 0x4 gsm|lte level=4
D/StatusBar.NetworkController( 1183): updateTelephonySignalStrength: hasService=true ss=SignalStrength: 19 99 -120 -160 -120 -1 -1 99 2147483647 2147483647 2147483647 -1 2147483647 0x4 gsm|lte
D/StatusBar.NetworkController( 1183): updateTelephonySignalStrength: iconLevel=4
D/StatusBar.NetworkController( 1183): updateTelephonySignalStrength, No signal level. mPhoneSignalIconId = com.android.systemui:drawable/stat_sys_signal_4 mDataSignalIconId = com.android.systemui:drawable/stat_sys_signal_4 mQSPhoneSignalIconId = com.android.systemui:drawable/ic_qs_signal_4 mContentDescriptionPhoneSignal = 
D/StatusBar.NetworkController( 1183): refreshViews connected={ wifi } level=4 combinedSignalIconId=0x7f020553/com.android.systemui:drawable/stat_sys_wifi_signal_3 mobileLabel= wifiLabel="CU_d24p"xxxxXXXXxxxxXXXX emergencyOnly=true combinedLabel="CU_d24p"xxxxXXXXxxxxXXXX mAirplaneMode=false mDataActivity=0 mPhoneSignalIconId=0x7f0204e9/com.android.systemui:drawable/stat_sys_signal_4 mQSPhoneSignalIconId=0x7f020148/com.android.systemui:drawable/ic_qs_signal_4 mDataDirectionIconId=0x0/(null) mDataSignalIconId=0x7f0204e9/com.android.systemui:drawable/stat_sys_signal_4 mDataTypeIconId=0x0/(null) mQSDataTypeIconId=0x0/(null) mNoSimIconId=0x0/(null) mWifiIconId=0x7f020553/com.android.systemui:drawable/stat_sys_wifi_signal_3 mQSWifiIconId=0x7f02015d/com.android.systemui:drawable/ic_qs_wifi_3 mWifiActivityIconId=0x7f020529/com.android.systemui:drawable/stat_sys_signal_no_inout mBluetoothTetherIconId=0x10808f1/android:drawable/stat_sys_tether_bluetooth
D/STATUSBAR-WifiQuickSettingButton( 1183): onWifiSignalChanged enabled=true enabledDesc:"CU_d24p"
D/cell strength( 1386): ===== cell singal strength changed : 19
D/StatusBar.NetworkController( 1183): refreshViews connected={ wifi } level=4 combinedSignalIconId=0x7f020553/com.android.systemui:drawable/stat_sys_wifi_signal_3 mobileLabel= wifiLabel="CU_d24p"xxxxXXXXxxxxXXXX emergencyOnly=true combinedLabel="CU_d24p"xxxxXXXXxxxxXXXX mAirplaneMode=false mDataActivity=0 mPhoneSignalIconId=0x7f0204e9/com.android.systemui:drawable/stat_sys_signal_4 mQSPhoneSignalIconId=0x7f020148/com.android.systemui:drawable/ic_qs_signal_4 mDataDirectionIconId=0x0/(null) mDataSignalIconId=0x7f0204e9/com.android.systemui:drawable/stat_sys_signal_4 mDataTypeIconId=0x0/(null) mQSDataTypeIconId=0x0/(null) mNoSimIconId=0x0/(null) mWifiIconId=0x7f020553/com.android.systemui:drawable/stat_sys_wifi_signal_3 mQSWifiIconId=0x7f02015d/com.android.systemui:drawable/ic_qs_wifi_3 mWifiActivityIconId=0x7f020525/com.android.systemui:drawable/stat_sys_signal_in mBluetoothTetherIconId=0x10808f1/android:drawable/stat_sys_tether_bluetooth
D/STATUSBAR-WifiQuickSettingButton( 1183): onWifiSignalChanged enabled=true enabledDesc:"CU_d24p"
D/StatusBar.NetworkController( 1183): refreshSignalCluster - setNWBoosterIndicators(false)
D/StatusBar.NetworkController( 1183): applyCHN
D/StatusBar.NetworkController( 1183): refreshSignalCluster - setNWBoosterIndicators(false)
D/StatusBar.NetworkController( 1183): applyCHN
D/StatusBar.NetworkController( 1183): refreshSignalCluster - setNWBoosterIndicators(false)
D/StatusBar.NetworkController( 1183): applyCHN
D/StatusBar.NetworkController( 1183): refreshSignalCluster - setNWBoosterIndicators(false)
D/StatusBar.NetworkController( 1183): applyCHN
D/StatusBar.NetworkController( 1183): refreshViews connected={ wifi } level=4 combinedSignalIconId=0x7f020553/com.android.systemui:drawable/stat_sys_wifi_signal_3 mobileLabel= wifiLabel="CU_d24p"xxxxXXXXxxxxXXXX emergencyOnly=true combinedLabel="CU_d24p"xxxxXXXXxxxxXXXX mAirplaneMode=false mDataActivity=0 mPhoneSignalIconId=0x7f0204e9/com.android.systemui:drawable/stat_sys_signal_4 mQSPhoneSignalIconId=0x7f020148/com.android.systemui:drawable/ic_qs_signal_4 mDataDirectionIconId=0x0/(null) mDataSignalIconId=0x7f0204e9/com.android.systemui:drawable/stat_sys_signal_4 mDataTypeIconId=0x0/(null) mQSDataTypeIconId=0x0/(null) mNoSimIconId=0x0/(null) mWifiIconId=0x7f020553/com.android.systemui:drawable/stat_sys_wifi_signal_3 mQSWifiIconId=0x7f02015d/com.android.systemui:drawable/ic_qs_wifi_3 mWifiActivityIconId=0x7f020529/com.android.systemui:drawable/stat_sys_signal_no_inout mBluetoothTetherIconId=0x10808f1/android:drawable/stat_sys_tether_bluetooth
D/STATUSBAR-WifiQuickSettingButton( 1183): onWifiSignalChanged enabled=true enabledDesc:"CU_d24p"
D/StatusBar.NetworkController( 1183): refreshSignalCluster - setNWBoosterIndicators(false)
D/StatusBar.NetworkController( 1183): applyCHN
D/StatusBar.NetworkController( 1183): refreshSignalCluster - setNWBoosterIndicators(false)
D/StatusBar.NetworkController( 1183): applyCHN
D/StatusBar.NetworkController( 1183): refreshSignalCluster - setNWBoosterIndicators(false)
D/StatusBar.NetworkController( 1183): applyCHN
D/StatusBar.NetworkController( 1183): refreshSignalCluster - setNWBoosterIndicators(false)
D/StatusBar.NetworkController( 1183): applyCHN
D/StatusBar.NetworkController( 1183): onSignalStrengthsChanged signalStrength=SignalStrength: 19 99 -120 -160 -120 -1 -1 99 2147483647 2147483647 2147483647 -1 2147483647 0x4 gsm|lte level=4
D/StatusBar.NetworkController( 1183): updateTelephonySignalStrength: hasService=true ss=SignalStrength: 19 99 -120 -160 -120 -1 -1 99 2147483647 2147483647 2147483647 -1 2147483647 0x4 gsm|lte
D/StatusBar.NetworkController( 1183): updateTelephonySignalStrength: iconLevel=4
D/StatusBar.NetworkController( 1183): updateTelephonySignalStrength, No signal level. mPhoneSignalIconId = com.android.systemui:drawable/stat_sys_signal_4 mDataSignalIconId = com.android.systemui:drawable/stat_sys_signal_4 mQSPhoneSignalIconId = com.android.systemui:drawable/ic_qs_signal_4 mContentDescriptionPhoneSignal = 
D/StatusBar.NetworkController( 1183): refreshViews connected={ wifi } level=4 combinedSignalIconId=0x7f020553/com.android.systemui:drawable/stat_sys_wifi_signal_3 mobileLabel= wifiLabel="CU_d24p"xxxxXXXXxxxxXXXX emergencyOnly=true combinedLabel="CU_d24p"xxxxXXXXxxxxXXXX mAirplaneMode=false mDataActivity=0 mPhoneSignalIconId=0x7f0204e9/com.android.systemui:drawable/stat_sys_signal_4 mQSPhoneSignalIconId=0x7f020148/com.android.systemui:drawable/ic_qs_signal_4 mDataDirectionIconId=0x0/(null) mDataSignalIconId=0x7f0204e9/com.android.systemui:drawable/stat_sys_signal_4 mDataTypeIconId=0x0/(null) mQSDataTypeIconId=0x0/(null) mNoSimIconId=0x0/(null) mWifiIconId=0x7f020553/com.android.systemui:drawable/stat_sys_wifi_signal_3 mQSWifiIconId=0x7f02015d/com.android.systemui:drawable/ic_qs_wifi_3 mWifiActivityIconId=0x7f020529/com.android.systemui:drawable/stat_sys_signal_no_inout mBluetoothTetherIconId=0x10808f1/android:drawable/stat_sys_tether_bluetooth
D/STATUSBAR-WifiQuickSettingButton( 1183): onWifiSignalChanged enabled=true enabledDesc:"CU_d24p"
D/cell strength( 1386): ===== cell singal strength changed : 19
E/SMD     (  291): DCD ON
D/StatusBar.NetworkController( 1183): refreshViews connected={ wifi } level=4 combinedSignalIconId=0x7f020553/com.android.systemui:drawable/stat_sys_wifi_signal_3 mobileLabel= wifiLabel="CU_d24p"xxxxXXXXxxxxXXXX emergencyOnly=true combinedLabel="CU_d24p"xxxxXXXXxxxxXXXX mAirplaneMode=false mDataActivity=0 mPhoneSignalIconId=0x7f0204e9/com.android.systemui:drawable/stat_sys_signal_4 mQSPhoneSignalIconId=0x7f020148/com.android.systemui:drawable/ic_qs_signal_4 mDataDirectionIconId=0x0/(null) mDataSignalIconId=0x7f0204e9/com.android.systemui:drawable/stat_sys_signal_4 mDataTypeIconId=0x0/(null) mQSDataTypeIconId=0x0/(null) mNoSimIconId=0x0/(null) mWifiIconId=0x7f020553/com.android.systemui:drawable/stat_sys_wifi_signal_3 mQSWifiIconId=0x7f02015d/com.android.systemui:drawable/ic_qs_wifi_3 mWifiActivityIconId=0x7f020525/com.android.systemui:drawable/stat_sys_signal_in mBluetoothTetherIconId=0x10808f1/android:drawable/stat_sys_tether_bluetooth
D/STATUSBAR-WifiQuickSettingButton( 1183): onWifiSignalChanged enabled=true enabledDesc:"CU_d24p"
D/StatusBar.NetworkController( 1183): refreshSignalCluster - setNWBoosterIndicators(false)
D/StatusBar.NetworkController( 1183): applyCHN
D/StatusBar.NetworkController( 1183): refreshSignalCluster - setNWBoosterIndicators(false)
D/StatusBar.NetworkController( 1183): applyCHN
D/StatusBar.NetworkController( 1183): refreshSignalCluster - setNWBoosterIndicators(false)
D/StatusBar.NetworkController( 1183): applyCHN
D/StatusBar.NetworkController( 1183): refreshSignalCluster - setNWBoosterIndicators(false)
D/StatusBar.NetworkController( 1183): applyCHN
D/SSRM:n  (  915): SIOP:: AP = 280, PST = 290, CUR = 450
D/StatusBar.NetworkController( 1183): refreshViews connected={ wifi } level=4 combinedSignalIconId=0x7f020553/com.android.systemui:drawable/stat_sys_wifi_signal_3 mobileLabel= wifiLabel="CU_d24p"xxxxXXXXxxxxXXXX emergencyOnly=true combinedLabel="CU_d24p"xxxxXXXXxxxxXXXX mAirplaneMode=false mDataActivity=0 mPhoneSignalIconId=0x7f0204e9/com.android.systemui:drawable/stat_sys_signal_4 mQSPhoneSignalIconId=0x7f020148/com.android.systemui:drawable/ic_qs_signal_4 mDataDirectionIconId=0x0/(null) mDataSignalIconId=0x7f0204e9/com.android.systemui:drawable/stat_sys_signal_4 mDataTypeIconId=0x0/(null) mQSDataTypeIconId=0x0/(null) mNoSimIconId=0x0/(null) mWifiIconId=0x7f020553/com.android.systemui:drawable/stat_sys_wifi_signal_3 mQSWifiIconId=0x7f02015d/com.android.systemui:drawable/ic_qs_wifi_3 mWifiActivityIconId=0x7f020529/com.android.systemui:drawable/stat_sys_signal_no_inout mBluetoothTetherIconId=0x10808f1/android:drawable/stat_sys_tether_bluetooth
D/STATUSBAR-WifiQuickSettingButton( 1183): onWifiSignalChanged enabled=true enabledDesc:"CU_d24p"
D/StatusBar.NetworkController( 1183): refreshSignalCluster - setNWBoosterIndicators(false)
D/StatusBar.NetworkController( 1183): applyCHN
D/StatusBar.NetworkController( 1183): refreshSignalCluster - setNWBoosterIndicators(false)
D/StatusBar.NetworkController( 1183): applyCHN
D/StatusBar.NetworkController( 1183): refreshSignalCluster - setNWBoosterIndicators(false)
D/StatusBar.NetworkController( 1183): applyCHN
D/StatusBar.NetworkController( 1183): refreshSignalCluster - setNWBoosterIndicators(false)
D/StatusBar.NetworkController( 1183): applyCHN
D/BatteryService(  915): !@BatteryListener : batteryPropertiesChanged!
E/Watchdog(  915): !@Sync 67
E/SMD     (  291): DCD ON
E/SMD     (  291): DCD ON
D/StatusBar.NetworkController( 1183): refreshViews connected={ wifi } level=4 combinedSignalIconId=0x7f020553/com.android.systemui:drawable/stat_sys_wifi_signal_3 mobileLabel= wifiLabel="CU_d24p"xxxxXXXXxxxxXXXX emergencyOnly=true combinedLabel="CU_d24p"xxxxXXXXxxxxXXXX mAirplaneMode=false mDataActivity=0 mPhoneSignalIconId=0x7f0204e9/com.android.systemui:drawable/stat_sys_signal_4 mQSPhoneSignalIconId=0x7f020148/com.android.systemui:drawable/ic_qs_signal_4 mDataDirectionIconId=0x0/(null) mDataSignalIconId=0x7f0204e9/com.android.systemui:drawable/stat_sys_signal_4 mDataTypeIconId=0x0/(null) mQSDataTypeIconId=0x0/(null) mNoSimIconId=0x0/(null) mWifiIconId=0x7f020553/com.android.systemui:drawable/stat_sys_wifi_signal_3 mQSWifiIconId=0x7f02015d/com.android.systemui:drawable/ic_qs_wifi_3 mWifiActivityIconId=0x7f020525/com.android.systemui:drawable/stat_sys_signal_in mBluetoothTetherIconId=0x10808f1/android:drawable/stat_sys_tether_bluetooth
D/STATUSBAR-WifiQuickSettingButton( 1183): onWifiSignalChanged enabled=true enabledDesc:"CU_d24p"
D/StatusBar.NetworkController( 1183): refreshSignalCluster - setNWBoosterIndicators(false)
D/StatusBar.NetworkController( 1183): applyCHN
D/StatusBar.NetworkController( 1183): refreshSignalCluster - setNWBoosterIndicators(false)
D/StatusBar.NetworkController( 1183): applyCHN
D/StatusBar.NetworkController( 1183): refreshSignalCluster - setNWBoosterIndicators(false)
D/StatusBar.NetworkController( 1183): applyCHN
D/StatusBar.NetworkController( 1183): refreshSignalCluster - setNWBoosterIndicators(false)
D/StatusBar.NetworkController( 1183): applyCHN
D/StatusBar.NetworkController( 1183): refreshViews connected={ wifi } level=4 combinedSignalIconId=0x7f020553/com.android.systemui:drawable/stat_sys_wifi_signal_3 mobileLabel= wifiLabel="CU_d24p"xxxxXXXXxxxxXXXX emergencyOnly=true combinedLabel="CU_d24p"xxxxXXXXxxxxXXXX mAirplaneMode=false mDataActivity=0 mPhoneSignalIconId=0x7f0204e9/com.android.systemui:drawable/stat_sys_signal_4 mQSPhoneSignalIconId=0x7f020148/com.android.systemui:drawable/ic_qs_signal_4 mDataDirectionIconId=0x0/(null) mDataSignalIconId=0x7f0204e9/com.android.systemui:drawable/stat_sys_signal_4 mDataTypeIconId=0x0/(null) mQSDataTypeIconId=0x0/(null) mNoSimIconId=0x0/(null) mWifiIconId=0x7f020553/com.android.systemui:drawable/stat_sys_wifi_signal_3 mQSWifiIconId=0x7f02015d/com.android.systemui:drawable/ic_qs_wifi_3 mWifiActivityIconId=0x7f020527/com.android.systemui:drawable/stat_sys_signal_inout mBluetoothTetherIconId=0x10808f1/android:drawable/stat_sys_tether_bluetooth
D/STATUSBAR-WifiQuickSettingButton( 1183): onWifiSignalChanged enabled=true enabledDesc:"CU_d24p"
D/StatusBar.NetworkController( 1183): refreshSignalCluster - setNWBoosterIndicators(false)
D/StatusBar.NetworkController( 1183): applyCHN
D/StatusBar.NetworkController( 1183): refreshSignalCluster - setNWBoosterIndicators(false)
D/StatusBar.NetworkController( 1183): applyCHN
D/StatusBar.NetworkController( 1183): refreshSignalCluster - setNWBoosterIndicators(false)
D/StatusBar.NetworkController( 1183): applyCHN
D/StatusBar.NetworkController( 1183): refreshSignalCluster - setNWBoosterIndicators(false)
D/StatusBar.NetworkController( 1183): applyCHN
E/SMD     (  291): DCD ON
D/StatusBar.NetworkController( 1183): refreshViews connected={ wifi } level=4 combinedSignalIconId=0x7f020553/com.android.systemui:drawable/stat_sys_wifi_signal_3 mobileLabel= wifiLabel="CU_d24p"xxxxXXXXxxxxXXXX emergencyOnly=true combinedLabel="CU_d24p"xxxxXXXXxxxxXXXX mAirplaneMode=false mDataActivity=0 mPhoneSignalIconId=0x7f0204e9/com.android.systemui:drawable/stat_sys_signal_4 mQSPhoneSignalIconId=0x7f020148/com.android.systemui:drawable/ic_qs_signal_4 mDataDirectionIconId=0x0/(null) mDataSignalIconId=0x7f0204e9/com.android.systemui:drawable/stat_sys_signal_4 mDataTypeIconId=0x0/(null) mQSDataTypeIconId=0x0/(null) mNoSimIconId=0x0/(null) mWifiIconId=0x7f020553/com.android.systemui:drawable/stat_sys_wifi_signal_3 mQSWifiIconId=0x7f02015d/com.android.systemui:drawable/ic_qs_wifi_3 mWifiActivityIconId=0x7f020525/com.android.systemui:drawable/stat_sys_signal_in mBluetoothTetherIconId=0x10808f1/android:drawable/stat_sys_tether_bluetooth
D/STATUSBAR-WifiQuickSettingButton( 1183): onWifiSignalChanged enabled=true enabledDesc:"CU_d24p"
D/StatusBar.NetworkController( 1183): refreshSignalCluster - setNWBoosterIndicators(false)
D/StatusBar.NetworkController( 1183): applyCHN
D/StatusBar.NetworkController( 1183): refreshSignalCluster - setNWBoosterIndicators(false)
D/StatusBar.NetworkController( 1183): applyCHN
D/StatusBar.NetworkController( 1183): refreshSignalCluster - setNWBoosterIndicators(false)
D/StatusBar.NetworkController( 1183): applyCHN
D/StatusBar.NetworkController( 1183): refreshSignalCluster - setNWBoosterIndicators(false)
D/StatusBar.NetworkController( 1183): applyCHN
D/SSRM:n  (  915): SIOP:: AP = 280, PST = 287, CUR = 450
D/StatusBar.NetworkController( 1183): refreshViews connected={ wifi } level=4 combinedSignalIconId=0x7f020553/com.android.systemui:drawable/stat_sys_wifi_signal_3 mobileLabel= wifiLabel="CU_d24p"xxxxXXXXxxxxXXXX emergencyOnly=true combinedLabel="CU_d24p"xxxxXXXXxxxxXXXX mAirplaneMode=false mDataActivity=0 mPhoneSignalIconId=0x7f0204e9/com.android.systemui:drawable/stat_sys_signal_4 mQSPhoneSignalIconId=0x7f020148/com.android.systemui:drawable/ic_qs_signal_4 mDataDirectionIconId=0x0/(null) mDataSignalIconId=0x7f0204e9/com.android.systemui:drawable/stat_sys_signal_4 mDataTypeIconId=0x0/(null) mQSDataTypeIconId=0x0/(null) mNoSimIconId=0x0/(null) mWifiIconId=0x7f020553/com.android.systemui:drawable/stat_sys_wifi_signal_3 mQSWifiIconId=0x7f02015d/com.android.systemui:drawable/ic_qs_wifi_3 mWifiActivityIconId=0x7f020529/com.android.systemui:drawable/stat_sys_signal_no_inout mBluetoothTetherIconId=0x10808f1/android:drawable/stat_sys_tether_bluetooth
D/STATUSBAR-WifiQuickSettingButton( 1183): onWifiSignalChanged enabled=true enabledDesc:"CU_d24p"
D/StatusBar.NetworkController( 1183): refreshSignalCluster - setNWBoosterIndicators(false)
D/StatusBar.NetworkController( 1183): applyCHN
D/StatusBar.NetworkController( 1183): refreshSignalCluster - setNWBoosterIndicators(false)
D/StatusBar.NetworkController( 1183): applyCHN
D/StatusBar.NetworkController( 1183): refreshSignalCluster - setNWBoosterIndicators(false)
D/StatusBar.NetworkController( 1183): applyCHN
D/StatusBar.NetworkController( 1183): refreshSignalCluster - setNWBoosterIndicators(false)
D/StatusBar.NetworkController( 1183): applyCHN
E/SMD     (  291): DCD ON
D/StatusBar.NetworkController( 1183): refreshViews connected={ wifi } level=4 combinedSignalIconId=0x7f020553/com.android.systemui:drawable/stat_sys_wifi_signal_3 mobileLabel= wifiLabel="CU_d24p"xxxxXXXXxxxxXXXX emergencyOnly=true combinedLabel="CU_d24p"xxxxXXXXxxxxXXXX mAirplaneMode=false mDataActivity=0 mPhoneSignalIconId=0x7f0204e9/com.android.systemui:drawable/stat_sys_signal_4 mQSPhoneSignalIconId=0x7f020148/com.android.systemui:drawable/ic_qs_signal_4 mDataDirectionIconId=0x0/(null) mDataSignalIconId=0x7f0204e9/com.android.systemui:drawable/stat_sys_signal_4 mDataTypeIconId=0x0/(null) mQSDataTypeIconId=0x0/(null) mNoSimIconId=0x0/(null) mWifiIconId=0x7f020553/com.android.systemui:drawable/stat_sys_wifi_signal_3 mQSWifiIconId=0x7f02015d/com.android.systemui:drawable/ic_qs_wifi_3 mWifiActivityIconId=0x7f020525/com.android.systemui:drawable/stat_sys_signal_in mBluetoothTetherIconId=0x10808f1/android:drawable/stat_sys_tether_bluetooth
D/STATUSBAR-WifiQuickSettingButton( 1183): onWifiSignalChanged enabled=true enabledDesc:"CU_d24p"
D/StatusBar.NetworkController( 1183): refreshSignalCluster - setNWBoosterIndicators(false)
D/StatusBar.NetworkController( 1183): applyCHN
D/BatteryService(  915): !@BatteryListener : batteryPropertiesChanged!
D/StatusBar.NetworkController( 1183): refreshSignalCluster - setNWBoosterIndicators(false)
D/StatusBar.NetworkController( 1183): applyCHN
D/StatusBar.NetworkController( 1183): refreshSignalCluster - setNWBoosterIndicators(false)
D/StatusBar.NetworkController( 1183): applyCHN
D/StatusBar.NetworkController( 1183): refreshSignalCluster - setNWBoosterIndicators(false)
D/StatusBar.NetworkController( 1183): applyCHN
D/StatusBar.NetworkController( 1183): refreshViews connected={ wifi } level=4 combinedSignalIconId=0x7f020553/com.android.systemui:drawable/stat_sys_wifi_signal_3 mobileLabel= wifiLabel="CU_d24p"xxxxXXXXxxxxXXXX emergencyOnly=true combinedLabel="CU_d24p"xxxxXXXXxxxxXXXX mAirplaneMode=false mDataActivity=0 mPhoneSignalIconId=0x7f0204e9/com.android.systemui:drawable/stat_sys_signal_4 mQSPhoneSignalIconId=0x7f020148/com.android.systemui:drawable/ic_qs_signal_4 mDataDirectionIconId=0x0/(null) mDataSignalIconId=0x7f0204e9/com.android.systemui:drawable/stat_sys_signal_4 mDataTypeIconId=0x0/(null) mQSDataTypeIconId=0x0/(null) mNoSimIconId=0x0/(null) mWifiIconId=0x7f020553/com.android.systemui:drawable/stat_sys_wifi_signal_3 mQSWifiIconId=0x7f02015d/com.android.systemui:drawable/ic_qs_wifi_3 mWifiActivityIconId=0x7f020529/com.android.systemui:drawable/stat_sys_signal_no_inout mBluetoothTetherIconId=0x10808f1/android:drawable/stat_sys_tether_bluetooth
D/STATUSBAR-WifiQuickSettingButton( 1183): onWifiSignalChanged enabled=true enabledDesc:"CU_d24p"
D/StatusBar.NetworkController( 1183): refreshSignalCluster - setNWBoosterIndicators(false)
D/StatusBar.NetworkController( 1183): applyCHN
D/StatusBar.NetworkController( 1183): refreshSignalCluster - setNWBoosterIndicators(false)
D/StatusBar.NetworkController( 1183): applyCHN
D/StatusBar.NetworkController( 1183): refreshSignalCluster - setNWBoosterIndicators(false)
D/StatusBar.NetworkController( 1183): applyCHN
D/StatusBar.NetworkController( 1183): refreshSignalCluster - setNWBoosterIndicators(false)
D/StatusBar.NetworkController( 1183): applyCHN
E/SMD     (  291): DCD ON
E/SMD     (  291): DCD ON
W/ActivityManager(  915): getRunningAppProcesses: caller 10217 does not hold REAL_GET_TASKS; limiting output
D/StatusBar.NetworkController( 1183): refreshViews connected={ wifi } level=4 combinedSignalIconId=0x7f020553/com.android.systemui:drawable/stat_sys_wifi_signal_3 mobileLabel= wifiLabel="CU_d24p"xxxxXXXXxxxxXXXX emergencyOnly=true combinedLabel="CU_d24p"xxxxXXXXxxxxXXXX mAirplaneMode=false mDataActivity=0 mPhoneSignalIconId=0x7f0204e9/com.android.systemui:drawable/stat_sys_signal_4 mQSPhoneSignalIconId=0x7f020148/com.android.systemui:drawable/ic_qs_signal_4 mDataDirectionIconId=0x0/(null) mDataSignalIconId=0x7f0204e9/com.android.systemui:drawable/stat_sys_signal_4 mDataTypeIconId=0x0/(null) mQSDataTypeIconId=0x0/(null) mNoSimIconId=0x0/(null) mWifiIconId=0x7f020553/com.android.systemui:drawable/stat_sys_wifi_signal_3 mQSWifiIconId=0x7f02015d/com.android.systemui:drawable/ic_qs_wifi_3 mWifiActivityIconId=0x7f020525/com.android.systemui:drawable/stat_sys_signal_in mBluetoothTetherIconId=0x10808f1/android:drawable/stat_sys_tether_bluetooth
D/STATUSBAR-WifiQuickSettingButton( 1183): onWifiSignalChanged enabled=true enabledDesc:"CU_d24p"
D/StatusBar.NetworkController( 1183): refreshSignalCluster - setNWBoosterIndicators(false)
D/StatusBar.NetworkController( 1183): applyCHN
D/StatusBar.NetworkController( 1183): refreshSignalCluster - setNWBoosterIndicators(false)
D/StatusBar.NetworkController( 1183): applyCHN
D/StatusBar.NetworkController( 1183): refreshSignalCluster - setNWBoosterIndicators(false)
D/StatusBar.NetworkController( 1183): applyCHN
D/StatusBar.NetworkController( 1183): refreshSignalCluster - setNWBoosterIndicators(false)
D/StatusBar.NetworkController( 1183): applyCHN
D/StatusBar.NetworkController( 1183): refreshViews connected={ wifi } level=4 combinedSignalIconId=0x7f020553/com.android.systemui:drawable/stat_sys_wifi_signal_3 mobileLabel= wifiLabel="CU_d24p"xxxxXXXXxxxxXXXX emergencyOnly=true combinedLabel="CU_d24p"xxxxXXXXxxxxXXXX mAirplaneMode=false mDataActivity=0 mPhoneSignalIconId=0x7f0204e9/com.android.systemui:drawable/stat_sys_signal_4 mQSPhoneSignalIconId=0x7f020148/com.android.systemui:drawable/ic_qs_signal_4 mDataDirectionIconId=0x0/(null) mDataSignalIconId=0x7f0204e9/com.android.systemui:drawable/stat_sys_signal_4 mDataTypeIconId=0x0/(null) mQSDataTypeIconId=0x0/(null) mNoSimIconId=0x0/(null) mWifiIconId=0x7f020553/com.android.systemui:drawable/stat_sys_wifi_signal_3 mQSWifiIconId=0x7f02015d/com.android.systemui:drawable/ic_qs_wifi_3 mWifiActivityIconId=0x7f020529/com.android.systemui:drawable/stat_sys_signal_no_inout mBluetoothTetherIconId=0x10808f1/android:drawable/stat_sys_tether_bluetooth
D/STATUSBAR-WifiQuickSettingButton( 1183): onWifiSignalChanged enabled=true enabledDesc:"CU_d24p"
D/StatusBar.NetworkController( 1183): refreshSignalCluster - setNWBoosterIndicators(false)
D/StatusBar.NetworkController( 1183): applyCHN
D/StatusBar.NetworkController( 1183): refreshSignalCluster - setNWBoosterIndicators(false)
D/StatusBar.NetworkController( 1183): applyCHN
D/StatusBar.NetworkController( 1183): refreshSignalCluster - setNWBoosterIndicators(false)
D/StatusBar.NetworkController( 1183): applyCHN
D/StatusBar.NetworkController( 1183): refreshSignalCluster - setNWBoosterIndicators(false)
D/StatusBar.NetworkController( 1183): applyCHN
D/SSRM:n  (  915): SIOP:: AP = 280, PST = 282, CUR = 450
E/SMD     (  291): DCD ON
D/ConnectivityService(  915): returning getActiveNetworkInfo :[type: WIFI[] - WIFI, state: CONNECTED/CONNECTED, reason: (unspecified), extra: "CU_d24p", roaming: false, failover: false, isAvailable: true, isConnectedToProvisioningNetwork: false]
D/ConnectivityService(  915): returning getNetworkInfo(networkType - 1) :[type: WIFI[] - WIFI, state: CONNECTED/CONNECTED, reason: (unspecified), extra: "CU_d24p", roaming: false, failover: false, isAvailable: true, isConnectedToProvisioningNetwork: false]
D/BatteryService(  915): !@BatteryListener : batteryPropertiesChanged!
D/BatteryService(  915): level:100, scale:100, status:5, health:2, present:true, voltage: 4340, temperature: 244, technology: Li-ion, AC powered:false, USB powered:true, Wireless powered:false, icon:17303724, invalid charger:0
D/BatteryService(  915): online:4, current avg:450, charge type:1, power sharing:false, high voltage charger:false, capacity:280000, current_now:450
D/BatteryService(  915): Sending ACTION_BATTERY_CHANGED.
D/KeyguardUpdateMonitor( 1183): received broadcast android.intent.action.BATTERY_CHANGED
D/KeyguardUpdateMonitor( 1183): handleBatteryUpdate
I/MotionRecognitionService(  915): Plugged
I/MotionRecognitionService(  915): setPowerConnected  = true
D/STATUSBAR-PhoneStatusBar( 1183):  mBrightnessEnablebySettings = true mBrightnessEnablebyBattery = true mBrightnessEnablebyDisableFlag = true mPmsBrightnessEnablebySettings = true
V/HeadsetService( 3045): HeadsetService - Received Intent.ACTION_BATTERY_CHANGED
D/HeadsetStateMachine( 3045): Disconnected process message: 10
D/BatteryMeterView( 1183): ACTION_BATTERY_CHANGED : level:100 status:5 health:2
D/BatteryMeterView( 1183): ACTION_BATTERY_CHANGED : level:100 status:5 health:2
D/BatteryMeterView( 1183): ACTION_BATTERY_CHANGED : level:100 status:5 health:2
D/StatusBar.NetworkController( 1183): onSignalStrengthsChanged signalStrength=SignalStrength: 19 99 -120 -160 -120 -1 -1 99 2147483647 2147483647 2147483647 -1 2147483647 0x4 gsm|lte level=4
D/StatusBar.NetworkController( 1183): updateTelephonySignalStrength: hasService=true ss=SignalStrength: 19 99 -120 -160 -120 -1 -1 99 2147483647 2147483647 2147483647 -1 2147483647 0x4 gsm|lte
D/StatusBar.NetworkController( 1183): updateTelephonySignalStrength: iconLevel=4
D/StatusBar.NetworkController( 1183): updateTelephonySignalStrength, No signal level. mPhoneSignalIconId = com.android.systemui:drawable/stat_sys_signal_4 mDataSignalIconId = com.android.systemui:drawable/stat_sys_signal_4 mQSPhoneSignalIconId = com.android.systemui:drawable/ic_qs_signal_4 mContentDescriptionPhoneSignal = 
D/StatusBar.NetworkController( 1183): refreshViews connected={ wifi } level=4 combinedSignalIconId=0x7f020553/com.android.systemui:drawable/stat_sys_wifi_signal_3 mobileLabel= wifiLabel="CU_d24p"xxxxXXXXxxxxXXXX emergencyOnly=true combinedLabel="CU_d24p"xxxxXXXXxxxxXXXX mAirplaneMode=false mDataActivity=0 mPhoneSignalIconId=0x7f0204e9/com.android.systemui:drawable/stat_sys_signal_4 mQSPhoneSignalIconId=0x7f020148/com.android.systemui:drawable/ic_qs_signal_4 mDataDirectionIconId=0x0/(null) mDataSignalIconId=0x7f0204e9/com.android.systemui:drawable/stat_sys_signal_4 mDataTypeIconId=0x0/(null) mQSDataTypeIconId=0x0/(null) mNoSimIconId=0x0/(null) mWifiIconId=0x7f020553/com.android.systemui:drawable/stat_sys_wifi_signal_3 mQSWifiIconId=0x7f02015d/com.android.systemui:drawable/ic_qs_wifi_3 mWifiActivityIconId=0x7f020529/com.android.systemui:drawable/stat_sys_signal_no_inout mBluetoothTetherIconId=0x10808f1/android:drawable/stat_sys_tether_bluetooth
D/STATUSBAR-WifiQuickSettingButton( 1183): onWifiSignalChanged enabled=true enabledDesc:"CU_d24p"
D/cell strength( 1386): ===== cell singal strength changed : 19
E/SMD     (  291): DCD ON
E/SMD     (  291): DCD ON
E/SMD     (  291): DCD ON
D/SSRM:n  (  915): SIOP:: AP = 270, PST = 280, CUR = 450
E/Watchdog(  915): !@Sync 68
E/SMD     (  291): DCD ON
E/SMD     (  291): DCD ON
D/StatusBar.NetworkController( 1183): refreshViews connected={ wifi } level=4 combinedSignalIconId=0x7f020553/com.android.systemui:drawable/stat_sys_wifi_signal_3 mobileLabel= wifiLabel="CU_d24p"xxxxXXXXxxxxXXXX emergencyOnly=true combinedLabel="CU_d24p"xxxxXXXXxxxxXXXX mAirplaneMode=false mDataActivity=0 mPhoneSignalIconId=0x7f0204e9/com.android.systemui:drawable/stat_sys_signal_4 mQSPhoneSignalIconId=0x7f020148/com.android.systemui:drawable/ic_qs_signal_4 mDataDirectionIconId=0x0/(null) mDataSignalIconId=0x7f0204e9/com.android.systemui:drawable/stat_sys_signal_4 mDataTypeIconId=0x0/(null) mQSDataTypeIconId=0x0/(null) mNoSimIconId=0x0/(null) mWifiIconId=0x7f020553/com.android.systemui:drawable/stat_sys_wifi_signal_3 mQSWifiIconId=0x7f02015d/com.android.systemui:drawable/ic_qs_wifi_3 mWifiActivityIconId=0x7f020525/com.android.systemui:drawable/stat_sys_signal_in mBluetoothTetherIconId=0x10808f1/android:drawable/stat_sys_tether_bluetooth
D/STATUSBAR-WifiQuickSettingButton( 1183): onWifiSignalChanged enabled=true enabledDesc:"CU_d24p"
D/StatusBar.NetworkController( 1183): refreshSignalCluster - setNWBoosterIndicators(false)
D/StatusBar.NetworkController( 1183): applyCHN
D/StatusBar.NetworkController( 1183): refreshSignalCluster - setNWBoosterIndicators(false)
D/StatusBar.NetworkController( 1183): applyCHN
D/StatusBar.NetworkController( 1183): refreshSignalCluster - setNWBoosterIndicators(false)
D/StatusBar.NetworkController( 1183): applyCHN
D/StatusBar.NetworkController( 1183): refreshSignalCluster - setNWBoosterIndicators(false)
D/StatusBar.NetworkController( 1183): applyCHN
V/AlarmManager(  915): waitForAlarm result :8
D/KeyguardUpdateMonitor( 1183): received broadcast android.intent.action.TIME_TICK
D/KeyguardUpdateMonitor( 1183): handleTimeUpdate
D/KeyguardEffectViewController( 1183): onReceive action : android.intent.action.TIME_TICK
I/KeyguardEffectViewController( 1183): *** don't update sliding image ***
D/DateView( 1183): regionalDateFormat = 3333/11/22 isRTLlanguage = false returnDateFormat = MMMM d, E
D/DateView( 1183): regionalDateFormat = 3333/11/22 isRTLlanguage = false returnDateFormat = MMMM d, E
D/StatusBar.NetworkController( 1183): refreshViews connected={ wifi } level=4 combinedSignalIconId=0x7f020553/com.android.systemui:drawable/stat_sys_wifi_signal_3 mobileLabel= wifiLabel="CU_d24p"xxxxXXXXxxxxXXXX emergencyOnly=true combinedLabel="CU_d24p"xxxxXXXXxxxxXXXX mAirplaneMode=false mDataActivity=0 mPhoneSignalIconId=0x7f0204e9/com.android.systemui:drawable/stat_sys_signal_4 mQSPhoneSignalIconId=0x7f020148/com.android.systemui:drawable/ic_qs_signal_4 mDataDirectionIconId=0x0/(null) mDataSignalIconId=0x7f0204e9/com.android.systemui:drawable/stat_sys_signal_4 mDataTypeIconId=0x0/(null) mQSDataTypeIconId=0x0/(null) mNoSimIconId=0x0/(null) mWifiIconId=0x7f020553/com.android.systemui:drawable/stat_sys_wifi_signal_3 mQSWifiIconId=0x7f02015d/com.android.systemui:drawable/ic_qs_wifi_3 mWifiActivityIconId=0x7f020529/com.android.systemui:drawable/stat_sys_signal_no_inout mBluetoothTetherIconId=0x10808f1/android:drawable/stat_sys_tether_bluetooth
D/STATUSBAR-WifiQuickSettingButton( 1183): onWifiSignalChanged enabled=true enabledDesc:"CU_d24p"
D/StatusBar.NetworkController( 1183): refreshSignalCluster - setNWBoosterIndicators(false)
D/StatusBar.NetworkController( 1183): applyCHN
D/StatusBar.NetworkController( 1183): refreshSignalCluster - setNWBoosterIndicators(false)
D/StatusBar.NetworkController( 1183): applyCHN
D/StatusBar.NetworkController( 1183): refreshSignalCluster - setNWBoosterIndicators(false)
D/StatusBar.NetworkController( 1183): applyCHN
D/StatusBar.NetworkController( 1183): refreshSignalCluster - setNWBoosterIndicators(false)
D/StatusBar.NetworkController( 1183): applyCHN
E/SMD     (  291): DCD ON
D/StatusBar.NetworkController( 1183): refreshViews connected={ wifi } level=4 combinedSignalIconId=0x7f020553/com.android.systemui:drawable/stat_sys_wifi_signal_3 mobileLabel= wifiLabel="CU_d24p"xxxxXXXXxxxxXXXX emergencyOnly=true combinedLabel="CU_d24p"xxxxXXXXxxxxXXXX mAirplaneMode=false mDataActivity=0 mPhoneSignalIconId=0x7f0204e9/com.android.systemui:drawable/stat_sys_signal_4 mQSPhoneSignalIconId=0x7f020148/com.android.systemui:drawable/ic_qs_signal_4 mDataDirectionIconId=0x0/(null) mDataSignalIconId=0x7f0204e9/com.android.systemui:drawable/stat_sys_signal_4 mDataTypeIconId=0x0/(null) mQSDataTypeIconId=0x0/(null) mNoSimIconId=0x0/(null) mWifiIconId=0x7f020553/com.android.systemui:drawable/stat_sys_wifi_signal_3 mQSWifiIconId=0x7f02015d/com.android.systemui:drawable/ic_qs_wifi_3 mWifiActivityIconId=0x7f020525/com.android.systemui:drawable/stat_sys_signal_in mBluetoothTetherIconId=0x10808f1/android:drawable/stat_sys_tether_bluetooth
D/STATUSBAR-WifiQuickSettingButton( 1183): onWifiSignalChanged enabled=true enabledDesc:"CU_d24p"
D/StatusBar.NetworkController( 1183): refreshSignalCluster - setNWBoosterIndicators(false)
D/StatusBar.NetworkController( 1183): applyCHN
D/StatusBar.NetworkController( 1183): refreshSignalCluster - setNWBoosterIndicators(false)
D/StatusBar.NetworkController( 1183): applyCHN
D/StatusBar.NetworkController( 1183): refreshSignalCluster - setNWBoosterIndicators(false)
D/StatusBar.NetworkController( 1183): applyCHN
D/StatusBar.NetworkController( 1183): refreshSignalCluster - setNWBoosterIndicators(false)
D/StatusBar.NetworkController( 1183): applyCHN
D/SSRM:n  (  915): SIOP:: AP = 270, PST = 278, CUR = 450
D/StatusBar.NetworkController( 1183): refreshViews connected={ wifi } level=4 combinedSignalIconId=0x7f020553/com.android.systemui:drawable/stat_sys_wifi_signal_3 mobileLabel= wifiLabel="CU_d24p"xxxxXXXXxxxxXXXX emergencyOnly=true combinedLabel="CU_d24p"xxxxXXXXxxxxXXXX mAirplaneMode=false mDataActivity=0 mPhoneSignalIconId=0x7f0204e9/com.android.systemui:drawable/stat_sys_signal_4 mQSPhoneSignalIconId=0x7f020148/com.android.systemui:drawable/ic_qs_signal_4 mDataDirectionIconId=0x0/(null) mDataSignalIconId=0x7f0204e9/com.android.systemui:drawable/stat_sys_signal_4 mDataTypeIconId=0x0/(null) mQSDataTypeIconId=0x0/(null) mNoSimIconId=0x0/(null) mWifiIconId=0x7f020553/com.android.systemui:drawable/stat_sys_wifi_signal_3 mQSWifiIconId=0x7f02015d/com.android.systemui:drawable/ic_qs_wifi_3 mWifiActivityIconId=0x7f020529/com.android.systemui:drawable/stat_sys_signal_no_inout mBluetoothTetherIconId=0x10808f1/android:drawable/stat_sys_tether_bluetooth
D/STATUSBAR-WifiQuickSettingButton( 1183): onWifiSignalChanged enabled=true enabledDesc:"CU_d24p"
D/StatusBar.NetworkController( 1183): refreshSignalCluster - setNWBoosterIndicators(false)
D/StatusBar.NetworkController( 1183): applyCHN
D/StatusBar.NetworkController( 1183): refreshSignalCluster - setNWBoosterIndicators(false)
D/StatusBar.NetworkController( 1183): applyCHN
D/StatusBar.NetworkController( 1183): refreshSignalCluster - setNWBoosterIndicators(false)
D/StatusBar.NetworkController( 1183): applyCHN
D/StatusBar.NetworkController( 1183): refreshSignalCluster - setNWBoosterIndicators(false)
D/StatusBar.NetworkController( 1183): applyCHN
V/AlarmManager(  915): waitForAlarm result :4
D/BatteryService(  915): !@BatteryListener : batteryPropertiesChanged!
D/BatteryService(  915): level:100, scale:100, status:5, health:2, present:true, voltage: 4338, temperature: 244, technology: Li-ion, AC powered:false, USB powered:true, Wireless powered:false, icon:17303724, invalid charger:0
D/BatteryService(  915): online:4, current avg:450, charge type:1, power sharing:false, high voltage charger:false, capacity:280000, current_now:450
D/BatteryService(  915): Sending ACTION_BATTERY_CHANGED.
D/KeyguardUpdateMonitor( 1183): received broadcast android.intent.action.BATTERY_CHANGED
D/KeyguardUpdateMonitor( 1183): handleBatteryUpdate
I/MotionRecognitionService(  915): Plugged
I/MotionRecognitionService(  915): setPowerConnected  = true
D/STATUSBAR-PhoneStatusBar( 1183):  mBrightnessEnablebySettings = true mBrightnessEnablebyBattery = true mBrightnessEnablebyDisableFlag = true mPmsBrightnessEnablebySettings = true
D/BatteryMeterView( 1183): ACTION_BATTERY_CHANGED : level:100 status:5 health:2
D/BatteryMeterView( 1183): ACTION_BATTERY_CHANGED : level:100 status:5 health:2
V/HeadsetService( 3045): HeadsetService - Received Intent.ACTION_BATTERY_CHANGED
D/HeadsetStateMachine( 3045): Disconnected process message: 10
D/BatteryMeterView( 1183): ACTION_BATTERY_CHANGED : level:100 status:5 health:2
E/SMD     (  291): DCD ON
E/SMD     (  291): DCD ON
